; Written by the World-Altering Editor (WAE)
; all comments have been truncated
; github.com/Rampastring/TSMapEditor
; if you wish to support the editor, subscribe at patreon.com/rampastring

[GAPLUG3]
TechLevel=10

[GADROP]
TechLevel=-1

[IonCannonSpecial]
ShowTimer=yes
RechargeTime=6

[MultiSpecial]
ShowTimer=yes
RechargeTime=8

[HuntSeekSpecial]
RechargeTime=8
ShowTimer=yes

[ChemicalSpecial]
ShowTimer=yes
RechargeTime=9

[DropPodSpecial]
RechargeTime=5
ShowTimer=yes

[General]
TeamDelays=500,900,1200
AIHateDelays=5400,4500,4050
VeteranRatio=2.5
MultipleFactory=.8
IonLightningDamage=350
MinProductionSpeed=.3
IonLightningFrequency=5
IonLightningRandomness=350
FillEarliestTeamProbability=100,80,60

[HVR]
Owner=GDI
Prerequisite=FACTORY,GARADR

[INBLULMP]
LightRedTint=0.01
LightBlueTint=0.7
LightGreenTint=0,01
LightIntensity=0.01
LightVisibility=2500

[INGRNLMP]
LightRedTint=0.01
LightBlueTint=0.01
LightGreenTint=0.7
LightIntensity=0.01
LightVisibility=2000

[NASTLH]
TechLevel=-1
AIBuildThis=no

[REDLAMP]
TechLevel=-1

[YELWLAMP]
Name=Светло-зелёный Фонарь;Lightgreen Light Post
Owner=GDI,Nod
LightRedTint=0.1
LightBlueTint=0.4
LightGreenTint=0.7
LightIntensity=0.01
LightVisibility=3000

[Preview]
Size=0,0,130,60

[PreviewPack]
1=8REAIAptVz1tVz1vWT5vWT5tIPUsAANIQTc+OjQgPHwERC8gOXwBA3FdREc/MyAPfwFCPT
2=VUEkgAQAdIAEABSABAAUgAQAFIAEABSABAAUgAQAFIAEABSABAAUgAQAFIAEABSABAAUgA
3=QAFLAHBaP78RVkk5UAJIAFACSABAAUgAQAFIAEABSABAAUgAAANPQjFLQzg/PDc6NzFjZG
4=hXYG9pYFRcAkAESABDAVRJL0ABSABMAUgAQAFIAEABSAAGX1E+LSwoNzIrTAFQAkgAQAFI
5=AEABSABAAUgAQAFIAEABSABAAUgAQAFIAEABSABAAUgAQAFIAEABSABAAUgAQAFIAEABSA
6=BAAUgAQAFIAEABSABAAVsccF5GWC4nLABbAUxFOUgAQB+sBEgDQAFIAEABSABAAUgAQAFI
7=AEABSABAAUgAQAEgKiwGQBMDdGBGb11ESwBLRDlLAEQ/NEgSQA1IAEwNSABAAUgAQAFIAE
8=ABD0pCNisqJ0ZBOmBaVkxWZldidGoAYG8qLAYDZV1UbVlArDEDTEIrWUwxTAdAAQlIRCZi
9=UTxKQTRDPTRICVACSABAAUgAQAFIAEABSABAAUgAQAGoACcsAEABSAAnUAAgBiwATByvTG
10=VXRUABA1dKOUZANE8BdGFISAlQCFgBQDEDQz0zW007WAFQAkgAQAFIAEABSABAAUgAQAFI
11=AEABSABAAUgAQwFBOzFAAUgATAFIAEwcAyswDCszDEgeUAJIAFACSABAAUgDUAKsAVgBQA
12=FIAEwTJ/wFQAFYE1BESDBAMUgAQAE2LAZPKF5URkswX2NoXC9AMUgAQAFqAGBvrAFIA0AN
13=A2ZTO01FKEgSYBOME0wBXwJoWUVQCFhhTAFIAFARSABAAUgAQAFIAEABSABAAUgAQAFIAE
14=ABSABAAUgAQAFIAEABSABAAUgAQAFIAEABSABAAUgAQAFIAEwcCWlXQGxZQnBbQWVWQSdc
15=AEAuvB0JYE87W048WU09YVI/SABABEgAQAdIAEABSABAAUgAQAFIAEABSABAAUgAQAFIAE
16=ABSABDAUlAM0ABSABMAQNEQiA9OiGsAbxQrAEDUUcuV0kuvFBYBEwTWC5QX0gAQAEnnAJQ
17=REgAQENIMEAxSABAAUwxQBYDWUw7Vko5TAcGTUEybV9OVmF0XCxALkgAci9idEABSABMAQ
18=NbWllkZGi8DlwFKvwFJywAWGEJaVtJW08+U0xAT0Q2UAVIAFAFSABAAUgAQAFIAEABqAAn
19=LABAAUgAJ1AAPCwAWBxAjgNwXEN1YUdIBlAFSABAAUgAQAFMYVAdSABfHUI8MlACSABcAk
20=gAQAEz3ApcAkgAQARIAEABSABAAUgAQAFIAEMBOzYuQE94HAUzDFpMNFBILrwCrDFbAU9H
21=KEgAQBNYLlAvSABDAVhNPkgAA19QPGBSPmkAT3xxXERQAkgAWHNAMUh1QDFIDEAxrAFfPm
22=JeV0sAWmFsWy5JVGOsDVsBW2V2rAFcBUABCVBHLUVBJU1DKllMNKwTT2E2NRhIAFAUbAQH
23=W0NURzdKQDRHP2CUSAZQAkgAQAFIAEABSABAAUgAQAFIAEABKnwEJywAQAEnTwFXTDxYBF
24=AFSGBATEgwQDFYAVACSABAAUgAQwFdTzxAH0wBXB2sYVwdXAJIAFACvFasFliIQBmsAVgW
25=QARYAVwaXwJUSjBYAVwFSAAGSEA0V05BSkI3eH9Af0gArjFHLawHXCBcL7wOrBMDZVZDW0
26=49SC1QAgNgUj9dTjpIAFACRAInCABIA1wUXAInnAJYAUwBWxxgUD1cPkAxKiwYA25YP2ld
27=UFj0QBNIAEATXxFIRCYnLABwEYwTTDEnLABcYgZbUD9JRj9JQzhIBlAFSABAAUgAQgFKP3
28=T8rAFYAUABTApALnoHMwxIIUABWH9AHEgACVBGKWRTPUpEOFhKOF8vZlQ+UBdcHUAHrBlY
29=B0EBZYwfXI9AAUgDUAIwLAy8AkwNXAtpADNovWABL/wCvDInrBxANHgEnAVAE7wITJQGSE
30=QmblxGXEw4WC5AE6xDWBNULaxATCtAMUgAUAJMBF8CY1M/QBNcFFwFSABcAlgBA2dTO1VJ
31=OU8lW0w5J9wHSJMn/wtXSjpQDkgAXxptWkJBARQvAAADVkkxTUUpSANMBKwTrAEGV00/Ky
32=gkNTAoUGJIA1ACBk1DNEA6MUI5LUwBSABQAkgAJ7wPvDhYHFAvSABABEgAQARLAEZANkgA
33=SI1MMVAXSABcF18aZVZDJ4wAQAFYwUAcTB9QHUhLQGFMB1wCSABAAUgAKjwFYCv8L1AOrA
34=RcF0wBBkU7L0Q9NEE6MUzlKlwArwFkUz9MFljBUJIDUUY2W006WyhYSzpMQ1xBrBNMK1AF
35=SABQDkgVQDFIFUAWSBJAE1jBXPVMK1ACCW1cR19SQl1MOFZLOyfcB0DEWGFDkWteTleWVU
36=k4UAVICUAKSABAAS0QBlACpAJIA00TSCO8JEwBXAJIikB8S5NVUEasAQNIRDtcTz9IA0gA
37=rASgASp8Ci38BUMEY1RASEVIMCcvAF5PPEBPrBlcCEABSBtAHCrsA0geXAVIAEAESABAAU
38=gAQAFcLFwvWKlgAVpbMAwnzwJkUzusBANKQTRYTDxYGUATSBhMN0gzQBNMfEAESABcCEgA
39=QAcGZVVAXEw3YlA5QCW8REiKTBOsYUgSXHdYAbynJ4wGXNdAFgNlUz1fTjlbRmNSPUAcAA
40=lmVUFFPjRUTEBKQzhEPTNPRjpjXFRyYEdwW0FINkw0J5wFoQG+gACsAS0UAEyvUBRIAFAU
41=SBgqnBFMFrwCSANAAUgAQAFIAEwcWCJiYTMMJ7wATB9ABEgAQARIAEABSABAAUgAXLBIG0
42=BPWxNlVkG8HVB9QAEnjABAAUgAUAVIAEABSABAAUgATA1IDECOTAFAK7wCWDFAAUgAUAJI
43=AARNQTJaT0FII9w3YBP8ZUAESABABEsAZlM7WBlQMgljUz5NQTFCNyhqV0FYpkAESABABK
44=xAJ5wCTHO870kDZVCnCE06XU89VUs+YVVGv2hVRzVQwglmWUdORztVTkJHQjha90Q/Iuwt
45=QApYB0BMTDottAUwOABcCypQAEwHSABQAkwcJywDWB9QAqgASANMGWgDQFJIAFAdSABAAU
46=gAQAFKADMMWBxQBbxoXAVMAUgAQAGNfD5YfEABWBNQAiecAkwBSABMBEgAQAFIAEABSABA
47=AUgAQAFcESf8BVgBTBBYAVxcTBMJS0AxMjIwRkE6Pjo0XDUqbAKsBLwRWCVAXlxNCWhWQF
48=ZKOldINFRFMVyGWFVAW0wKQA1IAEABSABAYVhDXAJcpFxfJ1wACWVUPlpKNmBRPGlYQkBh
49=S29YSjlfrVpTSFgEQC5IMEA3rAFfCFlMO6wBSJMqnAU/LABMByeMD0wfcBopbAW8EUwZUI
50=NoA1AvSABABEgAQAGcYkgDQAdd9UgmPCBMCkxhJ1wDQTFlSktOPVgWUBQCSkAyT0IiLDlQ
51=C0gAUAVIAEABSABAAUgAQAFIAEABSABAAUgAQAFMEEMrTUIzQ4IrKidQAkgAXAJID2ATnB
52=FbNGRTPayOTKMJXE47Z1U/YVE9X1E/Q14AyACoAEAHSABMB0gAQAFIAEABvGKsAVgBQAFI
53=AEABSABA2axhXDtclawZXHpIALxKQAFQBUgAUAVcTVh/KuwkPwgGQASsB1gHXE1Y91D4WY
54=5InCmoA1QAiQMoXCwnvANMBEBPSANAB0gAQAesAUziQBZYr1BBXBoCVEk5SkRwR1hhUDJY
55=KFxTDEA8M0Q/N1tQP09KQVlLOEAHSABQCEgAQAFIAEABSABAAUgAQAFIAEABWApM60wBBk
56=9DNFBENEI6L0wBX0dUSjxQs0wxTBav00lDOEShvgVnVEk/OrAvXAVAAUgJQAFIAEABSABA
57=AUgAQAFIAEABSABAAUgAQAFIAEABvCxcR1BoSNtQv1gQQBlIA0MERkA0XK28AkBtUAVIY0
58=IBVmEiHzdbZXZA91gEXCw8CABMBEAKSABAAUgAQAFIAEABXClAAUgATAFIADb8BUAESABA
59=BEgAQAFIAEABSABcd0gAQyJHQTdAMb9TW0w5IYAhAl5URk5FImwsBklGP0tDN0tAMFwFQA
60=dIAEABSABAAUgAQAFIAEABSABAAUgAQApIAEwKTIIDUEU1TkpBULNL5EQ9MawfTBZAIlgi
61=QOtYJVwmrAdQLyoIAFACSABACkgAQAFIAEABSABAAUgAQAFIAEABAmZaOVBzbBNACgNNcS
62=5LbipYCifMEUwETC5IA1MCb11EQMRIAECUSwBORjoh+CRDMVdidFAvSAlQBUABLQgAnfa+
63=sAKsBFgEQAFIAEMBVEkvJEw0uAEt7BUn3BxUA0gAXAVIAEABSABAAUgATX9l/I9QJrwvXI
64=MGRDwwNjIsOjcxXLlQBQVhW1FHQjtJQSAHzDhIBlALSABPCkxGOyEAJkrkSkPc40wfQCIn
65=jABAAViIXLxMWCr8BScsAF8IPzs0vSxJKQxEXAJMB0gAQAFIAAw0jSJOaS4zfR06nSkweh
66=xYLkCOWApMHCSsK1wOTAFbynBcQ0wBDHRjTVJGNklANG1aQUxWZkgAQDEkHDe0LTkUAFAO
67=SABQDlwvTC5IjUCsTKBQAkgAXAJYlFC/SABAf02RSJyVXAJIAEAESABAAUgAQAFIAEABSA
68=Bigkw8TNlcXwlLQDJFPDE5NC0/PDdABEgAQARLADUyLCcsAEABSABQAkgAQAFIAEABSABA
69=AUgAQAFIAEABSABAAUAxJ3wWXCxMzbwjTAFABKwBTCVMAUgAXAUn8AWgAVACWBMOSD4wQT
70=w1UXUyOZQmYGU4OjMiMDVIA1wFSABAAUgAQAFIAFwvJywATA0nLABAMbwvWGFQAkgAUAVI
71=AAxCOSwqKCY3NC5aYWxJVGMz5AVQBUgAUAVIAEABSABAAUgAUL96jjMMSDBQAqgAXAInIA
72=BMASf8F0wBKlwANiwACFFGNy0sKUI+NkVAK/8XREA5SKtMxCAGHAEqfAFQLFuCVko5IRgp
73=TM1IA1AISABMYUgDTFVMMUAEWCVAAVwCpC8nFAAnvAAnnF8LV3w1QUosNm8gNVEgODUiYE
74=QnjABAAUgAUwhoWT1QCydMAVACSGBUz0DxTAFIAEwESABDAUtAMULfKiki4EIDYl9gZWNj
75=SMNAMQNjZGhoZF+sBCosAEgGUAJIAEABSGBQ70gALZwLIAM/I3BaPyHsTlywXAhIAEAKSA
76=BAASQ/IzAuK0wBSABQAksASEI5IRsjSkQ4WLtRAlsjTC5cAkwBSABAAUgAQAFIAEABSABA
77=AaAorAFYAUABSABBIlgjLE5ILVCPS2NfUDwhDCBcAqwEWDFAAawHKhQATAdcAkgAQwFKQT
78=QhnCCvAS9qH1+PvrR4SwBrWj5QAkgATARIAEABSDBACl9rWk49SM9QHUwBQGFIA0AESABA
79=AUgAQAFLADIyML/CX2NoXC8kDFxMAUCUA2RkaF5dW1uUV2BvJ+weJ/wLXIxgYSO8JycsEr
80=kKTUzNJrhzRAJIAEANSABAAUgAQAFIQlAUWB9AIlgBUAJIAEABSAAJTkIzTEI1Rz8yOTUv
81=XF8nXQBYJtxPTARQAkgAQAFIAEABSABAAUgAQAFIAEABSABYKCcsAANsWEFORTdXElhOP0
82=AxWGFAIkgAXYNlnNFYMVwyJ7wATAe84EABKggAQARIAFALWC42CABABEgATARIAFxrWG1Q
83=j1xfQAEnXABAAUgAQARIACfvD05FOEwuW5FbWllMLkwBJ8wFUAUk3E9cAkwBSABDB01FKC
84=f8BUwxUe9IKXxDrwRTTEBXHkpCNSEzXFdKOiH8KUzuA0dBN1ZJN0BzWx9dTjpIRVBESBVM
85=hVgKQAdIAEABSABAAUgAQAFIAEABSABAAUgAJyAMTAFQAkgAQAFIAEABSABAAUgALdwEWB
86=xAWA9BOi9mWEZsW0ViUj1iVURWSTldEVcjPDVAnagGLewAsAItFABMBDb8BVwCJwwCQAFI
87=AFAFSABAAUgAQAFIAEABSABAAUgAQAEo7g9fTiR8SSqcBUhgTAQCR0A2PDci3CVMAUgAQA
88=dIAEABSABAAXruMAy88ggrMwxtVz1tVz1tVxEAAB4SACAGPW9ZPm1XPW1XYAEADFNMQCso
89=JDUwKEc/NElDOEZANnFdREc/M2FSP3VhR6wBXAUBQz0zbZwFTAFAAUgAQAFIAEABSABAAU
90=gAAldMPGBQbApMAVACSABAAUgAQAEnaABMAUgAUwIAyAAnCABbAS0sKbwCA1hLOlZJOVgQ
91=A0dBN1dKOVACJ5gAIAMgAF8FvrR4JwsApaB4qAAnRABAAUwESABQDkgAA1RJOVZLO1AdTA
92=FTAmdTO0AQrAFYAUABSAAGUEMySj8xPTgwTAEJYl5XZGRoXl1ba15OQAQGRkE6UEY4S0Ay
93=KowAXAJbJTw3L1wFTAFIAEMBVkkxQAFIAE8BZFM/QAFIAEwBSABAAQlMQitZTDFKQDRSRj
94=esEAlsWUJlVkFdTzxfUDxMAUMKWE0+SwBbTTtcBUgAQAdIAEABSABAAUgAowFVSTmsAbgB
95=TwH/AACoAFw7UAJIAFACSABAASdLBU1CM0gYAklAM0g/YD1IA0AEXAUGSkQ5TEY7Xk88WA
96=FQArwFTAGgATAUACqMAEgtqACoMCcUALACVABcCFwFSABAAUgACW1cR2NSPUhANWRTPVAy
97=KF4AVz0nLAAFT0M0UEQ0QjrMKwNEQDlSSDtIV0AESABQCEgAAAZOQzRUSjxOQzU/OTFQSD
98=tUSjBgUDtCPTVABEgAQARIAEABqACsAQ9mUztNRSgrMwxIRCZpWkVXTT9MH0wQBmZUPmVW
99=Q1tOPScgAEgwUDJLY3BcQ6wHXAhAAUgAJyAATAFAXic4ALAvKhQAJzwFrAQtGAVQTVscQT
100=sxXAisYUBhSABQBUgAUAJIAAZNcS40jSJKbytMAVgHA2ZaOVBzMEABSACsBKABrAFILScI
101=AFQwJywAQAFABEgAUAhIAEABSABDAVJGNVRIBWxYQW5cRV1PcC+8AkgDQAFIAEABSAAqnA
102=VQAkQOSABcAlApBllMNERCIFpMNFwCA1BHLUVBJUgATAG8XEgbTAFIAFAFSABAAagATwEr
103=MAxLADY1GEwHD2lXQmlaRmFSPldMPV1OO1tNOkQvW2FZTT1YK0iNXGIn4ABMB0wBVACoAE
104=wBSABMAUh7QAFIAEwBSAAnFAYwXANQFy0IAFwFcE0DOSw7Ni5YjJEnHAFAAUgAQAQDM30d
105=OZQmrAFYAVAyWwFgZThMAVACSABAAUgAQAFIAEABTC5IACcsAEABSABcAkgATHxYVQNEOi
106=07Ni1QApwdDT1nWEVNRDVPRTZEPDBrVz8nhAJcBUwESABAAUgAQAEnaAAnIABcAkAxAz06
107=IU1DKkxbQCtqADMMTAFELEgAUCwnLAZECFwFTDdcNagGTAcPSEQmbFlBaFdBWks4YFI/XU
108=46aAAFTzxlVkNjVEBTRHJgR0hUUGVYMaQIUAhIAEwBSABAAUgAQAFIAEABSAAnIACsASc4
109=ACfMAjAgACeOACooKJwFUAJIAFAISAAGaWFASnAtSnMrWC4nLwBVfjZABEgAQARIAEABSA
110=BAAUgAKvwFTAGoAFwCCWFbUW1bQ1FIPE5EN1AFAAZIQDQqKSY3NC5tWD5jUz9iU0BMQzdV
111=STpIA1AFKpwCLTgASAMnjABAAUgqT4tPRygnLABcL2AxSF01LAZACkgATCtc7wlZTDtWSj
112=lQRilpVDy4jkyRSABAMV9faVdAWARDpkpEOCegFkwHTA1IAEABSABAAUgAQAFIACcgAKwB
113=JzgAQAFIAFACUBc2CAADS0AxQDwzSt5KQnwjvAVIBkABSABAAUgAQAFIAEABSABAAUgAQA
114=FIAEABA1FoLlhkM6wBWAFAAUgAsC+0AFACSABQAkoAVEdoDEABA1JLP1dOQagSA1hKOFZK
115=OrxiSANQBbwCtQC+gACsAScUAEwESABQBUgATyhbTjxAgk6ITUUlvCFYlCouBkhEbEyoBk
116=wroC5MB0QCQDFH8mVXRUwBqABcAnBiAlBAWEw8T5RqXEhEYrQwJ4AATAQtLABEAqgAKlwA
117=QBZYAbwCTAEzCAAngwArKicnLABIBjMsAKgqtACsBA48ODFJQTQ8Ny89Ny4/OC5DPCAHLA
118=ZEfagMWHwnYAKsCrgBTAGgATAUAEAHSABABEgAVLe/VkI8MiGQI6MlYlE8QGRoMIxhYAGc
119=YlwCQAdIAEAHXFxAAUgATAFIAFwITAFIAEwBQHNYAQ9qVj5cTjpWTUFNRDhiVUNCOSxUA6
120=gATASgAVQArAFUAFwUtABAAUgATAFUA0ABqABMAUQCSAC4ATAUAEgDBS0sKUI+Nk5F3LxE
121=AkgAtC1UAEwBSABAAScIACdMAQNHQjtDPTSvYUpBNEgVrAQtvACwAlQAXAJMB0gAQAFIAD
122=AwAj9EACfsAEwlTFhQiV0IZeO4W0w5gIgBO1FHLkz0J/wFTZRIOCwMvGgCW007Z1UiKCu4
123=AQNUSTlmVkBUAANWSTdfUT5YHKgPVABIAFAOSABAAUgAQAFIAEQXrAFAATMIAKwEMGgAXA
124=IGSj8vSkM4MC4rJLwqRAKoAEQmPAgAWARTDmhZRVAvBjcyK01BMlpPQVAIXAI54ABIBi2A
125=AFgBQBO8AkABJwgAvAInOAAnIABcAlAFSABAAUgAT/1ZTT2skUBYvmJgTyhsL7ySoPEtLA
126=xAByQfJVtOPVD1WDRABEwKVMBP8UZANiSvKFZLO7scKygkXA5IAEwEVAACSkAyT0IibClP
127=AWZaOSS4IkwBJ6gCIAMgAFwFVAlMKFRgrAFYAUgAJywAPDAFJ5gAQAGkBawHrAEtFQClMh
128=A3KowArAdICUABSABAAUgAQAFIAEABSABAAVAaQAFIAEwBSABMYUgwQFiskUO4WEo5IQwj
129=QL5YvkOOcFxDTStZIxwrTGFAB6gATAdAAUiWTPotvAxcAkgAQARUwFAvrAFYAUABSABAAQ
130=xKQDRUTD9JQDRaTz9STEIngAxIA1gTNggArActdACwAkAHVGAnAAtYASdcAEwBqCSgAawo
131=pAInFABIA1wFJzgANiAArAcnFAAzmABcCANLQDJBOjFISwZORDdPRjlRST0tLABMBEgAUA
132=5IAEABBGBURGJUQlgjVDtIWi0sDANdTjpgUj5qAE87XAVckiecC0wHSABQAkgAXAJoACzt
133=GFoj3DEnjABAAUgAUAVIAEABSABAAUgAQAFblC0sKHyACHEuNJMkNJAjOp0pRGJIA0AErC
134=6sASc4AFACTAGwAkwBCUQ9NDYyLDo3MT46NCdcAEABSACsBLglJ/QEoAGwAlQATARIAFAF
135=TAEtCAC8Ai1oAFgHKpgAJ4wAQAEkeCZfEUU8MVgBQAdIAEABSABAAUgACGFUQ1pNPE5HPU
136=1CKIw/CU9HPFVNQVRNQ2BURUwxUAVIAFAFSwBgUj9IAEAxSwBXSzoheyNoVT5ckkAEqABM
137=BEBhJ4wMYDGM91xlTAEw7BJcBSfgAC0sAEwTCTJeIixfHkBbLE5pLiQ/L0pvKyGcOwMscB
138=0+YyotLglPQyJoOVAIvB0DS0M4Pzw3WAFcC1QAqAAqLAAq0AQtDAUqaAAnLABMB0gAJxwB
139=vAJYAaABJxQAKowAJy8AMjIwJywAQAFQRDAIAAAJaVtJW08+U0xAT0Q2S0AzVk1APzszXV
140=JEUEg9J/wRJ4wSXy9dUEAneCNMCkgAUxFUSS9AAUgATAFIAEwuaAACMwxNQyonfCsq3ElM
141=BFAFSABAAUgAQAFIAEABSABAAUgAQAFIAAAJTIk1RV4wUVU5UUU2PFsoNm4jQl0nO1AsP2
142=kqJ4wAowFeVkpcBUwBSABAAUgAQAFIAEABSAAnIAAtLABUJ6gDQAFIADwsAKwHrARMAVwF
143=KggAJ1wAQAFIAEAESABZW0Ijzz5ORTgw5AUnRAAnvABAAbACTAdMAUgAQAFIAAFnVT9lI/
144=BHS5NUSTkhK0xYSjghByVnWEUqnDhcBUgAXAVUAEgAQAFOLlBGJXwxWAFQAkgAQAFIAEAB
145=SABAAUgAQAFIAEABSABAAUgAQAFLAGlhQEtgM30dJA47TEsiVCBcAkAESABCAVhkfHdAAa
146=sAdF1BvAJbAYBmRCcsAEEBZyk8UwNkVEBlUz5MBFwCWhlWSdxlWAFQAkgAQCusAaABrAFc
147=AkABA0E7MkdBNqwBWAFAAUgAQAFIAEABSwBxXUS86UwBUAJIAEABSAAqzD6wLFQAXAJUAC
148=oIALwFKkQATAFQAkgAUAVIAEABSABBAUkjjFqsAVsBVEc3S4dHRD1caFACSABSAkpEZCau
149=AVtNIiA5rAFIA0ABSABAAUgAQAFIAEABSABAAUgAQAFIAEABSABAAUsAUXUyWcFgIzxHXD
150=JZkTQj2E0IbVg+g2hFdV1AeF9wL78FfGJCQAFIAEAHTAGsMbgBA0ZANmRUP1jNC1xOO1ZP
151=RVNIOWhYRUpEIrxdoARIBkABSABCAVBzYIisAVgBQAEnnFNcniJISib8U0gDQARIAEABBn
152=JgR3BbQUQ9Mk8xTEU5ISgoXAIDSj8vSEE3T9NKQjdIKicIACOtPL64AUwHSABQBbgBJxQA
153=UAJIAFwCSABAAUgAQAFIAEABSABAAUgAQAFIAEABSABTy1pTRrgBVABbEEc/MyFIWUwBBU
154=A7M1BHOkQ/N0xGTARIAFAISABAAUgAQAG/IEZ9LVDySABTAnJbQFQASANWAERx2JEGe2FC
155=i21Iim1ITDEDdV5BhmpHVANOBHRcImwyBnthQWxXPWxZRCJ4LCOoXwADSkE0ST8yWEk3Yl
156=NBa1lCYFNCZFZEXwVmWjmwO08BTnUysAhMAUMBYVtRIeI2SUHQzkATSEJQjFtbNzQuTARQ
157=tq6FeWEifEAkQzRfUDxTYkpCNiHDPkZBOidgBTAgAEgMUAhIAEABSABAAUgAWAQnLABAAU
158=gAUAJIAEABSABAAUgAQAFIAEABSABAAUgAQAFIAEABSABAAQNsWUJMRTlUlgNWSjlFPjNA
159=ggNVSThXSjpcMo0BOUBqSIFQBTNMEFwCSABcCFuRMHocrAFYAU0udogtTCtQAkgAVy2AZU
160=NcAqwxWDFQAqgAXAWgAQlnVkNQRTdJPzBsWUFbdlpMOrwCQAQDVEk6W08/ImBcBFxEV3w1
161=SnAiCFReAkmGb9xnWjpQAgxrWj5bUD9PSkFZSzgyeB1QNSRuICopItBGWCWoAEwKWDFAH0
162=xhTwFFOy8hkCACQToxXlTQU7gEMBQAWA1cBUgAQAFIAEAEJywAQAFIAFACSABAAUgAQAFI
163=AEABSABAAUgAQAFIAEABSABAAagATAFTEXVhRyFAMU4BZVZ4hUABWDEnjzA7Ni4hyDBLhE
164=dBN0gAQAGsZ1zOJxABSAZcj05eaFkiiG0nXABPLn5jQ1gBWDFYkUABSABXYH9lRECUBWBT
165=Q0hKTGRUfJJPZ4hrR0xkQJEFPzszTEAxYlIlbF9IBnwLB1c/ZVQ/XlJDXE0oXAZcAlQDSA
166=BAAUgAJyAACVdNPzk1LkQ/N1JLPyRsIFglJwgAuARYAVNiT0IxXy9FPDAhkDVEAkgAvAhA
167=ATMIAKwHTARESicsAEABSABQAkgAQAFIAEABSABAAUgAQAFIAEABSABAAUgAQAFIAEABSA
168=BAAUgAQAFIQkABSABMAUgAUHS8LE0BSCJoNgFAVEw/QDFIAEgzUC9cBSq8BkAHSABQBUgA
169=QAFLhEl+L1yATAGgLkwuUF9QLEcveWBCTGFAAQ9VTUNVT0g0PkwYKDojLzxTTUZcAkwEWJ
170=Qn7AxUhCRcTkgJSABfC2NTQVyVQMSscyS8Y1gltANABEgATAFEAkgArAFYAUABSABEAicI
171=AFACSABQAlOeS0M4rHy0A7wCrAEqFAAnXABAAbwavEoCdF1Ba1UlHHBIA0wKSABAAUgAQA
172=FIAEABSABAAUgAQAFIAEABSABAAagATAEqLAwnUwBlV0VEIFgBQwRNRjshSDsJR0I4R0A1
173=UEU1cFo/SAZAMUjJJz4sWEt8U6yCJIwkuPG8L6ArSAkGZVVBY1ZFQ0tTSFoAA0xKRzNBVS
174=M1TSY2TRcrSCY0RCk1QVwCUA5IAANIQjlZUEJU5wZQSDtjZGhoZF9Q7FwCSABcCFxBSHJA
175=cyRcRUQCuCVUA6ABVABMAUgASANIAFgBMAgAXAICTUEyVEzMTEBMMIwALUQAQAq8L7waTE
176=lQSkgAXAJIAEAKSABAH1t/fGJCbAEpnHRABEgAUAJIAEABCm1XPW9ZPm9ZPm1XPW0RAABp
177=D2gbAAtXPW9ZPmxZQmlXQGVWQ1tOPVtNO21XPVtOPGFSP0wBAAZmWUdaU0hKRDpQRzpLRD
178=llVkFlV0VHPzNQBQNjUz9CPDJYBAZWSTlKRDlYSjhICUwHSABAAUgABottSINoRXlgQkgA
179=ACFXTkQcLkkYLUoWKD0cL0dPUFEmN04UJTsZJywRIzsUKEInN00oO1VLRTpHPzRQRjgUFB
180=RcCAluWD9pXVBkZGhbZXZYAU8KSj8xQAEJZFM9SkQ4TEY7Xk88UAJLAADIACAMCABQCEgA
181=QAcMTUY7SkM4R0I4R0A1UEU1UwhxXURAHEgDTAGsBEwBQAFIAEABA4BlQ3thQidcA1ACSA
182=BcAkgAQAFIAEABSAAEiGtHe2FBbJgrUAJIAFACSABAAUgAQAFIAEABqABMAVwvA3VhR3Bc
183=Q0wBUAIDXU88X1A8WCtEHQNGQDZXSjlEHV8vQz0zUzJEPzRMBLwvWAFQAgNjVEBVSTlYBF
184=QAAVhMPFicBQZtWD53XkBzXD9cLwAJcFo+Uk9LR0lJFSlBECI4DR4zECI5ESQ7DyE2TAEA
185=BhglKBIjOQ8hNyc0RyQyRlJIO2NkaGhkX1QwMwgAVA9fFCooJqwNQCUgAwgAVAZIAEAHSA
186=BAASfIAC2MCVgcQBxbTFlMO0gbQBxEBVwFSABAB0gAQAFIAEABTDFDAf8AAKgATAFIAFwC
187=SwB0XD8nLABAAUgAUAJIAEABSABAAUgAQAFIAEABSABAAUgAQwFsWUJAAawrTFt8XI8rW0
188=w5UGJEEUgAWGQEWE0+dGBGb4hFQBZIAEwWQGFMB0gAXAhIAEABSABAAUgAQAEMSUQ7S0Ay
189=PDcwDiE2DyI4Vi0PI1QAABA2IioXJywNKS0QISgPIioWFSY5PjguUEY3UUQzVmF0V2J0Mw
190=gGTAoJTUIzRT40KikmSkI3XAtIAFACWBMzCwC+vr5cAqwEWARAAVgZQBxYTFwCvE1cAkAu
191=SBtIAFguTAG8AlxQXAVYBEgATARMAVgrUC9YW0wBSAC8LyoUAFACSABTBXdfQEABSABMAU
192=gAQAFIAEABSABAAUgAQAFIAEABqABMAUxhWC5QLEwTTBBcAlACSABAAbwyTBNEEagAXERA
193=drwvSDAGWk8/a1pFbVpBvAVIBkABSABAASdsEUxbBldgb2lgVEpEOycsBgwiKhMnLRMoMh
194=0mLg4rMBK0MwNNRDZMQjRcjwNeXVtrXk42IAZXMEI5LEgMQA1IAEABSABAAaQUMxQAQARI
195=AEwETytbTTq8LEgeQB+sHEgwSACsAVg0XAInHAFAB0gATAdIAEABSABAAUgAQAEnCAZQj1
196=gBUAJIAEABSABAAUgAQAFMN1AyrAFYAUABSABAAUgAQAFIAEABSABAAUgAQAFIAEABSABA
197=AScMAipsDidQAANdTjpiVURYBFAFA0lANEA7M6wBCUY/NTEwK01FOkxDN0yLVLqkKVcqY1
198=xUrwRCOi9AAUgATAcGHikhHCYeJiwQTGFMlAYxOEI/OTBMQC9IA6AHMBQAQAdIAEMEPTgw
199=QAFIAEwBSAAnIAAnkAKgAVwCSABABEgAQGFILUAxvCxYT1CASLFYqVhPUE1fSkxFOawBWA
200=dAB0gAQAdIAEABSABAAUgAQAFIAEABVMNAAUgATAFIAEABSABAAUgAQAFIAEABSABAAUgA
201=QAFIAEABSABAAUgAQAGoACcsAEABSAAnUABMAVgQqABYFkABA3JgR3BbQVjWQAFYAagAXA
202=WgAb8FbV9OXIlXumVdVKAoXAKgAVQATAFciQlQQzJJQDM4NTANHzOoYFQATGRbAQ4gNV+V
203=S0M3UAU8CABca1z1XGVMOlzXR/VWSTcheCBcEUgAQA1IAKATtACwAkAZSC1QLKzZXN1A4r
204=xfVzNZTT0nmABAAUgAUAhIAEABSABAAUgAQAFIAEABSABQXK4BfGJ8uawBXAJAAUgAQAFI
205=AEABSABAASADjABYBFAFSABAAUgAQAFIAEABqBi0AEyRQAEwXABQAioLAElUYycABVAFKi
206=wAJ4wGBko/MU1CNEI9NVxfXC8nvxhIQjlYnUA9VCon4AAwIAADYFpWX2NoTMcFUUY3SkE0
207=QzxvOkZANifIJFwOSABcF0gArBNAAUgAJ8wLTNkDcFo/cF5GvEpArEgAQGFcAkAHvDJcNU
208=wBSABAB0gAQAFIAEABSABAAUgAQAFIAEABWDEqvBhQAkgAfAIBXUFrVSIIJ0wBSABQAkgA
209=QAFIAEABSABAAagAJywAQAFIACdQAEwBvBcgCRQAUCwDYl5XWmFsSMAnHAEtDwVMVmasBF
210=hYA0M8Mk5DNED3TzFGQTpIbEwiRCNMVawxLewAuAFECFwvTz1bWllTCDAuK0BbBVRKPE9G
211=OlhKcDhIilApTI5MECcUA0wBSABYAZhhXcI9UEpYDVACA2BURGJUQkwuXA5YYUAHrAFIA1
212=wFSABAAUgAQAFIAEABSABAAUgAQAFIAEABSABAAUgAQAFIAEABSABAAUgzQAFIAEwBSABA
213=AUgAQAFIAEABSABAAUgAQAFIAEABSABAAUgAQAFIAEABSABAASoIBi04ACpoAEwBqCQqFA
214=BcBbkBvoAArAG3AGtmYLMpbVlAQCiZ5T1ItFAOvOZLJGVWQVgBUwhWSjlUBrwCQAFM968H
215=Y2BjIXsvVExAIbQvA0Q9M0Q9MUgGQAdcvFwpRClMB0gAUAhIAEABSACgAUAKWARMAUgAUA
216=IJT0c8VU1BVE1DYFRFXJJQAljHrDFMAUgATARIAEABSABAAUgAQAFIAEABWO5AAUgATAFI
217=AEABSABAAUgAQAFIAEABSABAAUgAQAFIAEABAz03Ljs2LawBWAFIACcsAEABSABEAkgAQA
218=FIAEwrJwgAgCki1CcnRAAwIABIJCADCABIZkzHaopgb0gqQPdMMUHlZSPMOFgfQwFUSTlf
219=vGJRPEAivIO8AldXZVxPIW8jZ1U/SLpCLk5HIsw1vIlIirBoQF5bYVhMPCcsAycgAFwaTA
220=FIAEABSAAMS0AzVk1APzszXVJEUEg9vA5cC0AEAldMPGBQIkg7TAFIAFAFSABAAUgAQAFI
221=AEABSABAAUgAQAFIAEABSABAlCcsAEABSABQAkgACUlEO0xCK1lMMUQ6LVDjW7I9ODBcAk
222=AESABAAUgAQAFIAEABSABAAUgAQAEwqAUqRAAzjABAMbwCQAE/CABIDFAFSABAAUgAQAGo
223=7UK4VksiCD9QAksAWUw7vFxIxkCaSGlAYUxnQGRINlAmRF+8X1BcSCdMASdsEaAfUAhIAF
224=wLSABAAUgAQAEDSkI2KyonU6FnUztYygZHQTdJQzhKRDknLABMBEgAUAVIAEABSABAAUgA
225=QAFIAEABSABAAUgAQAFIAEABSABAAUgAQAFIAEABSAAGS0U6UEctRUElSwArMAxoAAIzDF
226=pMNKwxuARUAEgAUAVIAEABSABAAUgAQAFIAEABSAAq8AVAJSc4AEAESABABEgAUAKsAUAB
227=OfwFrARABEABSABAB0gAQAFIAEABSABcL7zvvMsnLwBlXVRIY1CGTy5jXFRIMANfUDxlWk
228=9EAqwBTAdABLwIWGGgAQNNRSgrMwxMAUgAQARIAEABSABAAQNFPjReVEavAUpEOFAvSABA
229=QEkAVVJxSztAcFgEQARIAEABSABAAUgAQAFIAEABSABAAUgAQAFIAEABSABAAUgAQAFIAA
230=M/OzRmUztMECr8BV8RPTohJ4wAQAFIAFAFSABAAUgAQAFIAEABSABAAQNYSzpaTj24fFxE
231=WCskaCFMUkABrIVMIlAFSABcBUgAWCs/CABQBUgAUAVIAEABSABAAUgAUJVIXVz7vO+8Al
232=gBT/FsWEFAuFjoTC6oAANZSzdkVUBIAEABRAJQYrwFXAhMMUAoQBNMAQNZTDQ2NRhAT0wB
233=QARIAEABSABAAUgAQgFKRHBurAFc+0ABSABcAkgAQAFIAEABSABAAUgAQAFIAEABSABAAU
234=gAQAFIAEABSABAAUgAQAFIAEABSGwDSD4wQTw1TBC8X1wvYAFYYYxhTASoALwFTAFAAUgA
235=QAFIAEABSABQL7+AcF5GIeAhJywAXAJIfqwcQAEz/BQzIAZMClALSABAAUgAQAFIAEABSA
236=BAAUgAQAFIAFDvSABAMU9hYl9gvAIGbVpCTkU3ZlhGQLhY6ECOA19POFdKMViRXC+4jlzI
237=UAUnCAZQL2oeMwxcUE8BSEQmQARcC0wESABAAVgHQAGtB0IpLDlIA1wCSABAAUgAQAFIAE
238=ABSABAAUgAQAFIAEABSABAAUgAQAFIAEABSABAAUgAQAFIAAZfUT4tLCg3MitYYXARnC9M
239=MSAGLAxY5UCvW990YEZETUgAWC5TAmBSPyHgPFx9QGFbtVZKOUx5UA5IAFAOSABAAUgAQA
240=GgMawBuAEnLABAAUgAUAJIAEABSABAAUgAKiwMQDFIAEwxBmteTktAMTIyMEC4W+hsW0Uh
241=aCpEhly/KlwDUCwnbB1QgFtPREIgXB0njwBNQypADUgAQA1IAEC1agMzDEwEJ4wGW+VAOz
242=O/MkY/NVAFSABQBUgAQAFIAEABSABAAUgAQAFIAEABSABAAUgAQAFIAEABSABAAUgAQwFK
243=QTQhHDpYDVBBTA1wDowxWHNABKgAWAQnIAAtLwBmVD5IAEwuXE1MTyQ8KVsBZVZDJxwWTG
244=G8Ai3sADZMASADXABQkiTsJEswW2V2JGg2WOhMK2gYjHlQGqwBvBpYKFAaXEFAu0gAX+xe
245=TzxAMSeMAEAESABMBFwUKuwAJ08KVkkxJ2wCXFZRBUiMZyAejAxER1gNXC9IAHARnC+sFr
246=wLXBEn3AE5LwB1YUeuLlZJIkw0mS47XDJBNGUjbClMZCADHAEgG48ALSwpSDBQIzAsA2gb
247=n1lIRCZIDEAZTLtc+z+8AEAHSDBAZEgzQAcGZFM7UUcuWUwxUCa8AkgDXAJIAEwKIBIsBl
248=wvKgwCrAq8L6wBJ3wBqAxUAEgATA1IAEABSABAAUgAQAFIAEABTy5lVkMnLABAAUgAXAJI
249=AEABSABAAUgAQAFIAEABSABAAUgAQAFIAEABSABAAUgAQAFIAEABSABAAUgAQAFIAEABSA
250=BAAUgAQAFIAEABSAAJRDwwNjIsOjcxSD8zTFtIACefEU1FKUBYvBqsAVi+QAdIAEAHSABQ
251=AqwBWAQ2LABABEgAUAVIAEABSABAAVwFQAFIAEwBSABAAUgAQAEgBiwGXC+8BUgGKtwBUA
252=JIAFACLXwBEQAA

[AITriggerTypesEnable]
041CFAE0-G=yes
074AC080-G=yes
074ADF20-G=yes
074B3330-G=yes
075A52F0-G=yes
075A53F0-G=yes
075A5EC0-G=yes
07CC6030-G=yes
07CC6140-G=yes
07CC6250-G=yes
07CC6360-G=yes
07CC6470-G=yes
07CC6580-G=yes
07CC66F0-G=yes
07CC6800-G=yes
07CC6AD0-G=yes
07CC6BE0-G=yes
07CC6CF0-G=yes
07CC6E00-G=yes
07CC6F10-G=yes
07CC7690-G=yes
07CC77A0-G=yes
07CC78B0-G=yes
07CC79C0-G=yes
07CC7AD0-G=yes
07CC7BE0-G=yes
07CC7CF0-G=yes
07CC7E00-G=yes
07CC7F10-G=yes
07CDB770-G=yes
07D5E8A0-G=yes
07D70470-G=yes
07D70D20-G=yes
07E30560-G=yes
07E30660-G=yes
07E57AE0-G=yes
07E8B210-G=yes
07E8B310-G=yes
07E8B410-G=yes
07E8BB50-G=yes
07E8BC50-G=yes
07E8BD50-G=yes
07E8BE50-G=yes
07E8C9B0-G=yes
07E8CAB0-G=yes
07E8CBB0-G=yes
07E8CCB0-G=yes
07EA53C0-G=yes
07EA54C0-G=yes
07ECC040-G=yes
07ECC2E0-G=yes
07ECC580-G=yes
07ECC820-G=yes
07EF8A30-G=yes
07EF8B30-G=yes
07F232E0-G=yes
07F26720-G=yes
07F3D830-G=yes
07F3EC20-G=yes
07F3EE20-G=yes
07F3EF20-G=yes
07FC4E50-G=yes
07FC5110-G=yes
07FC53B0-G=yes
07FC5650-G=yes
080AB180-G=yes
080C70E0-G=yes
080C71E0-G=yes
080CF120-G=yes
080CF220-G=yes
080D0120-G=yes
080D0220-G=yes
080D0320-G=yes
080D0420-G=yes
080D0520-G=yes
080D0620-G=yes
080D0720-G=yes
080D0820-G=yes
080D0920-G=yes
080D0A20-G=yes
080D0B20-G=yes
080D0C20-G=yes
080D1120-G=yes
080D1220-G=yes
080D1320-G=yes
080D1420-G=yes
080D1520-G=yes
080D1620-G=yes
080D1720-G=yes
080D1820-G=yes
080D1920-G=yes
080D1A20-G=yes
080D1C20-G=yes
080D1D20-G=yes
080D1E20-G=yes
080D1F20-G=yes
080D2120-G=yes
080D2220-G=yes
080D2320-G=yes
080D2420-G=yes
080D2520-G=yes
080D2620-G=yes
080D2720-G=yes
080D2820-G=yes
080D2920-G=yes
080D2C20-G=yes
080D2D20-G=yes
080D2E20-G=yes
080D2F20-G=yes
080D3520-G=yes
080D3620-G=yes
080D3720-G=yes
080D3920-G=yes
080D3A20-G=yes
080D3B20-G=yes
080D3C20-G=yes
080D3D20-G=yes
080D3E20-G=yes
080D3F20-G=yes
080D4120-G=yes
080D4220-G=yes
080D4320-G=yes
080D4420-G=yes
080D4520-G=yes
080D4620-G=yes
080D4720-G=yes
080D4820-G=yes
080D4D20-G=yes
080D4E20-G=yes
080D4F20-G=yes
080D5120-G=yes
080D5220-G=yes
080D5320-G=yes
080D5420-G=yes
080D5520-G=yes
080D5620-G=yes
080D5720-G=yes
080D5820-G=yes
080D5920-G=yes
080D5A20-G=yes
080D5B20-G=yes
080D5C20-G=yes
080D5D20-G=yes
080D5E20-G=yes
080D5F20-G=yes
080D6120-G=yes
080D6220-G=yes
080D6320-G=yes
080D6420-G=yes
080D6520-G=yes
080D6620-G=yes
080D6720-G=yes
080D6820-G=yes
080D6920-G=yes
080D6A20-G=yes
080D6B20-G=yes
080D6C20-G=yes
080D6D20-G=yes
080D6E20-G=yes
080D6F20-G=yes
080D7620-G=yes
080D7720-G=yes
080D7820-G=yes
080D7D20-G=yes
080D7E20-G=yes
080D7F20-G=yes
080D8620-G=yes
080D8920-G=yes
080D9320-G=yes
080D9420-G=yes
080D9520-G=yes
080DA220-G=yes
080DA320-G=yes
080DA820-G=yes
080DA920-G=yes
080DAE20-G=yes
080DAF20-G=yes
080DBB20-G=yes
080DBC20-G=yes
080DDBE0-G=yes
080DF140-G=yes
080E2360-G=yes
080E8920-G=yes
080E8A20-G=yes
080E8B20-G=yes
080E8C20-G=yes
080E8D20-G=yes
080E8E20-G=yes
080E8F20-G=yes
080F9470-G=yes
080FB470-G=yes
08440550-G=yes
08440650-G=yes
08440750-G=yes
08440850-G=yes
08440950-G=yes
08440AE0-G=yes
084712B0-G=yes
08471C20-G=yes
08472A20-G=yes
08472B20-G=yes
08472C20-G=yes
08472D20-G=yes
08472E20-G=yes
08472F20-G=yes
084756C0-G=yes
084EF620-G=yes
084EF720-G=yes
084EF820-G=yes
084EF920-G=yes
084EFA20-G=yes
084EFB20-G=yes
084EFC20-G=yes
084EFF20-G=yes
084F0A20-G=yes
084F0B20-G=yes
084F4130-G=yes
084F4230-G=yes
084F7D20-G=yes
08500120-G=yes
08507720-G=yes
085696F0-G=yes
0856AD20-G=yes
0856AF20-G=yes
085940B0-G=yes
085944D0-G=yes
085945B0-G=yes
085945D0-G=yes
085946B0-G=yes
085947B0-G=yes
085948B0-G=yes
085949B0-G=yes
08594AB0-G=yes
08595620-G=yes
08595720-G=yes
08595E20-G=yes
08595F20-G=yes
08596050-G=yes
08596350-G=yes
08596450-G=yes
08596550-G=yes
08596650-G=yes
08596750-G=yes
08596850-G=yes
08596B20-G=yes
08596C20-G=yes
08596D20-G=yes
08597420-G=yes
08597520-G=yes
08597720-G=yes
08597820-G=yes
08597920-G=yes
08597A20-G=yes
08597B20-G=yes
08597C20-G=yes
08597D20-G=yes
08597E20-G=yes
085980D0-G=yes
085981D0-G=yes
085982D0-G=yes
085983D0-G=yes
085984D0-G=yes
085985D0-G=yes
085986D0-G=yes
085987D0-G=yes
085988D0-G=yes
08598A20-G=yes
08598B20-G=yes
08598C20-G=yes
08598D20-G=yes
08598E20-G=yes
08598F20-G=yes
08599F20-G=yes
0859A060-G=yes
0859A160-G=yes
0859A820-G=yes
0859AB20-G=yes
0859B030-G=yes
0859B130-G=yes
0859B330-G=yes
0859B430-G=yes
0859B630-G=yes
0859B930-G=yes
0859BA30-G=yes
0859BB30-G=yes
0859BD20-G=yes
0859BE20-G=yes
0859BF20-G=yes
0859C0E0-G=yes
0859C1E0-G=yes
0859C2E0-G=yes
0859C3E0-G=yes
0859C720-G=yes
0859C820-G=yes
0859C920-G=yes
0859CA20-G=yes
0859CB20-G=yes
0859CC20-G=yes
0859CD20-G=yes
0859CE20-G=yes
0859CF20-G=yes
0859D2C0-G=yes
0859DE20-G=yes
0859DF20-G=yes
0859E070-G=yes
0859E170-G=yes
0859E270-G=yes
0859ED20-G=yes
0859F140-G=yes
0859F240-G=yes
0859F340-G=yes
0859F440-G=yes
0859F540-G=yes
0859F640-G=yes
0859F740-G=yes
0859F840-G=yes
0859F940-G=yes
0859FD20-G=yes
0859FE20-G=yes
0859FF20-G=yes
085A0320-G=yes
085A0420-G=yes
085A0D20-G=yes
085A0E20-G=yes
085A0F20-G=yes
085A10A0-G=yes
085A11A0-G=yes
085A12A0-G=yes
085A13A0-G=yes
085A17F0-G=yes
085A18F0-G=yes
085A1BF0-G=yes
085A1D20-G=yes
085A1E20-G=yes
085A1F20-G=yes
085A20A0-G=yes
085A21A0-G=yes
085A22A0-G=yes
085A23A0-G=yes
085A24A0-G=yes
085A25A0-G=yes
085A26A0-G=yes
085A2A20-G=yes
085A2B20-G=yes
085A2C20-G=yes
085A30B0-G=yes
085A31B0-G=yes
085A32B0-G=yes
085A3480-G=yes
085A3580-G=yes
085A3680-G=yes
085A3780-G=yes
085A3880-G=yes
085A3B80-G=yes
085A3D20-G=yes
085A3E20-G=yes
085A3F20-G=yes
085A4230-G=yes
085A4430-G=yes
085A4530-G=yes
085A4630-G=yes
085A4730-G=yes
085A4C20-G=yes
085A4D20-G=yes
085A4E20-G=yes
085A4F20-G=yes
085A5320-G=yes
085A5420-G=yes
085A5520-G=yes
085A5A20-G=yes
085A5B20-G=yes
085A5C20-G=yes
085A5D20-G=yes
08821CF0-G=yes
08821E00-G=yes
08821F10-G=yes
08823520-G=yes
08823630-G=yes
08823740-G=yes
08823F10-G=yes
08850F10-G=yes
08860AF0-G=yes
08860C00-G=yes
08860D10-G=yes
08B80660-G=yes
08B80760-G=yes
08BBC3E0-G=yes
08BBC4E0-G=yes
08BBCA80-G=yes
08BBCB80-G=yes
08BBCE20-G=yes
08BBCF20-G=yes
08BBE8C0-G=yes
08BBE9C0-G=yes
090EFB90-G=yes
090EFC90-G=yes
090F8D20-G=yes
090F8E20-G=yes
090F8F20-G=yes
090F9350-G=yes
090FA500-G=yes
090FA600-G=yes
090FA700-G=yes
090FC820-G=yes
090FD760-G=yes
090FD860-G=yes
090FD960-G=yes
090FDA60-G=yes
090FDB60-G=yes
090FDE20-G=yes
090FDF20-G=yes
091001C0-G=yes
091002C0-G=yes
09100F20-G=yes
09101470-G=yes
09101920-G=yes
09101A20-G=yes
09101B20-G=yes
09101D20-G=yes
09101F20-G=yes
09102140-G=yes
09102240-G=yes
09102C20-G=yes
09103A20-G=yes
09103B20-G=yes
09103C20-G=yes
09103F20-G=yes
0914DE20-G=yes
091F4720-G=yes
0930A240-G=yes
0930BDC0-G=yes
096E8480-G=yes
096E8580-G=yes
096E8880-G=yes
09798200-G=yes
097985A0-G=yes
09799C80-G=yes
09799F20-G=yes
09A92A20-G=yes
09EEBCD0-G=yes
09EF4430-G=yes
09EF4530-G=yes
09F2E320-G=yes
09F2E520-G=yes
09F2E920-G=yes
09F2EA20-G=yes
09F2EB20-G=yes
09F30210-G=yes
09F30310-G=yes
09F30410-G=yes
09F30510-G=yes
0A70E220-G=yes
0A70E330-G=yes
0A70E440-G=yes
0A70F040-G=yes
0A70F310-G=yes
0A70F420-G=yes
0A70F530-G=yes
0A70F800-G=yes
0A70F910-G=yes
0A70FA20-G=yes
0A70FCF0-G=yes
0A70FE00-G=yes
0A70FF10-G=yes
0AA34260-G=yes
0AA34360-G=yes
0AA34800-G=yes
0AA34900-G=yes
0AA34BA0-G=yes
0AA34CA0-G=yes
0AA35070-G=yes
0AA35980-G=yes
0AA35E20-G=yes
0AA35F20-G=yes
0AA36C80-G=yes
0AA36D80-G=yes
0AA4F100-G=yes
0AA50F20-G=yes
0AAC5B20-G=yes
0AF3EF10-G=yes

[Basic]
Name=Tiers of Sorrow: Challence
Player=GDI
Percent=0
GameMode=Custom Map
InitTime=10000
Official=yes
EndOfGame=no
FreeRadar=no
MaxPlayer=2
MinPlayer=2
SkipScore=no
SpeechSide=GDI
TrainCrate=no
TruckCrate=no
OneTimeOnly=yes
CarryOverCap=0
NewINIFormat=4
NextScenario=GDI2A.map
RequiredAddOn=1
SkipMapSelect=yes
AltNextScenario=GDI9C.MAP
MultiplayerOnly=no
IceGrowthEnabled=no
VeinGrowthEnabled=yes
TiberiumGrowthEnabled=yes
IgnoreGlobalAITriggers=no
TiberiumDeathToVisceroid=yes
HomeCell=98
AltHomeCell=99
CarryOverMoney=0

[Briefing]
1=Испытание: Tiers of Sorrow.@@
2=Уничтожьте всех противников в регионе, чтобы выйграть.@@
3=Удачи.
; 1=Tiers of Sorrow: Challenge
; 2=@@Defeat all opponents in the area to win.
; 3=@@Good luck.

[GDI]
IQ=0
Edge=West
Side=GDI
Color=LightGreen
Allies=GDI,
Credits=200
ActsLike=0
NodeCount=0
TechLevel=10
PercentBuilt=100
PlayerControl=yes

[Lighting]
Red=1
Blue=1
Green=1
Level=0.014
Ground=0
IonRed=1.62
Ambient=0.79
IonBlue=0.34
IonGreen=1.25
IonLevel=0
IonGround=0
IonAmbient=0.5

[Map]
Size=0,0,65,60
Theater=TEMPERATE
LocalSize=2,4,61,49

[Neutral]
IQ=0
Edge=West
Side=GDI
Color=Gold
Allies=Neutral,GDI
Credits=0
ActsLike=0
NodeCount=0
TechLevel=10
PercentBuilt=100
PlayerControl=no

[Nod]
IQ=5
000=NASAM,98,73
001=NAAPWR,103,48
002=NAAPWR,101,47
003=NAHAND,101,52
004=PROC,89,52
005=NASILO,83,46
006=NASILO,85,46
007=NAWEAP,90,56
008=NAAPWR,103,45
009=NAAPWR,105,46
010=NARADR,106,50
011=NAHAND,101,56
012=NAWEAP,88,48
013=PROC,85,56
014=PROC,84,52
015=PROC,83,48
016=NASILO,94,47
017=NASILO,96,47
018=NASILO,97,49
019=NASILO,95,49
020=NAAPWR,104,66
021=NAAPWR,102,64
022=NAAPWR,100,65
023=NAAPWR,102,67
024=NALASR,96,69
025=NALASR,90,62
026=NALASR,94,39
027=NALASR,91,42
028=NAOBEL,87,60
029=NAOBEL,97,71
030=NAOBEL,95,63
031=NAOBEL,96,38
032=NAOBEL,89,44
033=NAOBEL,95,43
034=NAAPWR,107,65
035=NAAPWR,106,62
036=NAAPWR,108,62
037=NAAPWR,110,62
038=NAAPWR,109,59
039=NAHPAD,97,57
040=NAHPAD,96,55
041=NAHPAD,97,53
042=NAHPAD,98,55
043=NATECH,103,60
044=NAMISL,106,59
045=NASAM,109,55
046=NASAM,90,51
047=NASAM,91,55
048=NASAM,81,50
049=NASAM,85,59
050=NASAM,104,65
051=NASAM,99,57
052=LONGPP,99,44
Edge=West
Side=Nod
Color=LightSky
Allies=Nod,
Credits=200
ActsLike=1
NodeCount=53
TechLevel=10
PercentBuilt=100
PlayerControl=no

[Special]
IQ=0
Edge=West
Side=GDI
Color=Gold
Allies=Special,GDI
Credits=0
ActsLike=0
NodeCount=0
TechLevel=10
PercentBuilt=100
PlayerControl=no

[SpecialFlags]
Inert=no
FogOfWar=no
IonStorms=yes
MCVDeploy=no
Meteorites=yes
Visceroids=yes
FixedAlliance=no
TiberiumGrows=yes
InitialVeteran=no
HarvesterImmune=no
TiberiumSpreads=yes
TiberiumExplosive=yes
DestroyableBridges=yes

[Digest]
1=FatZkUdU5lMKtc/IuDytR9cdYi4=

[IsoMapPack5]
1=zQ0AIAsBAEEAAAAAAAAKAAIAQGABqQFBKCkAQusBAwA/KCgAJ64AAwAnrgADACmtAEPvBQ
2=QAPigoACcFAQQotQEEKAUBBCgGAQQAKQUBROcIBQA9KCgAJ10BBShlAgUoXQEFKF0BBShd
3=AQUoXgEFACldAUX/CgYAPCgoACe1AQYoFQMGKLUBBii1AQYotQEGKLUBBii1AQYotgEGAC
4=m1AUb3DQcAOygoACcNAgcoxQMHKA0CBygNAgcoDQIHKA0CBygNAgcoDQIHKA0CBygOAgcA
5=KQ0CR+8QCAA6KCgAJ2UCCCh1BAgoZQIIKGUCCChlAggoZQIIKGUCCChlAggoZQIIKGUCCC
6=hlAggoZgIIACllAkjnEwkAOSgoACe9AgkoJQUJKL0CCSi9AgkovQIJKL0CCSi9AgkovQIJ
7=KL0CCSi9AgkovQIJKGYCCQApZQJJKGQCAUUAfAKQbAIJAEYAf6sBCgA44QQKKBUDCijVBQ
8=ooFQMKKBUDCigVAwooFQMKKBUDCigVAwooFQMKKBUDCigVAwooFQMKKOoCCgAn6wIKAEoo
9=kwJGAHLrF0UAdOkBR+MaCwA37QULKG0DCyhtAwsobQMLKG0DCyhtAwsobQMLKG0DCyhtAw
10=sobQMLKG0DCyhtAwso6QILKOsCCwBLKGUCRfYYCwAnQwMLAEcoVwBEAHuvGwsAQ/82CwBI
11=+xwMADbxCQwoxQMMKMUDDCjFAwwoxQMMKMUDDCjFAwwoxQMMKMUDDCjFAwwoxwMMAEwo4Q
12=FD/xUMAEQoKAAnbQMMKG0DDChvAwwASCitAEL7HAwASSgpAEooKQBB8x8MAEvzHw0ANe0Q
13=DSgdBA0oHQQNKB0EDSgdBA0oHQQNKB0EDSgdBA0oHQQNKB0EDSgdBA0oHwQNAE0oDAIn3Q
14=YNKG8DDQBJ+xwNAEooKQBLKCoAQQDcVwINAEIAdbs9DQBDKCkARCgpAEUoKQBGKCsATACB
15=uwYOADT5EQ4odQQOKHUEDih1BA4omQMOKJkDDij9Cg4obQ4OKG0ODihFFA4oRRQOKD0IDi
16=hLBA4ATig7AjgALHABBAoADgA8AC/rAT8AousBQACj6AEnaQgOKPkEDij7BA4AR+wmAg4A
17=SwB38x9BAHrrATkAg+kBOigpADvrAQ8AM2wNIoEhDyjNBA8ozQQPKLkHDyhJBA8oSQQPKE
18=kEDyhJBA8oxwMPAE8oiQE28x8PAD7wHwIPADgAMGgEAgoADwA8oBJrAUAAmPUCQekiDyjh
19=DA8ocQkPKHUEDyh2BA8AJ3MJDwBM72gPAEbvaA8ATe9oDwA3KEkEPSgpADm8FQILAA8AO7
20=wVawE6AIRwKgILABAAMmgUeScQoBeoASf1CRAoJQUQKM0EECjNBBAozwQQAD+oDAIKABAA
21=PrgJawFBAJZwDGgBJ0sEEABC6SIQKEkEEChJBBAoSQQQKEkEEChLBBAATOtvEABNKCkARu
22=dKEABO7yYQAE8oKQBQ7CYCEAA2AIZ8IGUTN+MlEAA9tBh1IzmgO2kBO6AaaQE4KPkEPCgo
23=ACWkIAIMABEAMXwdZSkRKH0FESjNBBEozwQRAFEorgAzAMdrEQA2oA8BCgARACfMBAIRAE
24=EAmXQFdQJCKCsAQwCl9AIn5RIRKCUFESglBREoJQURKCUFESglBREoJwURAE7zKhEATygr
25=AEYAdqwmAhEAUAB56QE0604RADUoKwA/AIzgBNRlAgsAEQA95CkCEQA3AIdgBHQCJeAieC
26=cl+CVoASlQBSW4KHQCJSMrDAASuCRpLRIo1QUSKNUFEihFHxIo+Q8SKCkLEihZBhIoWQYS
27=KEcUEgBQdCuoDCezBhIAUihXAEAAnHMBCgASKPkEEij5BBIolxMSAEj3vRIASSgpAEooKQ
28=BLKCkATCgpAE/zoxIAM/JWEgAnfwUSADSsRwQLABIANwAteBFpATbrWRIAOLwjdQI18FYC
29=EgA+AI2hMBLg63AqJ9UFEuDrdAIp1AUlCzMMABOgDHUjEygtBhOsDbQCJ4UREygBBhMoAQ
30=YTKAEGEyi5KBMozSUTKM0lEyjNJRMooRoTKIUGEyg5DRMohAYCEwBTAF1oIgQKABMAQACa
31=6QFB4WcTKLMGEwBN44gTAEf2LhMAJwMGEwBG7okTACcNLhMoWQYTKFoGEwAnWBECEwA+AC
32=5jDwsAE/zFaQE9rFVpATTzYRMANvkyE/yvaC0nXQwTJugjdAInXQwTJugjAgwAFABUI2wj
33=AQIGABS4Dm0xFCixBhQosQYUKLEGFLARrAUnqTwUKIUGFCiFBhQohQYUKIUGFCiFBhQohQ
34=YUKIUGFCiFBhQohwYUAEKsEwIKABQAP7yDaQFTlRgAaAEnXy0UAE7/YhQARfeRFABNKCkA
35=R+OTFABPKCkAQOOTFABBKCgAJzkNFCbwJAILABQANO9oFAA2oCh1Aj0oKQA7qCV0AicQEw
36=IUADUAirhpAhQAPACL6AEnaRMUKJENFCgLBxUAVWBDAgAABgAV3TYDaAGUeG0xFbgOqAEj
37=xCWoASPQIagBJ8UZFbwStAInCQcVKAkHFSiVExUokTkVKGEHFShhBxUoYQcVKGEHFShhBx
38=UojSgVKMUkFSjFJBUo5QcVKOUHFSjnBxUAM6gtAgoAFQA2qFFoAaU/AWkBRiY0KAIVADQA
39=iXAqdQI1KCkAQvnMFedgCwAVJlQsaQE+vCtpAT//pBUAO7gqdQJBtE9pATmgKGkBQP2kFS
40=ijGhUAOuE7FSZbMgwAFigLBxYAVrcNBgAW1TkCaAGI+3kyFrwdqAGIgqgBJ2EHFihtDhag
41=IqAEJyEVFqBktAInqSYW64UKABYo+RoWKI0HFiiNBxYojQcWKI0HFiiNBxYojQcWKI0HFi
42=iNBxYojQcWKI0HFiiPBxYARLAqeRFCpBZoAaE7AGsBRQCkaCVpAVIoKQBD7XMWKH0mFvdl
43=CwAW6NJoAcjSaQE94TsWKAMcFgA57zwWAD+4Km0FPqgMaQE453YWAEHxrha0jgIAAAwAFy
44=hhBxcoYwcXAFdgF2V2F8w8AwMGABcAK7cCCgAXsBFlNBcouQcXsBG0Aie5Bxe8ErQCJx0P
45=F7hQtAInjTMXKI0zFyi5BxcouQcXKLkHFyi5BxcouQcXKLkHFyi5BxcouQcXKLkHFyi5Bx
46=couQcXKLkHFyi7BxcANqAdcR9EoB1oASXYIWkBPLBZaQE6tBtpAUIoKACpQwF1AkUmSyUX
47=AFIoKQA3734XAEMoKQA7oHJ4BsTkBAsAFwA+ACp0MWkBQaAzaQE9sBRpAUC4EWkBP7MJCw
48=AYKLkHGCiPBxgAWGgJez0YAFQjRCkFAgYAGABWAIB0kWgBJ+UHGCjlBxisDWk4GKAiqAEn
49=5QcYKOUHGLARoAQnoQ8YuGa0AiehDxgo5QcYKEVAGChFQBjrZAoAGCgRCBgoEQgYKBEIGC
50=gRCBgoEQgYKBEIGCgRCBgoEQgYKBMIGABGrB51DTisHmkBPCgpAEfngRgAOaAdYQQ+KCkA
51=U5EqAHUCKqgwawFFAJt8LmkBUigrAEQAn/cCQwCg6QFRKCoAPQDTxBgAOubDGAAnkRgYJk
52=RAeD0nawgYAEAkXC0CCwAZACl0Cnk9GSjnBxkAWShUALBAAwMGABkAViRoNGkBVSRgPmkB
53=VySQOWgBJ2kIGbgkdTkZrCOoAScNGBm4JLQCJ3EfGbgktAInaQgZKBEIGSgRCBkoEQgZ99
54=MKABkoPQgZ5OR0AiUUL2gBJ4lZGSiVCBkolQgZKJUIGSgTCBkATKgaZQg5qBppAT4oKQBG
55=KCkAOqxgYQRHKCkATqwedQI/oB1oAb1BAWsBKgBUfC5pAUQmI0EZAFEoKQBDJppFGQAnwg
56=gZACfDCBkAUOtDGQAzpDRxCTQmr00ZAE24wXQCJ5cIGQBAqBd9QUG8FQILABoAKHARaUMa
57=KJcIGgBaKFUAVJhLAQIGABooawgaAFf3RBoAVSScKmEEWCQkMWkBWeFGGrCVeT0atCuoAS
58=c1KBqwEbQCJy0RGigtERq8KKAEJ8EIGijpGBoo7QgaKO0IGijtCBoo7QgaJssqCgAa8PBo
59=ASXUMWgB0PBoASdFCRomMC10AiclaBooNRIaKJ0JGiidCRoonwkaAD+gMGUITCgpAEK4H3
60=UCT+9HGgBNrB51Ak6wpmkBU40xAGgBuUgBaAEnGgkaACfvCBoAUPtIGgBRJm1FGihECQIa
61=AFIAnXQ8ZQhHJrQiAhoAMwB4bMB1AkD/jhoAQesBGwAncAZhRhso7QgbKO0IGyjvCBsAWy
62=itAFWIFwEFBgAbKO8IGwBWJGw6dQJYJBA0aQFZJIwzaAEnsREbKO0IG7AnfUEbsCeoASft
63=CBso7QgbvCigBCdZXhsolQgbKJUIGyiVCBsolQgbKJUIGyjdERso3REbJmcuCgAbKJUIGy
64=hpCBsoaQgbKGkIGyhpCBsooxobAFGgHXEJTaAdaQFS60MbAE6oGnQCrXMDaQFAuNpoAalD
65=AGkBPyafQBsAQ/NAGwBEKCkARSgpAEf8QQIbAFAAnmQ3ZwhCAKHpAUYoKQBBJndcGwBT70
66=cbADOwgnkGMuOTGwA0pIF1Ak/71xwAJnQKeUgcKEUJHChFCRwoRwkcAFworQBYtCMDBgAc
67=AFsAgD5pAT+wLWgBvSABaAEEVQCTAQAABmkBVu+UHABXJAxEdwJZAIVsXWkBWugBAAEcAC
68=sAAAAAAAAKABwALAAAAAAAEQAAQw4AIAQACgAcAC0AgAACCgAcAC6EAZUCLygpADcoKQA4
69=KCkAOSgpADooKQA7KCkAPCgpAD0oKQBIKCkASSgpAEooKQBLKCkATCgrAE0ALHABcxROAD
70=DpAVEoKwBPADP2AkUAjAhtBUaJAQJqAUMAmAlpAUSIAZcCQgBN+AYEQQBOAAAABGMERwBP
71=9AIEKgBUAAAAAXcCPgBd9wJTAJ7oAQRUAJMBAAADYAQDMgByAgAAmSczKCkANCgrADEAe+
72=EENSgrADAAfPcCNgB/6wFQAIPrAVIAjKsBHQAleA4EAAAGAB0AJigpACcoKQAoKCkAKSgp
73=AEAoKACMGKYIXACUPHEJW7gnaAEEPwA/AAAAAmgBpSkBaAGlKQNoAaQplAKkKZQCpCmUAq
74=UpBWwFpCmVAlWBJQd1AlaJAQprAVcAeGwbawFYAIjpAVm8FQIHAB0AWigpAFOYBgIBCQAd
75=ALUuBGkBK6MECgAdrERiMB0AJ1ULHShVCx28HaAEJ1YLHQAnVgsdACdWCx0AJ1YLHQAnVg
76=sdACdWCx0AJ1YLHQAn/QodgE6RQB2UTMkBUrQQcxRRADJkFmkBPoktAGkBSIlOBGsBKgBT
77=4wRJAGPpATH6SB0AJ54JHQAnngkdACefCR0ANSivADAAdHAqfwo2AHfpAU2oLXQCcF4FAA
78=AACwAdAE+gKGkBUKglAgsAHgAkZBBhRh4o9QkeKPYJHgAn9gkeACf2CR4AJ/cJHgBBKAUB
79=QigpAEMoKQBEKCkARSgpAEYoKQBHKCkAXigpAF2wFAIGAB4AXP9XHgBAkSoFdAKwKogBqU
80=4LdwJXAHp8IGgBJ8oJHgAnyQkeKMsJHgBbtA0BBwAeAL1XCGgBtE8CBQgAHgCsUgICCQAe
81=ACchCh68KH1MHighCh6oQLQCgG+oASfJCR4oyQkeKMkJHijJCR4oywkeAD6nEwoAHij1CR
82=4o9QkeKPcJHgBNtBBvBU4AMWAHaAGhfQNoAalOAWsBSQBV4wRSAKboASf1CR4o9QkeKPUJ
83=Hij1CR4o9gkeACf0CQIeADYAdXQuaQw3758eADjjnh4AUfecHgBPvBV1T1C0JgILAB8AI3
84=ARYVEfKE0KHyhNCh8oTQofKE0KHyhNCh8oTgofACciCh8AJyIKHwAnIgofACciCh8AJyIK
85=HwAnIwofAF8oOQJe41EfAFio0gIGAB8AVu9SHwBdKCkAQZE4AWMEVwCFaCJoASf1CR8o9Q
86=kfKPcJHwBctA0CBwAfAFWkTWkBVKgBAggAHwBToCUCCQAfAFKkjGgBJ00KHyhNCh+0K3dP
87=HwA2vwoKAB8o7RMfKCEKHyghCh8oIQofjBiJmx8oIQofKCEKHyghCh8oIQofsO2jD08AKm
88=gPYQ9QKCkATqwTdQJRoBppAUC8DWsBKgBS+QZIqCV1AkmJAQJrAT8AYuEEMPqgHwAn/Qof
89=KP0KHyj9Ch8o/wofADfrph8ANeumHwA4KCkAL/9XHwAu7/cgACJ4DnlTICilCiAopQogKK
90=UKICilCiAoTQogKEcJIABgKDEBXrwgAgYAIABasHdpAVmsPGkBXCgpACe4EXUCKKRrawFd
91=AIm/TCAAVrwKAgcAIABXKCkAWCgoACfDEyAAVaBybQVUrBACCAAgAFO0DWgB3DYBCQAgAN
92=zbaQFPoARpAVGgD2gBJyEKICghCiAoyQkgKMkJICjJCSAoyQkgqEBtRyAoyQkgjL2CUSAA
93=Jz0pICghCiAoIQogKCEKICghCiAj1CfECLBLAgEKACAAsEuKAUIAjM51AkOIAZUCRokBAH
94=UCR4gBlQJEpDd1AkWIAZcCQQBhZCx1AkD7UyAALvtTIAAvKCgAJ9EKICh5CiAoewogADHj
95=qSAAMigpADUoKQA3KCsAOAB5ZD9jDzYAfesBLQB+qwEhACF8EnFWISj9CiEo/QohKP0KIS
96=j9CiEo0QohkRwApAiQHKkBWrx4AgYAIQBcrEdpASe4HGkBKLhpaQFeuGlpASb/VyEAXSgp
97=AF/oWQIhAFsAi2gXbwVZAI3oASdVCyEoVgshACdVCyEoKwshAFSstQIIACEAU7SyaAElvC
98=MBCQAhACUkMWsBUQCifCNrAVIApegBJykLISgpCyG8HXlTIbB0qAEjqCepATV8B6gBJ9IV
99=IQAnGSohKBkqIShdDCEoXQwhKF0MIShdDCEoXQwhKF0MISheDCEAJfMvCgAhJiQmaAHA4G
100=gB3NtoAdzbaAEnpTYhKGUNIShlDSEoZQ0hKGUNIShlDSEoZA0CIQAqAFB4H38KRACf6QFD
101=vCt3AkUAo/QCJzMMIQAu6LECIQAzAHZ4PW0FMKxHaQE06wEiACB8B3VPIihVCyIoVQsiKF
102=ULIihVCyIoVQsipHOlCFewOAIGACIAVryZaAG1GAFpASjrWSIAXSgpAF4oKQBfKCkAJrQY
103=eQYnrHNpAVv7XiIAXCgpAGAoKQBauHRtBSnnYCIAYSgrAFkAjmgiYAQnrQsiKHogIgAney
104=AiAFO4XgIJACIAULheaQFRJAQiaQFSKCgAJ+00IqgfcVYisAaoASf9CiIo/QoiKP0KIij9
105=CiIo/QoiKP0KIij9CiIo/QoiKP0KIij9CiIo/QoiKP0KIiYDJwoAIiYAJ2gBJykLIiaoJn
106=QCJykLIigpCyIoKQsiKCkLIigpCyIoKQsiKCkLIiOcNp/FIgAsvAJpDCuBXARrAUQAmmhR
107=awFFAJ3pATSwQHUCL7BAaQEwKCkALuNcIgA1rDxjBDEAgWw8AgoAIwAfaAl5UyMorQsjKK
108=0LIyitCyMorQsjKK0LIyitCyMogSwjI+gkhbgjKAUMIyTgObUNV7CbAgYAIwBZ8bkj0R8B
109=dAKxHwVoAQRWAJQBAAAJaQEp52AjAFwoKAAntgwjACe2DCMAJ7cMIwBgKK0AKKwmcQlbtC
110=NpAWGsfmkBJib3QCMAKqwmdQJY88QjAFWYEQMGBwAjAFSIAQMDCAAjAFOIAQEACQAjuHx1
111=WiMorQsjKK0LIyiBCyMogQsjKIELIyiBCyMogQsjKIELIyiBCyMoggsjACKQRZlIIyiBCy
112=MogQsjKIELIyZYMnBAJVgyaAEnrQsjKK4LIwAnrQsjKK0LIyitCyMorQsjKK0LIyitCyOs
113=WqkiT6hOdQ0uoAdpAS+JAQJpAS2VBQRpATCkY2kBUeu8IwBQ67wjAFLrvCMAQyZmOSMAJ1
114=4MIwAnDyMjADb7XiQAHq8QBgAkKAUMJCgFDCQoBQwkKAUMJCgFDCQoBQwkKAUMJCjZCyQm
115=nDVoDCO8RXpeJAClHgF0AqUeA2gBpR4FaAGkHoEEWKQedwJXAKBkFmkBWaQeaAGhUQdoAa
116=lkCmgBJxYZJAAntwwkACrlYCQobRkkKLUMJCi2DCQAJ7cMJABhKNgAJ8cZJABc72gkACvv
117=yyQAJyQ0KG0QLONnJABiKCgAqGQBAQkAJMFnBGgBJ7UiJCgxDCQoMQwkKDEMJCgxDCQoMQ
118=wkKDEMJCgxDCQoMQwkKDEMJCgxDCQoMQwkKLUXJChdDCQmjz4KACQo2QskKNkLJIhWnW0k
119=KNkLJCjZCySAWcAEJ9kLJJS61QIytAVpDDO0BWkBMZleBGkBZCOtWABpAVHswAIkAFIAm3
120=xBdQI182EkAEcoKQA2JGgpYQRIKCkARetkJAA0JMBKAgoAJQAdaAl5UyUoXQwlKF0MJShd
121=DCUoXQwlKF0MJSgFDCUoDRgloLy8CiN0XagBJTM4BgAlKDoYJQC9IAF0ArwgiAG9IAV3Al
122=kAlngUawFXAJnpAVgoKQBW62QlAFqkHmwFqWQIaAEnMQwlKDMMJQAr4VwlKF0MJShdDCUo
123=XQwlKDIMJQAnFRklKDMMJQBgpO91DSziyiUAJ0MZJQBiJOw0YQQjJi0yJSbAP3UCL/dlJQ
124=AkuJV0AidtJCUoiQwlKIkMJSiJDCUoiQwlKIkMJSiJDCUoiQwlKIkMJSiJDCUoiQwlKIkM
125=JSiJDCUoiQwlJkRLeEgn6RglKOkYJSjpGCUoDQ0lKA0NJSgNDSUoDQ0ltGJ9xSW0YqgBJw
126=0NJSgPDSUAUXRBoQRlKCkANIEHBGQTrWgBaQE1sE5pAVL4aQIlADcApGAHdQJTrEdoAbD7
127=AwUKACYAHHgDfVcmKLUMJii1DCYotQwmKLUMJii1DCYotQwmKOkYJijhDCYmeyAGACYmvD
128=loASUMLmgBJdBiaAEnDQ0mKKo8JgAjjEqwFCfHGSYAVYE+AngGqSIFaQFWJLBpaQFZKCgA
129=J+kYJiiLDCYALOlkJiZ4QXgGJUQ1aAEn+SUmKOIMJgAnvRgmKIsMJgAp62QmACsoKQAjJs
130=8lJgBf6GQBJgBhACVTXSYAJ/vMJgAtKCkAMCgoACUYbHkRMu1oJii1DCYotQwmKLUMJii1
131=DCYotQwmKLUMJpAnjbUmKLUMJii1DCYotQwmKLUMJii1DCYotQwmKLUMJihtGSYotQwmKL
132=UMJihdDCYoXQwmKF0MJphbxBMnXQwmKF0MJihdDCYkfFNpZCYkHGioASe3DCYAZqBcbV1U
133=rB5pATW0BWkBZCYLXyYAN/PPJgA2sK5hBEnzzyYASiSIIgIKACcAG78KBgAnKA0NJygNDS
134=coDQ0nKA0NJygNDScoDQ0nKA0NJyixSCcktFp5XicoDw0nADQo4AElUFJsECc5DScmbGZ0
135=AidlDSco1SYnKOVUJyiRDSck0E20DSeTDScAVo0mBXAJJz1KJyi1DCcmME5gBCUwTmgBJQ
136=RZaQEm82EnAC0oKQBdKCkAIyazMicALCgpAFwoKAAn90snADLzzycAXvtpJwAq+2knACQm
137=qyYnACUoKwBiAIIiXDh4ESf5cico4QwnKOEMJ+BnDwoAJwA8AAAAAAAACgAnAD0AABEAAE
138=QOACAGAAAAAAoAJwA+YAEEAAAKACcAPygpAEAoKQBBKCkAQigpAEMoKQBEKCkARSgpAEYo
139=KQBHKCkASCgpAEkoKQBLKCkATCgpAE0oKQBOKCkATygpAFAoKQBRKCkAUigpAFQoKQBnKC
140=sAZQAscAFnHmYAL+kBVYUhA3YCZACMCGgBBDUAUwAAAAFrATYAmO8FNwCb6wFKAJ7rAVMA
141=pqsBKAAqYAEEAAAGACgAKygoAJgOtQItKFUAVygpAFgoKQBZKCkAWigpAFsoKQBcKCkAXS
142=gpAF4oKQBfKCkAYCgpAGEoKQBiKCkAYygpABq0I2kXJrQjagFWAHlAAmgBBDQAlwEAAANo
143=AQIvAHICAKEaMCgpADEoKQAyKCsALgB07wUoAHXrAScAdusBKQB/6wEzAIHrARsAg+kBHC
144=gpAB0oKQAeKCkAHygpACAoKQAhKCkAIigpACMoKQAkKCkAJSgpADioIgIKACgAOSgpADoo
145=KQA7KCkAPCgpAD0oKAAnZQ0oKGYNKAAnZQ0oiSoAam8oACdmDSgAJ2YNKAAnOg0oACc6DS
146=gAJzoNKAAnOg0oACc7DSgASigMAidmDSgAJ2YNKAAnZg0oACdmDSgAJ2YNKAAnZg0oACdl
147=DSi0YrwVdGLIFyeTDSgAaCjhAWesR3snZgAzfAJpAVWsHmgBsWwBawE2AJrgBCdkDQIoAE
148=QApPUCNYlOBm8FZQCGfEECCgApABl4A3VPKSi9DSkovQ0poFmgBCe+DSkAJ74NKQAnvg0p
149=ACe+DSkAJ74NKQAnvg0pACe+DSkAJ74NKQAnvg0pACe+DSkAJ74NKQAnvA0CKQAmAC5kFg
150=QGACkAJQAy6AGlawN1AjOZHAFoAbFsBGgBBCcALwIAAAZpASiJAQxoASeTDSkAL/tpKQAw
151=KCkALuRrAikAMgB3bCZ7BikAeOkBGqQpdwIcACh4EQIHACkAHSgpAB4oKQAfKCkAICgpAC
152=EoKQAiKCkAIygpABuoMH0KJLxBaAG0OQMHCQApADaFHgpoASeSDSkAJ5INKQAnkg0pACeS
153=DSkAJ5ENKZC2gVEpKJENKSiRDSmgTnFWKSiRDSkoZQ0pKGUNKShlDSkoZQ0pKGUNKShmDS
154=kAJ2YNKQAnZQ0pKGUNKShlDSkoZQ0pKGUNKShlDSkoZQ0pnM3AGidnDSkAaXwztRhopCll
155=YGfmaykApWsBdwJiAFZ0BWkBY4kBAmkBZKRYaQE3/20pAETk2QIpAEMAovsGOACl6wFlAI
156=hgRnkGZmwCBAAACwAqABirAQYAKigVDiqwPX5tKgAnvw0qADAorACcEqAEJxUOKigVDioo
157=FQ4qKBUOKigVDiqsGKQIJxUOKigVDiooFQ4qKBUOKigUDgEqAFUAIr0iAmsXLgCgbBNrAS
158=8Ao+gBtHCBBCadbQFgBLVwB2gBtXANaQEp82wqADEoKAAnvA0CKgAqAH14J20FK/7bKgAn
159=6A0CKgAlAIzjBBsAKWwQAgcAKgAkuJhoAaWBBWgBzHMBCAAqAMxzaAHMc2gBzHNoAcxzaA
160=HMc2kBHKw0aQEjuEhpATWVcAhrATkAMWwQAgkAKgA3rJRoAbl0C2sBOACLfBVoASeZDioo
161=mQ4qKJkOKiiZDioomQ4qKJkOKiiZDioomQ4qKJkOKigtHCoomQ4qKJkOKiiZDioomQ4qKJ
162=kOKiiZDioomQ4qKJkOKiiZDioomQ4qKJkOKiiZDioomQ4qKJsOKgBqZCZvcyoAZLwrAgoA
163=KgBpvCtpAWWsYGkBaOd2KgBUgVEAdAKldgFpAUTvcyoAY+PgKgBF4nIqACkUDiVMKwILAC
164=sAF68QBgArKG0OKyhvDisAVSiAACcVDisoLRwrKBUOKygVDisoFQ4rKBUOKygVDisoLRwr
165=KBUOKygVDisoFQ4rKBYOKwAnaykrACWoImgXqSIBawEuAJlkFmkBLygrADAAn/UCLbiVYQ
166=QnoCVpATGgJWgBuXQOaQEpnXgUaQEqiQEaaQEr5HYCKwAyAHp0WnUCLCbtKSsomw4rADPy
167=5SsAJ5sOKwA05XYrKMcOKwActAICCAArADUoKQAhJJAidQIiKCkAIyRMIHUCILxtaQEduE
168=gCCQArADaoqWkBN6wFaQEfsEtpATgk1DFrAR4AhHQYaQE5uLZoASeZDisomQ4rKJkOKyiZ
169=DisomQ4rKJkOKyiZDisomQ4rKJkOKyiZDiusWnFhKyiNHSsoxQ4rKMUOKyjFDisoxQ4rKM
170=UOKyjFDisoxQ4rKMUOKyjFDisoxQ4rKMUOKyjHDisAa2RHpRNquCcCCgArAGm0T2kBYrQF
171=aQFTvFprAWMAnGAHaQFGqC1pAWS8K2kBZXgDeeIrKG4OKwApbA4lVCwCCwAsABavBQYALC
172=jFDiwoxQ4sKMUOLCjFDiyQ+COeNSwAJ90cLCjFDiwoxQ4sKMUOLCjFDiwoxQ4spBtp6Cwo
173=xQ4sKMUOLCjHDiwAMaBRfBUn9yosADO8mXQCJyMrLABUlUcCdQInrCZpATAkfDxpAWH7dC
174=wALKQpdAK5dA9pASmNcxVoAbl0G2kBK5UCIWkBLYkBLWkBLokBM2kBL4kBOWsBMgCFZGBo
175=ASeNHSwoxQ4sKMYOLADUcAIHACwAI6ByaQEksGxpASGgcmgBJ0sPLAAgqPMCCAAsADWsc2
176=kBOLzmawE2AIlsEGkBNygpADmsBQgJACwAOgCVAQAAAGkBO4kBBGsBHQCHeAZrAR8AjekB
177=HqNGCgAsKMUOLCjFDiyMLiO5KCwoxQ4sKMUOLCjFDiwoxQ4sKMUOLCjFDiwoxQ4sKLkdLC
178=jxDiwo8Q4sKPEOLCjxDiwo8Q4sKPEOLCjxDiwo8Q4sKPEOLCjFDiyscHt0LABsKPEDZLgn
179=fSBr83csAGa0LnUCav94LABTsCJ0Aql6AWkBY6BRawFlAIp8K2gBAVAAzgPYJyfHDiwAaL
180=heZHbY+AILAC0AFbsRBgAtKB0PLSgdDy0oHQ8tKB0PLSjyDi0AJ/EOLSjxDi0o8Q4tKPEO
181=LSjxDi0o8Q4tKPEOLSjxDi0o8w4tADCoF3EUMft0LQAkoCV1AiK0WmgBJMlLBWkBJ+/sLQ
182=BhJEgwdQJgJoMsLQAm++0tACgmrywtAC/rei0AKZVwFngGsXccaAGxdyJpASyBBChoAb14
183=LmgBvXg0aAEnxw4tACOgZ3QCJ4EsLaAXAgAABwAtsD2oASc/Hi0AIaxzYQQ0oEZpATWwH2
184=kBNqg4AggALQA3KCgAJ3cPLQA5pIFgBCejDy0AOLAJdAKxdwFoAbB3AgUJAC0AJ/IOLQAn
185=8g4tACfxDi2kUnVaLSiZDi0omQ4tKJkOLSiZDi0omQ4tKJkOLSiZDi0omQ4tKJkOLSiZDi
186=0omQ4tKJkOLSiZDi0omQ4tKJkOLSiZDi0omQ4tKG0OLSj+Ky0AJfBQAgoALQBksCppAW0o
187=KAAnw1UtAGzzdy0AZrhTbQVrvDloAbXIA2kBPagPaQFiuPtpATyJpglrAVAAxLB3Ai0AUQ
188=DP6AEnHQ8tJmQucXdoqDhpAWmovAILAC4AFLMUBgAuKHUPLih1Dy4odQ8uKHUPLih3Dy4A
189=IygFAScoKAAnpVcurA157S4oJhAuACclEC4oJRAuKCUQLiglEC4oJRAuKCUQLiglEC4o+Q
190=8uKF0tLiheLS4ApSkBeBykKYkBYCRAW3UCKCTUMWgBJ/sPLgAvqKZ1Aikm4y0uAComiy0u
191=AC37+C4AXigoAL1iBngGsTUKaAGlgSNoASejDy4AJCZfLS4AMCRIJWEEIiZQPAYuAFUA+w
192=MAAAJ0AiNkOm1+LiglEC6kR7QCJycQLgA4v3gHAC7oemgBJ38QLgA0vKR1AjWgUWkBNqQL
193=aAGhfQJpATe8xWgBJ6kQLigjIC4AHbBLAgkALgAfoD5pAR64BmgBJ9FXLiiiDy4AJ9FXLi
194=ihDy4ooQ8uKKEPLiihDy4ooQ8uKKEPLiihDy4ooQ8uKKEPLiihDy4ooQ8uKKEPLrRtbZQu
195=tG2oASf9Vy4o+w8uAG6sXQIKAC4AZbAfaQFt9XsuKGseLgBsrDRhBD6RDARpAWOQDIkBP6
196=iIdQJkKCsAUwDKq3ouAFSRQABgBCd1Dy4mtFl8eCV4TGgBJTQ+aAElxC8CCwAvABO/FQYA
197=LyjNDy8ozQ8vKM0PLyjNDy8ozQ8vKM0PLyjODy8AJ80PLyTUU2F9L6xPqAEn+WcvoE60Ai
198=d5TC+4RbQCIyxqqAElhFN8FSe5Pi8o1RAvKNUQLyjVEC8o1RAvKNUQLyjVEC8o1RAvKP8g
199=LwAkqDh1DTAoKAAnxy8vADOo6GAEJVhIaAG1OQVrAWAAlmQsaQFhKCkAKeOILwBfJishLw
200=A8JtMgLwBi7YkvJVUsA2QIoYgHaQFjI2hKlAIn1xAvACUmeyAvADgoKQA5KCkAMSSUSmUI
201=MigoACdZES/YipwKJ9UQLyj/IC8ANiYqIS8AJyohLwAnKyEvAB20PAIIAC8AHigpAB8oKQ
202=AcpClhBCC0PGgBJyUQLyglEC8oJRAvKCYQLwAioFIjcSovKCUQLyglEC8oJRAvKCUQLygl
203=EC8oJRAvKCUQLyglEC8oJRAvKCUQL5B0wA8nJmgvACWjOwoALyj7Dy8Ab3w+a4UvAGakHm
204=EEbaQeaQForEdpAWsoKQBppK11AmwoKQA/rIx1AmSFPwZpAWeoOGkBaigrAFMAwLyDAi8A
205=UgDJ6QFR9YYv1IYBAQoAMCihDzAooQ8wKKEPMCijDzAAJKAaAgYAMAAlKCkAJigoACfNDz
206=AozQ8wJKBHcXcwqECoASf4DyVcLrQCJ/kPMLgktAIn+Q8woNK0AtTeeBEjzGi0Aid9EDAm
207=aClgBCc9azAoURAw8IIMBgAwAFsAAAAAAAAGADAAEQAAWQ4AIApcAAAAAAAABgAwAF0AgA
208=BrARkALGwBawEjAC/rARoAMOsBIgAz6wESAEzpAROJAQJ7BhQATvcCXwCZ6QFgKCsAPACb
209=9QJhKCsAOQCf9QI6KCkAOygrADgAoOEEXigoAARiAJcBAAABYQ9jiQEEaAECMwCIAgCvGz
210=cAjOgBAVYAyQPXAlcAzegBA1UA/AMAAIkXNGAMBgAABwAwABsAKXABawEdACrpAR4oKQAf
211=KCsAIQAr4wQ1AC3rATYALusBIAAx6wEcADLpAWScFQMHCQAwAGWJAQppAUB4AwQAAAoAMA
212=BBKCkAQigpAEMoKQBEKCkARSgpAEYoKQBHKCkASCgpAEkoKQBKKCkASygoAJg6rRBNKFQA
213=mDq1Ak8oVQBQKCkAbSgpAG4oKQBvKCkAcCgpAGigJXkcaygpAGmsJnUCbCgoAAQ/AFIAAA
214=ABdQJmpD9rAWcAo3gJawFqAKbrAVIAwGA7dwJRAMTrAVMAxekBVJg9AgAKADEAvFcCAQIA
215=MQC9VwNqAREAbB6UAqhZiQEXYAxnSjEAGCgpACYoKQAnKCkAKCgoAJBIuAaQSKgBmEWoAZ
216=RtqAGER6gBhEeoAYxwqAGMcKgBnEmoAZxJqQE9KOEBPigpAFgoKQBZKCkAWygoACclEDEo
217=JxAxAF/ngTEAM6Q0AgYAMQA3uDJpASX/gzEAYCgpAB+sXWEENCgpAB24XnUCNigpACPviT
218=EAFZWGBGIEFgCYS2sBOwCWeBRrATgAmOkBOe+JMQA6KCgAJ1gRAjEAXgCe7QVhKCgAqYUC
219=cwkkAIWzgjEAGeiFAjEAHgCJ9wJWAMNgRm0FV6xHawFaAM70ArWGA3UCGmwNd4YxACIoKQ
220=A1KCkAHP+DMQAgpCkCBwAxACGkKWgBpZcFawEbAIZsEGgBvIMBCAgAMdyDAgsJADEAJ30Q
221=MSh+EDEAJ34QMQAnfhAxACd+EDEAJ34QMQAnfhAxACd+EDEAJ34QMQAnfhAxACd+EDEAJ3
222=0QMY29AGWBMYxlyAEnfRAxoDigBCd/EDEAUagiaW9qKCkAaygpAGwoKAAnLhExACcuETEA
223=Jy4RMQAnLxExAHEo2wA/AFNwAWkMZ6hDawFmAJr3AmgAoesBaQCl6wFSAMJgO28FUwDH6A
224=GohQMBCgAyABBkBQIAAAIAMsVVBWgBpVUBawESAPN4BmkBEygrABEA9PcCFAD36AEnqhAy
225=ACepEDK8zX14MqTLqAEnqRAyuHG0AiepEDKwSLQCJ6kQMrj1tAInqRAyoG+0ApD4qQE5rB
226=sCBgAyADooKQBVKCkAVigoACcuETIAJy4RMgAnLhEyACctETIoLxEyAF6wF2kMH6RgaQE0
227=KCgA0OV1AibviTIAX7wYdQJiKCgA1Ol1AiPnjDIAIbQbdQIl+4oyAGAoKQAXlVIEYwQYAG
228=NoGmkBPOeMMgA754wyADgmXyIyAD0mBCICMgA3AKL5Bj6wz2cIHgCk9wJhAINwd3QCJ1gR
229=AjIAIgCL9QI1KCkAHSZcIgIyAFcAxmhDeQZaKCsAVAD9JF4iMgAnhxEyACRsDXONMgBjqE
230=YCBwAyABukKWkBHKRCaQFkoAQCCAAyAGWoAQIJADIAaKwmaQFmrCZpAWekE2gBJ4URMiiF
231=ETIohREyKIURMiiFETIohREyKIURMiiFETIohREyKIURMiiFETIohREyKIURMiiFETKIxJ
232=GNMow5yAEnhxEyAGm0I2R2J4YRMgAnhhEyACeGETIAJ4URMiiFETIohREyKIURMiiHETIA
233=ciiIAbCNnYNSsMRjD1EAynQ5aQFTiDgDAAoAMwAPuwYCADMoLBECMwASAOpsBXUCEygpAB
234=QoKwARAOzhBBX7ijMAFigpABf5ijPwzwEGADMAJ4URMyiFETOoQG1+MyiFETOs07QCJzAi
235=wP60AicxIjOkc7QCJzEiM7xJtAInMSIzoG+0AiVcLWQT2OJpATaoImkBNygoACc1EjMoNx
236=IzAFQogAAnYhIzACdhEjMoCRIzKAkSMygLEjMAH+uQMwAmqGRhDyD7ijMAHLwYdQIavGJp
237=ASQoKgAYACIZKgB1Ajysy2kBPSgpADu4zHcCHgCcZBZrAT4AnekBOCYzIjMAGbz8YQQjKC
238=kAXiYzIjMAGyYzIjMAJSgoACfXEDMAIeOIMwBXJKQrcQlaoFFpAVgmuzMzAFkoKACtUgFh
239=BF98Em+JMwBgtCMCBwAzAGIoKQBhoD51AmOgJWgBJ1sRMwBnpAgCCQAzAGWokGgBJWwvaQ
240=FmqC1pAWm8K2gBJ4URMyiFETMohREzKIURMyiFETMohREzKIURMyiFETMohREzKIURMyiF
241=ETMohREzKIURMyiFETMohREzKIYRMwAnLREzKC0RMygtETMoLREzKC0RMygtETMoLREzKC
242=0RMygvETMAc6QpaoU/AISaaQFQpFhrAVEA/2SBaQFSiAEBAgoANChZETQoWBECNAAOAIBn
243=zgIANCiGETQAJ4cRNAAU54w0ABUoKQAWKCgAJ9wRAjQAFwDvYA9wCSV4KwIGADQAJbwVaA
244=EnETQ0KN0RNCjdETQo3BHA/nGCNKBDqAEn4SI0tEy0AifhIjSscLQCJ+IiNAAnWhE0ACda
245=ETQAJ1oRNAAnWxE0ADgovQI5KCgAJ78jNAA7KFUAPCgpAD0oKAAnRTU0JIwpuBEnCxI0AF
246=corAAnFSQ0oDitBRmoZG0mHCgoACdDJDQAIyhVAF4oKQAaqCV5Bh0oKAAl+DB1AiQoVQBf
247=sGx2AiwAfRgCaQFQiGeIAbFLAXQCvJmIASe7EjQAGyY7IzQAIP+ONABZJj80NABaKCkAWP
248=+ONABUtN59ClUmb0U0AFsoKAC8V5QNvVcDbQVguBwCBwA0AGG0GGsBYgCHfFdoASOgJgQA
249=AAgANABltNZpAWS4BmkBZqQeaAEnNxI0AGisMQIJADQAaayqaAEnlTQ0KIURNCiFETSYJC
250=NVITQohRE0KIURNCiFETQohRE0KIURNCiFETQohRE0KIURNCiFETQoWRE0KFkRNChZETQo
251=WRE0KFkRNChZETQoWRE0KFkRNChZETQoWxE0AHSoInWGK4lDAGkBT6weaQFBrBNpAUCJkA
252=RrASoAWGAHAgoANQANYAEiETQ1KN0RNSjcEQI1AA4AeH82AgA1KN0RNSjdETUo3RE1KN4R
253=NQAn3hE1ACfdETUo3RE1KGcjNQAjrxAGADUmKCxoASc2EjUAJzUSNSg1EjUoNRI1KDUSNa
254=BObXM1oN2oASdlIzWoS7QCJ2UjNShlIzUoCRI1KAkSNSgJEjUoCRI1KAoSNQAnCRI1KJIj
255=NQAnCRI1vDOgDycKEjUAJwsSNQA/KBwElMWsBSWHPQYANSiNEjUomSQ1rDmsBSf/NjUAWi
256=gwASflEjUo5xI1AF+8bX0KYbAiaQEtmRQFaAG5SAFoAbhIiQEYmUgAdAKkSo0FGyZzNTUA
257=HiZAJAE1ABoAI2A+bQUZJp81NQBe95E1ACEkkE9jBFcAJXxMawEcAC7pAR2JAQN3Ah8AMf
258=UCIIgBlQJg/5k1AFQkwD9tBVUkwD9rAVsAyGjdawFSANDpAWKwHwIHADUAY7AfaQFlrEoC
259=CAA1AGQkxCRpAWag2GgBJzUSNSg3EjUAabAJAgkANQBqsAloASehRjW4cSLpRDUoCRI1KA
260=kSNSgJEjUoCRI1KAkSNSgJEjUoCRI1KAkSNSixETUosRE1KLERNSixETUosRE1KLERNSix
261=ETUosRE1KLERNSizETUAdbBLYIip0gNpAUKRjQRpAUMkqCVqASoAI4gtaQFOvE9pASsk2E
262=0CCgA2AAyzCQIANig1EjYoNRI2KDYSNgC1TwFsBSdhEjYoYRI2KGESNihhEjYoCBICNgAV
263=AO1wQGUIFigoACdBJDYoNRI2KDUSNihtJDYoNRI2KDUSNqRHdXA2KDQSJQREtAInQSQ2vE
264=m0AidAJCUIVbQCJ0EkNig1EjYoNRI2KDUSNig1EjYoNhI2ACfdETaAeiOKZDYAJ90RNijd
265=ETYo3RE2JidSBgA2JhQvaAEj7FakEydhEjYm6E9gBCf9NjYoNRI2KDVJNigpNzaoQLEJYa
266=BnZQhioGdpAS2NEwJpAU6cZYkBGpFLAHQCvUwFaAG9TAFpARmBkwRpAV4m0zY2ABv3kTYA
267=XybXRzYAYCaoRwI2AFcAHLiKAjYAUgAh6QFWKCsAUwAk9AKgk5QNoJOVDR6NlAdgD6yUgA
268=SslIEEIZiVgQQiiQEKbgVUAMOTNgA5JqMlNgA6JnYlNgAnZ1o2AFy0ZXgGJ4ZINgAn0TY2
269=KNE2NihhEjYm6EQCCQA2AGW8mWkBZqDjaQFqJh0lNig1EjYoNRI2KDUSNig1EjYoNRI2KD
270=USNigJEjYoCRI2KAkSNigJEjYoCRI2KAkSNigJEjYoCRI2KAkSNigJEjYoCxI2AHagiG2J
271=LI1HAGkBTYxHiQFFpKV1AkSBkwRpAUaIAYAErZQBdQIrJLROAgoANwALvwoCADcojRI3KI
272=8SNwAVKIEAFigoAKVVAXgGrVIFaAEnuxI3ABEmTTY3KLsSNwAXJltINwAS45M3ABQmpzY3
273=ABAmhEgCNwAPAPazmDcAGCaxSDcoSSU3KBETNygREzcoERM3KBETNygREzcoERM3KBETN7
274=hFZXY3KOUSN7x1tAInHSU3KB0lNyjlEjco5RI3KOUSNyjlEjco5RI3KOUSNyjlEjco5RI3
275=pDygDyfFJDco5RI3KOUSNyb/QQYANyZ0MGgBJVRjaAEnaRM3mIedpDcoaRM3KJZKNwAnlR
276=M3KGsTNwBepD9xCS6NEwVoAbVPAWgBtE+JARuRmAR0AqBRjAWgUYEEHCYXWzcAXybqWjcA
277=J6N9NwAfJvAkAAM3AGEApQAAAAAGADcAVwAXAgAAAAYRAABxDgAgDgA3AFIAGQIAAAAGAD
278=cAVgAb6wFTABzrAVgAJugBBB0ALgIAAAVtBR6JAQhrASAAMfUCIYgBlwJiAIb4BgE5AMID
279=ywxcAMPrAVoAxOsBOgDF6wFbAMvrAV0Az+gBCWMAKQAAAAAHADcAZKgBAggANwBnbAIEAA
280=AJADcAZbQCawFoACx8AmsBagAw6wFpAIV4EXcCZgCM6QFreAMEAAAKADcAbCgpAG0oKQBu
281=KCkAbygpAHAoKQBxKCkAcigpAHMoKQB0KCkAdSgpAHYoKQB3KCgABC0APgAAAAN7EUsAS3
282=wCaQFMiQECawFJAEz1AkqIAZcCSABN9AIERwBPAAAABG8FKgBV9QIrqC11AiywKgIKADgA
283=CngDBAAAAgA4AAsoKQAMKCkADSgpAA8oKQASKCkAFSgpABooKwAWAKRwAXwKBBsAlwEAAA
284=NrAQ4AeHQuawEYAOpgO2sBEADu6QETKCkAFygrABQA7+MEEQDx6wEZAPfrASIAMXQNBAUA
285=OAAgADLrASEAi3QNdQIjbAJjXDgAJCgpACUoKQAmKCkAJygpACgoKACMT6UILihVAC8oKA
286=CUTKAEkBGoAZARqQEzKK0ANCgpADUoKQA2KCkANygpADgoKQA8KCkAPSgoAHhFh2s4AD8o
287=VQBAKCkAQSgpAEIoKQBDKCkARCgpAEUoKQBGKCgAiEu1GE4oVQBRKCkAVCgoAIBOrQVWKF
288=UAWCgpAFkoKQBaKCkAWygpAFwoKQBdKCkAYCgpAGEoKwAtAEhwAQEGADgAtWUBaAG1ZQNo
289=AbRllAK0ZZQCtGWUArVlBW8FHwCb8QlfKCsAHgCf9wJeAKDrAR0AoukBHIFcBmQIA2IAmA
290=EAAJ0KY4kBBHYCUgDaqzgAJ0wVAjgAVwAdeFNjBE8AI+sBUAAk6wE6AMBgXGEEObB3awE7
291=AM31AmjomwE4AGYAmEsGCQA4AGQAmQEAZ6I4AGWJAQJ1AmfvnzgAaWAXY544AGooKAAnGR
292=Q4KBoUOAAnGhQ4ACcaFDgAJxsUOABwKAQBJxoUOAAnGhQ4ACcaFDgAJxoUOAAnGhQ4ACca
293=FDgAJxsUOAB4KF4BKgCETXiVAisAAAQAqRcsiAEDAgoAOQAJrwUCADkoPRM5KD4TOQAnPx
294=M5ABAorQARKCgAJz8TOQATKFUAFygrABYAnHABaQwamT0BaAGpmwRrAQ4Acnw2awENAHzr
295=AQ8Af+sBFADsfDZhBBjrmzkAGeibAjkAFQD54wQiAC10DQIFADkAI+ubOQAhrKp0AqlOB2
296=kBHZkRCmsBIACOdA1oASeWEzkAJ2oTOQAnahM5ACdpEzm05mV2ObgOqAEnlhM5ACeVEzmg
297=TqAEJ5UTOaiutAKYUKgBJ5YTOQAnlhM5ACeWEzkAJ2sTOQA5fB24BieWEzkAJ5UTOZDilZ
298=w5KJYTOQAnlhM5ACeWEzkAJ5YTOQAnlhM5ACeWEzkAJ5YTOQAnlxM5AEcoDAKQirkRSShV
299=AEooKACA86AElPGoASeeFDkAJ50UOZTxyBeAWawFJ54UOQAnwhM5ACfCEzkAJ8ITOQAnwx
300=M5AGIoDAK8YgUBBgA5AB4AmHwCawFeAJrrAR8AnekBXygoAKGTBW8FUwAXYEZpAVcoKAAn
301=uxI5AFDslAI5AFgAIO0FWSgpAFooKwBWACHhBFvzmDkAVCbnKDkAOvCYAjkAOwDHbF1jDy
302=UAzukBNygoAKB9jBuhfQNtBWV4GXt/OQBmKCgAJQgoZYFoKFQAJ5UTOSiWEzkAJ5UTOSiV
303=EzkolRM5KJUTOSiVEzkolhM5ACeVEzkolhM5ACeVEzkolRM5KJUTOSiVEzkolRM5KJcTOQ
304=B5KOgCpLgBAQoAOig+EzoAJ7oSOgAnuRI6KLoSOgAnJyY6AAmcZQMCAgA6ABa8QWkBF6TZ
305=awEYAKV8DWgBvJmNBQ3ymDoAJz8TOgAPKFcADAB7bDx5Bgv3nDoAEPScAjoAFADwdDljBB
306=kA8ugBvKQCBQMAOgCklwMIBAA6ACIkkC4DBQA6ACAAmI1pASOsjGkBH6CLawEhAJ58FWgB
307=oZ4LaAEnlRM6KGkTOihpEzooaxM6ACp8B2lvOiiVEzq4DrQCJ5UTOqQQtAInlRM6sBG0Ai
308=eWEzoAJ5UTOiiVEzoolxM6ADoo4QE7KCgAJ5UTOiiVEzqUNomFOiiVEzoolRM6KJUTOiiV
309=EzoolRM6KJUTOiiVEzoolRM6KJUTOiToJKAaJ5YTOgAnlRM6I8wx2BEiSDHIASexJzokdD
310=GlCF4obQNfKCgAJxETOigTEzoACKAdAgYAOgAeoDtpAVLqkDoAJzcSOgBZKFUAWigpAFso
311=KQBWJnQlAjoAWAAaeFNxCVAmHTs6KM8lOgBR+5U6AFwoKwBNACL5BkwmJyY6AE7zmDoAXS
312=gpACUmHzs6ACsoKQA3KCkALCYcOwI6ADgAyWRgeRE5JtcmOgAmJPQ1dAInPRM6KD0TOiZI
313=O3h/Jz0TOijVJjooPRM6KD0TOig9EzooPRM6KD0TOig9EzooPRM6KD0TOig9EzooPRM6KD
314=4TOgAn1SY6KD0TOig9EzooPRM6KD8TOgB6vEFiGmIAI1AwaQFjiQECaQFkq+AKADsoPRM7
315=KD8TOwAWpAgCAgA7ABi0hmkBGqB1aQEKhUoFaQEXJqsmOwAM5pc7ACdpEzsoaRM7KGgTAj
316=sAEAB1cEBnCAsAdukBEeOeOwAS95w7ABkkMC1tBRT3nDsAG7iNAgMAOwAcqAECBAA7ACG8
317=FQIFADsAHaSPaQEfpI9pASK0GGkBICaEJwI7AB4AimwQdQIHsB8CBgA7AAgoKAAnWSc7KO
318=0TOyjtEzukEG1zO7gOqAGcrKgBJ8ETO6QQtAInwRM7KMETOyR0MaAEJ8ETOyjBEzsowRM7
319=KMITOwAnwhM7ACfBEzsowRM7lDaZijsowRM7KMETOyjBEzsowRM7KMETOyjBEzsowRM7KM
320=ETOyjBEzsowhM7ACfBEzsowRM7KMETOyNkRcQTJ1knOygvJzsAUCgsBid2OzsAJxoUOwAn
321=GRQ7KC0nOygZFDvV9ANgOyfuEzsAJ1MmOwBW/5k7AFooKQBbKCkAXCgpAFHjnjsAWSgpAE
322=4mACcCOwBXAB5kSnUNXSgpAFT7oDsAVSgpACsmi047ADgoKQA3JgMnOwAl95w7ACwmLyc7
323=ADkoKQAk7J8COwAjAMq4oAI7ACoAzOkBY7gnbX5kKCgAJ0UUOyhFFDsoRhQ7ACdFFDsoRR
324=Q7KEUUOyhFFDsoRRQ7KEUUOyhFFDsoRRQ7KEUUOyhFFDsoGRQ7KBkUOygZFDsoGRQ7KBkU
325=OygZFDsoGRQ7KBsUOwB7KMQDpaIBfSByu38KADwo8To8KMU6PChzFDwAFKcIAgA8KJ0UPC
326=ieFDwApaICYQQXrOxoAScZFDwoGBQCPAAMAHRoQ2EEEeyfAjwADwB39wISAHnrARgAiOkB
327=GawQAQMAPAAl6E9pARsk0FdpAR0k1CUCBAA8ABywkGkBHiRIO2kBICRYMgIFADwAHyRARW
328=kBIagMaQEGqAwBBgA8ACcZFDwoGRQ8KO0TPCjtEzwo7RM8pBBnlzwAKygwASN4WLQCI6g9
329=qAEncRQ8KM07PChxFDygF6wFJ2VPPChyFDwAJ3EUPChxFDwochQ8ACdmTzwAJ/k7PCj5Oz
330=wo9RQ8KPUUPCj1FDwo9RQ8KPUUPCj1FDwo9RQ8KPUUPCj1FDwo9RQ8KPUUPCj1FDwo9RQ8
331=KPUUPCj1FDwo9RQ8KPUUPCj1FDwocRQ8JPBGrCYnoTs8KKE7PCjJFDwoyRQ8KMkUPN2kAH
332=FAWLBvaQFZiQECawFWAIxoO2kBV4gBlwJaAI/1AluIAZUCTibnKDwAU/enPABUKCkAUven
333=PABVJgZkPAAnjig8ACePKDwATyZ3OzwAI/+kPAAkKCkAJSgpACLvnzwAJiY2KDwAJxoUPA
334=AnGhQ8ACcZFDwoGRQ8KBkUPCgZFDwoGRQ8KBkUPCgZFDwoGRQ8KBkUPJAnIylNPCgREzwo
335=ERM8KBETPCgREzwoERM8KBMTPAB8YC0iYz48AHMkvCNxmHS0aGoBYQAjrFdpAWKJAQJpAX
336=K4f2kBbyRsOmkBcCgpAG4kwFV3AnEAoXMMCgA9KCU8PSglPD0ocRQ9KHEUPShxFD0ocxQ9
337=ABdoCSLbYz0AGKCTAgIAPQAZvHtpAQuNawVoASfJFD0oyhQ9ACdTPD0ADOmmPSglPD0oRx
338=Q9ABywkAIDAD0AG7QNaQEdtA1rAR4Ah2yqAgQAPQAfpBMCBQA9ACAoKQAvpAh1AkAoKQAh
339=sAl0AiebUD0AMLwKdQJBKCkALiQ0J3UCPygpACImi2Q9AAW0DQEGAD0AJ9EVPSjRFT0o0R
340=U9JsBVbAUnCj49ACc5ZT0oVRY9KFUWPShVFj2sGHGCPShVFj2kR7QCJ1UWPawYtAIn0RU9
341=KNEVPSjRFT0o0RU9KNEVPSjRFT0o0RU9KNEVPSjRFT0o0RU9KNEVPSjRFT2AQyNiKD0AJ6
342=FRPShNFT0oTRU9KE0VPShNFT0oTRU9KE0VPShNFT0oTRU9KBkqPSSAb7wgJzU+PSilFT3J
343=/gN4Mr2kAWgBvKSVAlSkeXQCqKaABKimgwRSAI14QGEEU4kBAmgBoKmMBaCpjQVLJLQiYw
344=ROAB98V2kBVSgrAFEAJ/cCJgDIJN0nPSiVEz0olRM9KJUTPSiVEz0olRM9KJUTPSiWEz0A
345=JzlPPSiVEz0olRM9KGkTPShpEz0oaRM9oCJllz0oaRM9KGsTPQBxtFJ9jnX/mT0AcyRUIH
346=UCdKhRagFcACNwa2gBoZ4BaQFfpNxpAWCIAZUCXbDddQJeiAGXAm8AlmAwdQJuJOBOaQFw
347=JDRqawFyAINwKmsBYgD0cCppAWMkLHQizCcnrWM+KJ0UPvykAAICAD4AEwAAAAAAAAIAPg
348=AUAAAAABEAAIYOACAFAAACAD4AFQCAAAICAD4AFoUBAGkBFygoAAQLAEAAAAACdwIYAKR8
349=AmgBAQ4AcgJ4AgEAPgAPKCsADQB09wIQAHfrARkAiOkBGnwHBAAAAwA+ABsoKwAcACxwAX
350=cCHQAw6wEeAC1oAQQEAD4AHwAx6QEiYAEEAAAFAD4ALygoAGkUALcCMAApfAJhBEEoKwAu
351=ACv1Aj8oKQAgoA9tBSO0DWkBIaQLaQEloA9rASQAi3QYaQEEaAkEAAAGAD4ABSgpAAYoKQ
352=AHKCkACCgpAAkoKQAmKCkAJygpACgoKACMGKkMKihUAIwYtAKEJqgBmCSoAZgkqQEyKNkA
353=MygpADQoKQA1KCkANigpADcoKQA4KCkAOSgpADooKQA7KCkAPCgpAD0oKQA+KCkAQigpAE
354=MoKQBEKCkARSgpAEYoKQBHKCkASCgpAEkoKQBOKCkATygpAFEoKQAKnFeTNVYAc3wCfTZX
355=iQECaAEEVAB5AAAAAWkBVYkBBGsBUgCN9QJTiQEDdwJLAJnnCEoAousBTACj6AECWgBOAQ
356=ChMFuIAYsMWQBZ9wJYAFrrAVAAJWRKfwpNACvpAWBoCQQAAAoAPgBmKCkAZygpAGgoKQBp
357=KCkAaigpAGsoKQBuKCkAdigpAHcoKQB4KCgAdSAAoQ96KFUAeygrAFwAVHABZxNvAJrrAX
358=AAnesBbACg6QFtqCJvBXEAhmwbawF1AIzoAQFiAO0D1Q1jKCsAXgDz9QJkKCsAXQD09wJh
359=APbrAWUA9+sBXwD56gFzAJRoAgsAPgBytHtpAXSoegILAD8ADGgUb58/ABEoKQASKCkAEy
360=gpABQoKAAnnRQ/KJ8UPwAXKIEAGaCIAgIAPwAatIZoAbWnA2sBGACcdAVoASf1FD8o9hQ/
361=ACf0FAI/ABAAeWAlbAUnnxQ/ABykKQMDAD8AHgCYHAIEAD8AHbgcaQEftKdoASefFD8AI3
362=gOc6M/ACQoKQAvpAgCBQA/AEAoKQAg66Y/ACWgGmEEMLwKaQFBKCkAJ7gcdgIuAIyMaQE/
363=KCkAJuumPwAhpD9gBGQ1imQ/ACchFT8oIhU/ACciFT8AJyIVPwAnIhU/ACchFT+gF31tP6
364=AXqAEnyBTMvbQCJ8kUP6QbtAInyhQ/ACfIFMwYoAQnyhQ/ACfKFD8AJ8oUPwAnGhQ/ACca
365=FD8AJxoUPwAnGhQ/ACcaFD8AJxoUPwAnGhQ/ACcaFD8AJxoUPwAnGhQ/ACcaFD8AJ8MTPw
366=A6nA0CAQYAPwCgnosBUgBtYD51AlOJAQJoAbiggAS5oAN0AriggAS5oAV3AkwAnuQIqJuY
367=BqibmwZYAFW8mQI/AFkAWOsBUAAZfFdnCFEAJOgBtJyFCE6AnogMA0kALAIAAJEJSokBBn
368=kGS4kBCWsBNwDQbEZpAV9wEW6UPwAnnxQ/AGEoVQBiKCkAYygoACciFT8AJyIVPwAnIhU/
369=ACciFT8AJyIVPwAnIhU/ACf2FD8AJ/YUPwAn9RQ/gMeemT8AJ/cUPwBurHMCCgA/AHGgZ2
370=kBOZE1AGgBraoBawE4AFciRCVpAWz7qz8AbfirAj8AbwCDZClhBHAoKAAnTBUCPwBdAOxg
371=JWEEZCgrAGUA7/cCXgDx6gFzAJBkZaJyuGFrAXQALnQmdZYQYAF9pEAonhRAACeeFEAAJ5
372=4UQAAnnRRAKD0pQCidFEAonxRAABq0DQICAEAAG6CIawELAEFwH2kBGKhOaQENJmopQAAn
373=yxRAAA/wowJAAAwAfGgibwUZAPhsG2kBHKyBAgMAQAAdqAEBBABAACdFFEAoRhRAACfDE0
374=AAHrA1AgUAQAAfvMVpASSw2msBJQChcCJrASYApekBJyR4K3QCJ5YTQAB4EpacQAB4EsgB
375=J8ETQCjBE0AowRNAKMETQCjBE0AowBPEtWGTQKQbqAGMOagBJ40oQLgZtAInjShApDy0Ai
376=UHLQYAQLBTtAInRRRAKEUUQLS6oAQnRRRAKEUUQChFFEAoRRRAKEUUQLBepAgnRxRAAD98
377=KLQCJRQveBF0QcwmJ8kUQCjJFEAoyRRAKMkUQCjJFEAoyxRAADqFsAJ9CgqdTABoAbGjAW
378=gBsaMDaAG0nIAEtJybBlQAVqibAkAAVwBX6QFZKCkAVu6fQAAn7BMCQABRABx8QHwKrJ+Q
379=Ca2fBnUCT5mgCmkBSICemBGlogR0AqWiB2gBpKKNBUyNBQ13AlgA53xLawFVAOnpAV6wKm
380=jBJ8kUQCjJFEAoyhRAACfKFEAAJ8kUQCjtKUAoyRRAKMkUQCjJFEAoyRRAKMkUQCidFEAo
381=nRRAKJ8UQABsoFRxFHa8bWkBbqhRaQF0vINpAXKoUWkBdahRaQE5gDuH3lwAU2wedQI3ga
382=kBaAGtqgNpAW3opgJAAHMAiXgydwJkAO5sJmkBZfCjAkAAXQDy9gJwACOgJWWib7wVaQFx
383=vBV1lg94Dn6kQQAnyRRBKMkUQSjJFEEoyRRBKMkUQSjJFEEoyRRBKMsUQQAYKIgBZA4EAA
384=ADAgBBACdwFAJBAAwAdmAadQIOJt89QQAbJLgodQIZuMFpARok2CxoASedFEEonxRBAB6g
385=iwIFAEEAJaQeaQEjpB5pASCkNGkBJygpAB+4MnUCISgpACSwuXcCIgCFcBRpASYoKABsaY
386=F9QSjJFEEoyRRBKI0oQSjJFEEoyRRBKMkUQSjJFEEoyRRBoDhkjCU8QKgBJ8kUQSQ8QLQC
387=J40oQbjUtAKQ4qgBJ8gUJSAstAInyRRBvFS0AiNMLKgBJ8kUQSjJFEEoyRRBKJ0UQSidFE
388=G4W6QIJ50UQSRAO7QCJ50UQShpKUEonRRBKJ0UQSidFEEonxRBAE2wSwIGAEEAO50NBWgB
389=vaQBawFSAHBoBGkBU4kBAmkBVIkBBGkBR6TkaQFIJNg3aQFVI/k7AGgBoakDawFQABtwQG
390=sBUQAe6AGlogd0AqWiC2gBuKCYEbmgCHQCuKCABLmgDncCWADRZHZrAVcA4ukBWSgrAFYA
391=5fcCWgDm6QFdZBsiPilBACfKFEEAJ8kUQSjJFEEoyRRBKMkUQSjLFEEAZCgxAWUoKAAn7S
392=lBKCEVQSghFUEoIRVBKCEVQSghFUEoIRVBKCMVQQBsoFRhNXas+mkBbeumQQB1qFF0AqHg
393=A2kBOCTUMGoBNwAjmERoAbWnAWsBcwCmcBdpAXSgiGkBciT8NmkBOSQ4LmgBJXhBcZJxtG
394=hpAW+kE2kBcLsRCwBCKN09QiidFEIonRRCKJ0UQiidFEIonRRCKJ0UQiidFEIonhRCACIE
395=KyOoUgtCABsAmAEAAAECAEIAHIkBBGsBDgB1aE5pAQ3opgJCAA8Af/cCGQDqaENhBBok2C
396=xpARgk0EFpASXjnkIAI/ScAkIAHQCZfJgCBQBCAB6JAQJpAST1nEIoaRNCKGkTQihpE0Io
397=aRNCKGkTQihpE0IoaRNCKGsTQgAfaDVngUIAICgpACEoKAAl0CsBBgBCACfOUUIAJ81RQi
398=hxFEKgOLAJJxkUQqw5tAInGRRCsMG0AiPAVqgBJxkUQqxPtAInGhRCACcZFEIoGRRCKBkU
399=QijlKEIoRRRCKEUUQoSUnsVCACdFFEIoRRRCJHwnoA8n5ShCKEUUQihFFEIoRxRCAEsozQ
400=RMKCgAJ3IUQgAnoVFCpGipDFAorACQabUCWyhUACIwNtwVqW8BbDGob4gBuKuIAbmrA2AE
401=uasFaQFHJs9RQgBIJDA4dQIp865CAEYmJ1JCACokWDJhBEq8eGgBqLGJDFaUsosMSQAqeF
402=5jBFgA03heaQFZiQECawFXANv3AloA3usBOgD+6AEnyRRCKMkUQijJFEIoyRRCKMkUQijJ
403=FEIoyhRCACfJFEIo7SlCKMkUQijJFEIoyRRCKMkUQijJFEIouT5CKPcUQgByqFwDCgBCAH
404=MAiFxpAW2oXGkBdeOpQgBvpJd2AnQAIyRcaQE5jT8EaQFc96dCAF2oGnUCbLQuaQFuJPRL
405=aQFwqAx5oHGoDAILAEMADbREAgIAQwAOKCgAJ1FSQyhFFEMoRRRDKEUUQyhFFEMoRRRDKE
406=UUQyjnKEMADJ1lBXQNpKKJAQ/4oAJDABAAgXxBYQQa+6BDABkkgCx1Ahsm5ShDKBETQygR
407=E0MoERNDKBETQygRE0MoERNDKBMTQwAKsB8CBgBDAB4oKQAfKCgAJ2oTQwAnaRNDJjw/eA
408=YlhFNoASWEU2kBJSgEASftE0Mo7RNDKO0TQyQwRHF3Q6xEqAGMRKgBJwE9Q6A4tAInNShD
409=vMK0AicZFEMoGRRDtMWgBCcZFEMoGRRDKBoUQwAnFWZDrE+4BifpZUMonRRDKJ0UQyidFE
410=MonhRDACedFEMonRRDKJ0UQyjlKEMonRRDKJ0UQyidFEMo5ShDKIU9QyhRUkMoIhVDACch
411=FUMolilDACdxFEPB9gNwNaVrBWgBpWsBaQEpJPgwawFWAKgkQWZD2O2ABLCYiQFKnZkGbA
412=W8mZQCvJmLDFcA3aSXAkMAWgDg6QFgt0QKAEMouRJDKLkSQ6x7Io0oQyi5EkMouRJDKLkS
413=Qyi5EkMouRJDKLkSQyi5EkMouxJDAGwoDQJ1KCgAJ89RQwBzoIhxFHK8T2gBJbROaQFxpE
414=1rAV0AUmwIaQFOIyU8AmkBUySAK2kBVIkBAWkBUaC3aQFSiAGVAk+suHUCUIgBlQJtuMx1
415=Am4kmC9pAVWZMgBpAW8kIExpAV4mx2ZDAF+0hnQCIxwxAgAACwBEKO0TRCjuE0QAJy09RC
416=iNKEQojShEKEUURChFFEQoRRREKEUURChFFEQoRRREKEcURAAZeCQi5z5EAAyYYQMCAgBE
417=ABvvn0QAGibXPEQAHLQYYAQnDU9EKMETRCjBE0QowRNEKMITRAAn0WJEKMETRCjBE0QoLS
418=dEKC0nRCjBE0QowRNEJgNTBgBEJkhnaAEnwRNEKLEnROCeDgYARAAqAAAAAAAABgBEACsA
419=EQAACg4AIAcAAAAAAAYARAAshQEAaQEwKCkAMSgpADIoKQAzKCkANCgpADUoKQA2KCkANy
420=gpADgoKQA5KCkAOigpADsoKQA8KCkAPSgpAD4oKQA/KCkAQCgpAEEoKQBCKCkAQygpAEQo
421=KQBFKCkARigpAEgoKQBMKCoALwB1EAF2IwsAkAxrAR0AUGgEaAEEVgCqAAAAAmgBA1cATg
422=EAAI0FWogBlQJbiAGcKwNcAFUBAACIAQFJACoC2QZKiQEHZQhLiQEMaAEBKAAuAs0FKYkB
423=A3QCAUcAzgPXAlgA3esBWQDe6AGcEgQAAAoARABRaBSpAVIoKQBhKCkAYigpAGMoKQBkKC
424=kAZSgpAGYoKQBnKCkAaCgpAGkoKQBqKCkAaygpAGwoKQBtKCkAcigpAHMoKQB0KCkAdSgr
425=AG8ALXABbhtwAIBUaQEuhDSGHl0AYR0BdwItAFd4MmkBTYgBlQJOiQEDdwJuAJ7xCVWIOI
426=cIcQCMdC5jBF8A6nAqawFeAOzrAVMA9OsBVAD36wFPAPjrAWAA+asBRQAPYAwEAAACAEUA
427=ECgpABEoKQASKCkAEygpABQoKQAVKCkAFigpABcoKQAYKCkAGSgpAAyFVQNgD6VVAWsBDQ
428=B8bBtrAQ4Af+kBG7gcdQIauBxrARwA73QYaQEFvAoCBgBFAAYoKQAHKCkACCgpAAkoKQAK
429=KCkAICgpACEoKQAiKCkAIygpACQoKQAlKCkAJigpACsoKAAnuRJFtEFma0UAJ7oSRQAnuh
430=JFACe6EkUAJ7oSRQAnuhJFACe6EkUAJ7oSRQAnuhJFACe6EkUAJ7oSRQAnuRJFuFCsECe6
431=EkUAJ7oSRQAnuRJFnDOeeEUAJ7oSRQAnuhJFACeOEkUAJ44SRQAnYhJFALWRAXkyL5kJAm
432=sBHwBOfCNpAR6NlARrAScApPUCV41dBXQCrZQDaAGslJEJWO6URQAnuhJFALiVjAW5lQh4
433=BrmVDWgBuJWECLiVgQ8qhZcHYwRHAMJkSmkBRPCYAkUASADP9wJZAOHoASflEkWBegBzmE
434=UAYGwYqQFhKCgAJxITRQAnEhNFACcSE0UAJxITRQAnEhNFACcSE0UAJxITRQAnEhNFACcS
435=E0UAJxITRQAnEhNFACcTE0UAbig4Aic+E0UAJz4TRQAnPxNFAHDwmAJFAHEALmAHAgoARQ
436=AuiTgAawFNAFP3Al0AVOkBLIWXAWAEqZsDawFvAKbgBLzQlQJPqHphBFQoKwBTAO58K3UC
437=XigpAF+gfXUCTuubRQBV65tFAFD/mUYADGwNfZlGKGkTRihqE0YAJ2oTRgAnahNGACdqE0
438=YAJ2oTRgAnahNGACdqE0YAJ2oTRgAnahNGACdrE0YAHSgNAguEYwICAgBGALleAWgBuV4F
439=awENAHS0nAJGAA4Ad+gBJ5QTAkYAGwDtaCJsBSfBE0YolhNGACeWE0YAJ5YTRgAnlhNGAC
440=cSE0YAJxITRgAnEhNGACcSE0YAJxITRgAnEhNGACcRE0YoERNGKBETRigRE0YoERNGKBET
441=RigRE0YoERNGKBETRigRE0YoERNGKBETRigRE0YoEhNGACcRE0YoERNGKBETRqhWYZ5GKB
442=ETRigSE0YAJ0slRgBJvzYGAEYoEhNGAKWXA3UCCpU5AGkBIJGYBGsBIQBPYAdpASeg9msB
443=VwCpcPtpAVgmdyVGAFmJAQJ0AqibkAmom5QCJz4TRgCxmAlsBbGYDmgBsJiMBbGYBXQCsZ
444=gIawFEAMRgRmsBRwDH6wFGAMnrAUUAy+gBI6wieZVGgLGRmEYoUSZGKGkTRqR+rQVefB2o
445=ASfCE0YAJ8ITRgAnwRNGKMETRijBE0YowRNGKMETRijBE0YowRNGKMETRijBE0YowRNGKM
446=ETRijBE0YowxNGAG8ovQJwKCkAcSgoACdFFEYoRRRGwZ4BdT4svCNoAayflAKsn4kBVpk9
447=AGEETueXRgBUKCsAXwDwdC5jBE8A8ekBVekBRyi5EkcouRJHKLkSRyi5EkcouRJHKLkSRy
448=i5EkcouRJHKLkSRyi5EkcouxJHABu/IAIAR5sXAAABaAGhXAVoAaBclwINAHKtlEcouBIC
449=RwAMAHv1AgsmAydHABywH2cIGgDyZB5rAR4A8+sBHQD16QEfsLlgBCdhEkcoYRJHKGMSRw
450=AnvBUCBgBHAC8oKAAnjRJHKI0SRyiNEkcojRJHKI0SRyiNEkcojRJHKI0SRyiNEkcojRJH
451=KI0SRyiNEkcojRJHKI0SRyiNEkcojRJHKI0SRyiNEkcojRJHKI4SRwAnXThHKM8lRwBHKP
452=ADJxETRygRE0coExNHAC68nG8mCABKYAdpAQmJAQJrAQcATfUCIp2ZBHQCuV4BaQEjpHlr
453=AUoAoO8FSwCj6QEovPxhBCsoKACsn4QIrZ8DYASsn5QCrJ+UAifsEwVHACkALQIAAI0QKo
454=kBCHsGRgDGYEZoASMIKWmQR5QVhZdHsHS0Aid9JkcoERNHKBETRyTYIq0FVWwYqQFWKCgA
455=JxETR6gfoAQn1SZHKBETRygRE0coERNHKBETRygRE0coERNHKBETRygRE0coERNHKBETRy
456=gSE0cAJxITRwAnEhNHACcTE0cALYQhAwQKAEcATbgfawFdAFto0mgBtdMDaAEnDzlHAGCs
457=c3cCXgD2aC1pAWGscwEKAEgAJcM0AgBIKI0SSCiNEkgojRJIKI0SSCiNEkgojRJIKI0SSC
458=iNEkgojRJIKI8SSAAauDJgDye7EkgAHChUACfOJUgAoVwBbAWhXANoAbVaBWkBDPKYSAAn
459=PxNIAA4oVwALAHa8mQJIAA8AgekBHyScKmYIHgAjsD1pASCsJmkBIaAlaAEnERNIKBETSC
460=gRE0goERNIKHUlSCjlEkgo5RJIKOUSSCjlEkgo5RJIKOUSSCjlEkgo5RJIKOUSSCjlEkgo
461=5RJIKOUSSCjlEkgo5RJIKOUSSCjlEkgo5RJIKOUSSCjlEkgo5RJIKOUSSCjlEki4kiJ9Jk
462=go5RJIKOUSSMhZAwUGAEgAI6hZawFKAJhsP2sBSwCb6QEu45NIACwmODkCSAAvAKXhBCiN
463=iQF4BqSMnAqljAl1AiuBBA1rAUYAyGRgaAEnsRFIKLERSIhsnY5IKMUkSKgUaYVIKLERSC
464=iyEUgAJ7IRSAAnHSVIKMUkSCixEUgoxSRIKLERSCixEUgosRFIKLERSCixEUgosRFIKLER
465=SCixEUgosRFIKLERSCixEUgosRFIKLERSNmKAXGCXJiKiAGljAN3AloAX3QuaQFbiAGBBF
466=gkhDx1AlmIAZUCV7gfdQJWvDZpAV+wbGkBYCQQNGkBYSbFJEkmjzMCAEkoYxJJAAt6DgAA
467=dAIncUtJKLkSSSi5EkkouRJJKLkSSSi5EkkouRJJKLkSSSi5EkkouRJJKLkSSSi5Ekkm9D
468=V4ESezEUkADCbZN0koHyVJAB7njEkAICgpAB+wH2UIISQkPGkBHP+OSQAdKCkAGyR8PGAE
469=JwkSSSgJEkkoCRJJKAkSSSgdJUkoNRJJKDUSSSg1EkkoNRJJKDUSSSg1EkkoNRJJKDUSSS
470=g1EkkoNRJJKDUSSSg1EkkoNRJJKDUSSSg1EkkkGDZ1hkkoLRFJKC8RSQBDgAcBAQYASdSG
471=iwFLAJZwQ3UCLOCIAkkASgCZ9QIu7IkCSQAtAJ/3AkkAoukBTCa+I0kArYkCcAmtiQZoAa
472=2JCmgBrYkOawFEAMysiQFJAEUAJTVJSSMEOYGISShZEUkoWRFJKFkRSShZEUkoWRFJKFkR
473=SShZEUmcatwKJ002SahsYZNJKIURSSiFEUkohRFJKIURSSiFEUkohRFJKIURSSiFEUkohR
474=FJKIURSSiFEUkohRFJKIURSSiHEUkAWSSoZwIKAEkAXLRSaQFClTkAaQFNvCNrAT8AWHgy
475=aQFAqKlpAUGJAQFrAVYAmuMEVwCh6QFYqDhhBF0knCprAVoAg3z8awFbAIXpAV8osBEnQS
476=RKKLERSiixEUoohRFKKIURSiiFEUoohRFKKIURSiiFEUoohRFKKIURSiiFEUoohxFKAB94
477=GXWcSiiFEUooOSNKKDkjSiizEUoADyZTXUoAG+eMSgAdKCkAILCuAgIASgAc/45KAB7+jk
478=oAJwsSSgAa8Y1KKDVJSiixEUoosRFKKLMRSgAoqxcGAEqkPH14SijdEUoo3RFKKN0RSijd
479=EUoo3RFKKN0RSijdEUoo3RFKKN0RSijdEUoo3RFKKN0RSijdEUqgTqQTJ41JSig5I0ooOS
480=NKKDUSSig1EkooNRJKKGUjSiPANSNQXQFKAEMAIt1dAnwgtVoBaQEjvHtpAS37lUoALKhZ
481=dQJLKCsALgCdbCl1AkwoKAC1kQd0ArWRC2gBtZEPaAEjiHBlgUqwaagBJ8E0SiixEUqwEa
482=AEI5xXqAEnDiNKACfBNEoj9FedjkqA/sgBJ4VISiiFSEooNRJKKDUSSig1EkooNRJKKDUS
483=Sig1EkooNRJKKDUSSig1EkooNRJKKDUSSig2EkoAJ0lcSig3EkoAWSbzW0oAXaBUAgoASg
484=BatFJpAVyoUWkBQok4AGkBTo0pBGkBP7QmaQFPtBtrAVgAnHA1aQFe/45KAEAknGF0AiJw
485=NgMAAAALAEsoWRFLKFkRSyhZEUsoWRFLKFkRSyhZEUsoWRFLKFkRSyhZEUsoWRFLKBk1Sy
486=hZEUsoWRFLKFkRSyhbEUsADCaUNAJLAA8AeWimAgIASwAa74lLAB0mA0hLACAoKQAbrKpt
487=BR4oKAAAAyEA8QMAAAACAEsAGQD0AwAAAAIASxEAAPANACALACQAAAAAAAAGAEsAJQCAAG
488=kBJoQBlQInKCkAKCgpACkoKQAqKCkALCgpAC4oKQAvKCkAMCgpADEoKQAyKCkAMygpADQo
489=KQA1KCkANigpADcoKQA4KCkAOSgpADooKQA7KCkAPCgpAD0oKQA+KCkARSgpAEYoKQBHKC
490=kASCgpAEkoKQBKKCkASygpAEwoKQBNKCgABEQAPwAAAAVrLU4AUOgBBCMAUwAAAAF3Ai0A
491=nnQFawErAKbpAVFgAQQAAAoASwBSKCgAcQYAtQJUKFUAVSgpAFYoKQBXKCkAXigpAF8oKQ
492=BgKCkAYSgpAGIoKQBjKCkAZCgpAGUoKQBmKCkAZygpAGgoKQBpKCkAaigpAGsoKQBsKCkA
493=bSgpAG4oKgBZAIRNfiBdAIRNagFaAJhLagFbAIxKaQFDiS0DagFPAIAoaQE/qC1qAVAAiB
494=ppAVi0LmgBAVwAiQLQKgFAAMQDywFBAMnrAUIAzasBTAAMpBMCAgBMAA8oKQARKCkAEygp
495=ABQoKQAVKCkAFigpABcoKQAYKCkAGygpABwoKQAdKCkAHigpAB8oKQAgKCkAISgpACIoKw
496=ANAHZ4HGsXDgB36wEQAIDpARIoKwAZAOxkHm8FGgDv6QEkswkGAEwoAhFMACcCEUwAJwIR
497=TAAnAhFMACcCEUwAJwMRTAArKDABhDxjk0wALShUAJA9tAInWRFMvD60AidZEUyoQLQCJ1
498=oRTAAnWhFMACdaEUwAJ1oRTAAnWhFMACdaEUwAJ1oRTAAnWhFMACdaEUwAJ1oRTAAnWhFM
499=ACdaEUwAJ1oRTAAnWhFMACdaEUwAJ1oRTAAnWhFMACdaEUwAJ1oRTAAnWhFMACdbEUwATi
500=ijBEQAQ66JTAC5XgFkNAQjAFsAAAACaQFArwUKAEy0YmGITChZEUyAZJpeTAAnWhFMACda
501=EUwAJ1oRTAAnWxFMAF0oXAEnhhFMACeGEUwAJ4YRTAAnhhFMACeFEUy4cbgRJ4YRTAAnhh
502=FMACeGEUwAJ4YRTAAnhhFMACeGEUwAJ4YRTAAnhhFMACeGEUwAJ4cRTABY+4pMAFv7ikwA
503=WbhLYSVarEppAUOdKwBpAT+EuIkBUKAodwJcAKRkIWsBQQDCdGVrAUIAxasBTQANeAMCAA
504=ACAE0o1hBNACfWEE0AJ9YQTQAn1hBNACfWEE0AJ9YQTQAn1hBNACfWEE0AJ6gQAk0AEAB4
505=q3pNABIoKwAOAHr3AhoA6mQTexEZAO7rARsA+egBJ6EPTSihD00ooQ9NKKEPTSihD00ooQ
506=9NKKEPTSihD02sLnl0TSihD024L7QCJ6EPTaQxtAInoQ9NsDK0AiehD00ooQ9NKKEPTSih
507=D00ooQ9NKKEPTSihD00ooQ9NKKEPTSihD00ooQ9NKKMPTQBEozsGAE0ozQ9NKM0PTSjND0
508=0ozQ9NKM0PTSjND00ozQ9NKM0PTSjND00ozw9NAE8o4QFDpAtsELlTAWsBHQBZaARpASKE
509=gZQCsYIDdgIgAIx2aQEhiAGBBB64d3UCH4gBlAKM6Xl0TbBeqAEnMSJNKNUQTSjVEE0o1R
510=BNKNUQTYwNkY1NgAzIASepEE0oqRBNKKkQTSiqEE0AJ6kQTSipEE0oqRBNKKkQTSipEE0o
511=qRBNKKkQTSipEE0oqxBNAECAfQIECgBNAKF9AWsBXACZcCprAVsAoOsBXQCj6wFYAIhwbG
512=MEWgCO6wFBAP9ka3UCQokBAmgBnDMEAAALAE4ADnwHfYNOKPkPTij5D04oow9OABkorAAn
513=pSBOKPgPAk4AEAByYA8CAgBOABIoKwARAHv3AhYAfOsBDwB+6wETAH/pARcoKwAaAPJoF3
514=AJJdghAQYATgAl2CFoASXYIWgBJdghaAEl2CFpASO8FWgBJ1kRTihZEU4oWRFOKFkRTihZ
515=EU4oWRFOKFkRTihZEU4oWRFOKFkRTihaEU4AJ1kRTihaEU4AJ1kRTihaEU4AJ1kRTihZEU
516=4oWRFOKFkRTihZEU4oWRFOKAERTiiqEE4AIhQwI/U1TrjJcZhOKAERTigBEU4oARFOKAER
517=Trh8uAYn0SBOKAERTigBEU4oARFOKAERTigBEU4oAxFOADmgKGU0PCgpADq0JnUCPSgoAL
518=1iBXUCHayBaAGhXAFoAaFcA2gBJ30QTihREE4oURBOKFEQTiilIE4o+Q9OKPkPTij5D04o
519=+Q9OKPkPTij5D04o+Q9OKPkPTij5D04o+Q9OKPsPTgBYtEcCCgBOAFq0R2kBUCR0JGkBWy
520=bPME4AXSgrAFkAimBnYwRRAPR0ZWkBXigrAFIA9/UCXygrAFQA+PUCXOkBTyh5IE8oow9P
521=ABqsaAECAE8AJ80PTyjPD08AE+N9TwAWKCkAFygrABEAdXAUZQgSKCkAECZLME8AFP+DTw
522=AVKCkAGOaBTwAn+Q9PKPoPTwAn+g9PACf6D08AJ/oPTwAn+Q9PKP1BTyj5D08o+Q9PKPkP
523=Tyj5D08o+Q9PKPkPTyj5D0+oVn1iT6A4qAEn+TBPtFe0AidJME8oSQ9PKEkPTyhJD08oSQ
524=9PKB0PTygeD08AJVwtAgYATwBBpDRpAUIoKAAiXS4AoA8npSBPKKEPTyihD08ooQ9PKKEP
525=TyilIE8ooQ9PKKEPTyihD08ooQ9PKKEPTyijD08AObwjcRQ9oFxpATygHWkBOiRIJGkBMb
526=AMaQEyiQECaQEzpAtoAbl/AWkBMCQkMGsBOwCFfExpAVmgrAIJAE8AV6CsaQFYJLA9aQFa
527=oyUKAE8jgCIjISBPKCUQTyglEE8oJRBPKCUQTyglEE8oJRBPKCUQTyglEE8oJRBPKCUQTy
528=gmEE8AoX0BehFSACOALGkBVCgpAF4oKQBcJHw8YQRRJAQtaQFfJKg8awFTAPO3e08AVSgp
529=AF0oKQBWJLQtAgoAUAAQvCABAgBQACdLMFAAEihUACfJH1AoJRBQKCUQUCgnEFAAMJlLAn
530=AJqTgBaAGpOANoAag4lQIU/4NQABUoKAAnAhFQACcDEVAAE+uFUAAYJvVAUCj5D1Ao+Q9Q
531=KPkPUCj5D1Ao+Q9QKPkPUCj5D1Ao+Q9QKPkPUCj5D1Ao+Q9QKPkPUCj5D1C4W31tULhbqA
532=EnwT9QKHUPULBeoAQnET9QKKEPUCihD1AooQ9QKKIPUAAnoQ9QKEUfUChFH1CEMZl/UCih
533=D1AooQ9QKKEPUCihD1AooQ9QgG/ECCcZQFAooQ9QKO8eUAA6JGwjAgYAUAAvqA9pATSFdg
534=RpAR2ZbAJpATW0aGkBTiQgK2kBTyQgK2kBHiSMKGoBHwAjYChpATwkTCtoASU4RAIHAFAA
535=V7AtAgkAUABW431QAFkkKCx3AlgA+nBhaAEiTEKBfVAoSA8lVE4iUTFQKEkPUChJD1AoSQ
536=9QKEkPUChJD1AoSw9QAFGonmRrcAHUDSceD1AAJx8PUABf6npQACdID32A7XwVZghdACcp
537=AFLgfQJQAFUA8eEEYOt6UABh8/tQAFrl+lEoSQ9RKEkPUSjBP1EonR9RKHUPUaw5IkkwUb
538=ioqAEjqFOoASWfKgIAUdk9AWgBuT0FaAEnSQ9RKE0gUShLD1EAFOl6UShJD1EoSQ9RKEkP
539=UShJD1EoSQ9RKEkPUShJD1EoSQ9RKEkPUShJD1EoSQ9RKEkPUShJD1EoSQ9RKEkPUSiVHl
540=EoHQ9RKB0PUSjxDlEo8Q5RKPEOUSjxDlEo8Q5RKPEOUSjxDlGkaH2DUSjxDlEo8Q5RKPEO
541=USjxDlEo8Q5RKPEOUSiVHlEo8g5RACdfLVEAOqBnAgYAUQA88fBRyVkBdQI1I0E6AGgBtF
542=qVAhsjDS0CdQIclHuUAqF9A3UCLujzAlEATgCYaMp3Ak8Am+sBHgB0o/ZRAB+8umMEOQCG
543=9wI7AIvoASXQTAIJAFEAVu1+USbQTHUCVbQYaQFXpGBoASeZUFEozQ9RoJBtflEozQ9RKM
544=0PUSjND1EozQ9RKM8PUQBSgH0DBAoAUQBTuAloASdLD1EAYPd7UQBa4/ZRAF4oKQBc4/ZR
545=AGEoKwBUAPC3e1EAW/V7UijxDlIo8Q5SKLk+UigdD1ImwykCAFIoHQ9SKB0PUrgkfXhSJr
546=w5bAUlcCppAS6dTwJoAaU/AWgBJ2keUigfD1IAFag4YAQnaR5SJkwgAQYAUgAl7GBoASe9
547=LlIodQ9SKHUPUih1D1IodQ9SKHUPUih1D1IodQ9SKHUPUih1D1IodQ9SKHUPUih1D1IoqT
548=xSKPEOUijxDlIo8Q5SKPEOUijxDlIo8Q5SKPEOUpAnneZSKPEOUijxDlIo8Q5SKPEOUijx
549=DlIo8Q5SKPEOUijxDlIoMy1SADy0lH0rOrxiaAEniy1SAC2gEnUCN6wIaQE4ifMAaQE2lX
550=sEaQEaiXoBaAG1ewNrAU8AlqR2AlIATgCa6wFQAJ/rAVEApegBA1IAlwEAAJgGJ3UPUih2
551=D1IAJZRKAgkAUgBVpPppAVekYGsBVgD2ZGBoASexXlKobGV2UijFDlIoxQ5SKMUOUijHDl
552=IAU5gRAwYKAFIAXOFyUigRHlIoER5SKMcOUgBa5+9SAFsoKAAnmw5SAFQkaEp/Cl0A9XwV
553=aQFZqxcKAFMomQ5TKJkOUyiZDlOoNXVwUyjFDlMoxQ5TKMUOUyjFDlMoxQ5TJodIAgBTJj
554=g5aAG5PQFoAbg9iAG4PYgBuT0FYAQnSw9TABcmYz5TABXo8wJTABgAeXyvbAUnWT1TKJkO
555=UyiZDlMomA4AAlMAJgAAAAAAAAYAUwAnAAAAAAAAEQAAkw4AIAMGAFMAKACAAGkBKYUBAG
556=kBKigpACsoKQA/KCkAQCgpAEEoKQBCKCkAQygpAEQoKQBFKCkARigpAEcoKQBIKCkASSgp
557=AEooKQBLKCkATCgpAE0oKQBOKCoAOgCUBWEaO4kBAmoBPACAB2kBPYgBlgI5AGEHBHcCPg
558=BPbAhrARoAVOsBLABd6wFPAJrrAVAAnegBBFEAlwEAAAF5BlKIAZAJAx4AcgIAAJMqHwB1
559=6wEcAHvpAR0oKwAgAH33AhsAfusBIQB/6wFYAC10DQQJAFMAVgAv6wFVADPoAQRaAJUBAA
560=AAYQRbiQEEaQFTmREHaQFUiQEKawFZAIp8CmgBAVcA8APYBpAcBAAACgBTAGJ0CqkBYygp
561=AGQoKQBlKCkAZigrAF8A6nAJZQhgKCsAXgDu9wJhAPHrAVwA8qsBVAAUpAgCAgBUABUoKQ
562=AXKCkAGCgpABkoKQAuKCgAgiIAAGUIMChVADEoKQAyKCgAhCatBTQoVQA1KCkANigpADco
563=KQA4KCoALQB1XQJ0Db1MAWgBvUwDaAG8TJUCPZxMlAK9TAVgBLxMgwQWAHhsMXYCJQCEFg
564=MFAFQAIwCEFmsBJACLYARpARusEAIGAFQAHygpACAoKQAiKCkAJigpACcoKQAoKCgAJ84P
565=VAAnzg9UACfOD1QAJ3UPVJwdillUACd2D1QAJ3YPVAAndg9UACd2D1QAJ3YPVAAndg9UAC
566=d2D1QAJ3UPVJB0yAyQdGJnVAAndA8CVABPACxwF3EfUKRgaQEsrBNpAT+RdwRoAbF3AWoB
567=QACEWGsBTgCk5AildgJ1Ah34dAJUABwAdGgtdwIeAHfrASEAeugBtHsDBQcAVABZtCYCCA
568=BUAFiwNWgBtXABaAGpbwhqAVYAjFUCCQBUAFWsBWgBuXQFaAGtcwtpAVe8YmkBXnQVd3BU
569=AGEoKAAnbQ5UpBugBCduDlQAJ28OVABdiJsDAAoAVABckYIJaQFf43JUAGDhclUo6g1VAC
570=fqDVUAJ+oNVQAn6Q1VuBltaFWkMagBJ+kNVaBZtAKAWagBJ+oNVQAn6g1VACfqDVUAJ+oN
571=VQAn6g1VACfrDVUAObwgAgIAVQA6KCkAOygpADwoKAC5dANvBT0AoHwCawE+AKXpAT+Eoo
572=EEFqw8YQQkeAMEAAAFAFUAIrwYaQFGKCkAIKg4dQJEKCsAJQCIdER1AiHndlUARSgrACMA
573=jOAEJ24OVQAnbg5VACduDlUAJ20OVbRMcWFVKG0OVShtDlW8X6AEJ20OVSjpDVUo6Q1VKO
574=kNVSjpDVUo6Q1VkJWVcFUo6A0BVQBRAIg7AgYAVQBQpM5oAalvAWgBvEyLARoAU2AodwJO
575=AJ7oAa1dBnQCoVEKaQFAgDCVAhz2cFUAJ0IOVQAnCB0CVQAbAHx4J3kGH/jiAlUATwCG9Q
576=JStyYHAFXsc2kBWKxKaAGtcwJpAVOsBQIIAFUAV6g4aQFU7uxVAMhcBAkAVQBWAPpg1WkB
577=YHgZfW1VKEEOVSixHFUoQg5VACdDDlUAXpRwAwQKAFUAX4yUAwAKAFYAFrMJAgBWKL0NVi
578=i9DVYovA3Yh2xozP+oAZAyqAGAx6gBJ70NVqg1tAInvQ1WKL0NVqwjoAQnvQ1WKL0NVii9
579=DVYovg1WACe+DVYAJ7wNAVYALQAiaSgCYRo9pD9pAT6NPAFoAb1tBGgBJ5MNVgAitC4CBQ
580=BWACUoKQBGKCkAI7iNYQQn93BWAEgoKQAhvLpjBEUApngqaAGxSwdpAUGNEAppASYk6CNp
581=AUcoKwAgAI54SHUCRCgoACdBDla4RXFsVihBDlYoQQ5WKBUOViiFHFYovQ1WKL0NVii9DV
582=YovQ1WKL0NVphFl3BWAE+8IAIGAFYAUKQeaAHUWmkBLJUuAGgBvUwFaAG9TAFoAaByiAGl
583=YAN0AqFyB2gBJ+kNVijpDVYo6w1WABv44gJWAB8AeWAleQZc43JWAF3gcgJWAFkAieEEUa
584=D2AgcAVgBSoIhpAVewTmgB0JsCCABWAFO4HGkBVKQIaQFWpDRpAWGoJWFnYokBAmkBY7Qm
585=aQFghGsBBAoAVyg5DVcoOQ1XKDkNV7xJeV5XKPkaV6gUtAInOA3Ug7QCJ/kaVyj5GlcoOA
586=3EG6wFJzkNVyg5DVcoOQ1XKDkNVyg5DVcoOw1XAD1gWbAJpGsCAwIAVwC5aQJoAbhpAwUD
587=AFcAJqhDAgQAVwBHKCkAJKibdQJFKCgAvWIIdQIlqC1pAUYoKQAnrDECBQBXAEgoKQBEtC
588=Z1AkmoDGkBQ7wKaQEhJGg0awEiAKFwF2kBI7jtaQEpIwUiAGkBKokBBGgBrXMLaQEouD1o
589=ASdBDlcopStXKL0NVyi9DVcoZQ1XKGUNV4xEjWhXrERxd1coZw1XAFigGgEGAFcAxDdoAb
590=lpAWgBqE6IAalOA3QCvUwFaAGlawBrAVoAomQeaQFPtJFpAVuwH2gBJ5ENVyiTDVcAXfXe
591=VyiTDVcAXP5tVwAnGypXAF4mtzhXAF/8bQJXAFkAgL9tVwBQ7uFXANeUBwBXJsApawFRAI
592=dsBWgBI2w7BAAACABXAFKoF2kBU78VCABYKOEMWCjgDCUMOmxS0CeoASf1NVgoDQ1YrESg
593=BCdJGlgoSRpYKA0NWCgMDcCbuAYnDQ1YKA0NWCgNDVgoDQ1YKA0NWCgNDVgoDw1YACwkSC
594=QCAgBYAD6gJWkBP6S7AgMAWABAqAECBABYACewvGkBKCgpACawYXUCRygpACS4SHUCRSgo
595=ANTTdAIlKDdoASW4KGkBJbREaQFGKCgAqWQBdQJBqAwCBQBYAEO8CmkBIqCWaQEgrCloAb
596=lpBWsBIQCFbDxpAUm4PWkBQuVrWCi1DFgotQxYKLUMWCi2DFgAJb8jBgBYJrwjaAHcp2kB
597=Vrh/aAGxYQFpAU8mZ0RYAE6wS3UCK41+CWgBJzEMWCgxDFgoxxlYAFn/YlgAXCgoACe3DF
598=gAXihUACd3GlgAXybTNlgAWvdlWABbKCkAWO7WWAAnESlYKOMMWABRty4HAFgmCChpAVK4
599=J2kBUyRAL2kBVOkBWSiJDFms3n1XWagJqAEj/DeoASe1DFkotQxZKLUMWagqrAUnxRlZKL
600=UMWSi1DFms6awFJ7UMWSi1DFkotQxZKLUMWSi1DFkotwxZAD2wFwICAFkAPqwTaAGxSwZo
601=Aak4CmgBJ+MMWQAoqGQCAwBZACawF2gBqVkCaQEnrMtpAUGsBQIEAFkAQigpAECoJXUCRa
602=BcaQFDsCJpAUSsXWkBRrjMaQElvExpASS8TGkBR7CYaQFIoH1oASX0NWkBSbQNAgUAWQBK
603=qAxrASIAjaFnWShdDFkoXQxZKF0MWSgVGVkj0CGZzFkotwxZAFCoDAIGAFkAUqgMaAGpZA
604=BoAScFDFkoBQxZKAcMWQAf41xZAFgoKAAnXwxZAFooVQBbKCgAJ7UMWShtGVkotQxZKJkZ
605=WSi3DFkAIOtkWQBX6GQCWQAhAIFoIn0VUag4aQFWJIAsaAEjpDcCAAAHAFkksFSpAVVk4W
606=kBWuP2AgBaqEtlVVqsI6gBJ10MWrw+tAInYTNasCe0AicVGVq0QbQCJ2EzWihdDFooXQxa
607=KCFBWihdDFooXQxaKF0MWihdDFooXwxaACi0WnQYtVoDaAG9YgdpAT0k7D9oASU8PwIDAF
608=oAQKBcaAHYXmkBP7gfaQEmvLppAUKgHWkBJbQNaQE+JDQzaQEkvCMCBABaAEisc2kBI6Qh
609=aQFFKCsARgCDfDZ1AkcoKQBDuMF0AiXgTgIFAFoASagMaQFKtBhoASczDFoAIbc5BgBaKF
610=0MWihdDFooXQxaKF8MWgBRKNkAUqQeZQhUuBxoAbFhAWgBJzEMWigxDFooMQxaKDEMWihl
611=GFooBgxaACcFDFoovRhaKAcMWgBYJgNeWgBeKCsAGwB2YCVtEFcoKQAg98haAF8muzNaAE
612=//YloAUCb6JVoA2MFkCCdeDFoAJwUMW6hAZVVbKDEMWygxDFusI6AEJzEMW7A9tAInMQxb
613=sCe0AicxDFu8PrQCJzEMWygxDFsoMQxbKDEMWygxDFsoMQxbKDEMWygxDFsoMwxbAD2kFg
614=ICAFsAKbgUaQE+rBNpAUEoKQA/qFl1Aii4FGkBQKyJaAElI0wDAFsmIExpAUIkJCZpASUk
615=0ExpASSgKAIEAFsAQ6wQaQFFtA1pAUS09GkBRqQsAgUAWwAjsBRpAUqgZ2kBIrgRawFHAI
616=RwQGkBSCgpAEkmHiVbACfVXVsoMQxbKDEMWygxDFsoMQxbKDMMWwBS8mFbACVMVwEGAFsA
617=JbhJaAElhEdpAVckqFJrAVgAo2AHaAEnTUxbKF0MWyhfDFsAUO3AWyhdDFsoXQxbKF8MWw
618=BZJn8xWwAc+15bAE8oKAAnBwxbAF3nYFsAUfteWwBTJtcxWwBVJBckBgBcKK0LXKg1bVJc
619=pDGoASMIa6gBJ60LXLwztAInrQtcuDq0AietC1woFSRcKIELXCiBC1wogQtcKIELXCiBC1
620=wogQtcKIELXCiBC1wozTBcJGRFrRA+qE4CAgBcAD+4tmgBJTxKaAEl6CNrATMAJ2RKaQFB
621=JAQiaQEpvOZoASVgSQIDAFwAJaglaQFCqAxpAUS4H2kBQ7RlaQFFvGIBBABcACczDFwARr
622=y6AgUAXAAjJg8jXAAcZEcizTtcJNwzqAEnFWZcKGlKXChJMFwoVQtcKFULXChVC1woVQtc
623=KOkjXCiBC1wkqHS3DVcAlnQQa0NYAJvpAVbhXFwoKQtcKCsLXAAg6VlcKCkLXCgrC1wAU/
624=9XXAAd81ZcAFAoKQBZKCkAUfO5XABc61lcACEmvyNcAFQoKQBV41xcACIm6SNdKFULXag1
625=fUFdKFULXbQ2tAInVQtdKFULXbSOoAQnYUldqKO0AieZL10opQpdKKUKXSilCl0opQpdKK
626=cKXQA+dCuwCSWrfgIAXfxXAAECAF0AJgArAAAAAAIAXQAnAC0AEQAAkw0AIAgAAAACAF0A
627=QQAtAMsBKQAu6wFCADHoAQE1ACACwQQ2KCkANygrADQAIeMEOAAm6wEoAIvpAUNoCQYAAA
628=MAXQAlACtwAWsBRACGYARrAUUAKXQCAgQAXQAkoARpAUakEwgFAF0ARwCVAQAAAGkBSIkB
629=BGsBIwCNZAhpAR18BwQAAAYAXQAiKCkASSgpAEooKQBLKCkATCgpAE0oKQBOKCkATygpAF
630=AoKQBZKCkAXCgrAFcAlnABbxBWAJrrAVgAnesBIAByfBVhBFMoKQBUKCsAUQB04wQfAHXr
631=AR4AdukBWigrACEAd/UCVSgrAFsAefcCUgB7qQFetCsEAAACAF4AKnARqAGEMakBLChUAJ
632=RBtAKUQakBLyiBADAoKACMRKEEMihVADMoKQA4KCkAOSgpADsoKQA8KCkAPSgpAD4oKQA/
633=KCkAQCgpAEEoKwAnAKBwAW8bKACj6AEEJgCUAQAACXcCNQAXfCBpATYoKwA0ABn3AjcAHO
634=sBOgAl6wFCAIjoASf/Cl4AJZwKAgYDAF4AJ/8KXgBGuCoCBABeAEWwVmkBJI0FA2gBvVcB
635=aQEjlAICAAUAXgCpWQVpAR5gF39XXgAfKCgAJ6YKXgAnpgpeACemCl4AJ6YKXgAnpgpeAC
636=enCl4AVigxAVgoKAAn/wpeAFooVQBbKCkASqQLBAYAXgBXAJ58AmkBSYlvCWkBIfNWXgBS
637=KCgAJ1YLXgAnVgteACdXC14AIP5XXgAn0AoCXgAiAH9rLQYAXyilCl+oKnFLX6iCqAEnpQ
638=pfoC20AiemCl8AJ6YKXwAnpQpftJmsBSemCl8AJ04KXwAnIgpfACciCl8AJyIKXwAnIgpf
639=ACciCl8AJyMKXwBCoBICAgBfAEO8DWgBpSkBawEnAJhkKWsBKACb6AGlSgd0ArFWCmgBqU
640=MGaAG0LpcCNAAaYCV1AjUoKQA2KCkANygrADoAG+8FMwAj6AEngxZfADvttV/8VwIDAF8A
641=RLQYaAGxVgJrAUUAiWQIaAG8VwIBBQBfAKFcBGkBH3gZf1dfACAoKAAnpQpfvEmgBCelCl
642=8opgpfACd6Cl8AJ3kKXyh7Cl8AS40IBHdETABjcAxoASfJCV8oywlfAFXvUl8AUuOpXwAh
643=909fAFEoKQAi96dfAFbrpl8AV+1SYChNCmAoTQpgKE4KYAAnTQpgsCd9TGCs6agBJ00KYC
644=hNCmCsRKAEJ04KYAAn9xRgADRwHKEENSgpADYoKQA3KCgAJ6UVYChXC2AAOiiAACfRFWAo
645=rQtgKK0LYCiuC2AAJ60LYCitC2AorwtgAEIoXAHA6wICAGAAQ7gfaQFEtBtqAUYAlBtoAa
646=k4BWsBJwCZbAhpASik5GsBJgCi9wJJAKToAalkCGAErVIDaAGpZAdpAUVkBSKBIWAo9wlg
647=ACG0AgIGAGAAIygoACdNCmCdSQBtUmAo9RRgKE8KYABRKNkAUigoACelCmAopAoCYABMAF
648=RoBHQNvWIFaAEnGRRgKE8KYABW+1NgAFPo/gJgACIAeHBseQZX+/hhACZ0CnNAYQAnKCkA
649=KCgoACPoJKAEJ3EfYSh5CmEoeQphvDOsBSfJFGEoyRRhKHkKYaA4rAWAOKgBJ3kKYSh6Cm
650=EAJ3oKYQAnegphACdNCmEoTQphKE4KYQAnTQphKE0KYShNCmEoTQphKE0KYShNCmEoTQph
651=KE4KYQDA9gECAGEAyOhoAcibaQFGtHNpASWNCAJpAUkkACdrAUgAn2QsaQFHJoMhYQBKJo
652=AhAmEANwAncDVhBEUmpSthKMkJYSjJCWEowR5hKJ0JYSidCWEonglhACefCWEAV2QQeVNh
653=KHMUYQAknBUBAAYAYclOAWgBJ50JYSidCWEocQlhKHMJYQBWKHMJTgCAdxgGAGIonQliKJ
654=4JYgAnnQliKBkUYigZFGIonQliKJ0JYiidCWKgLW1HYiidCWKogrQCJ0UJYihFCWIoRgli
655=ACeVE2IoRgliACftHmIoRQliKEUJYihFCWIoRQliKEUJYihFCWIoRQlitCukEyeVE2IoRw
656=liAES4MgECAGIA3I5pAUYoVAAnygliALFLA2EESPJLYgAnnwliAEcmTyBiAEomTyBiADDg
657=9gJiADEAJGQ0ZQg26U5iKHEJYihxCWIosSdiKO0IYsFGAW88TABTeBRoASfdHGIo3xxiAE
658=73kWIAVfREA2IAIgB6Ap+kYgBP5+RiAFAoKQBRKCgAJ9UxYyhFCWMoRQljKEUJYyhFCWMo
659=RQljKEUJYyhFCWMoRQljKEUJYyhFCWMo5RJjKHEJYyg1HWMocQljKHEJYyi5EmMocQljKB
660=kJYygZCWMoGQljKBkJYygZCWMoGQljKBkJYyhhEmMoGQljKBkJYyiPEmMAJZQFAwICAGMA
661=R+NGYwBI8+VjAEkoKQBK/+ZjAEb7lWMARejoAmMAMQAdfDZxCTnnSmMAOudKYwA3JrkzYy
662=hHCWMAVWxEfY5jKEcJYwAkhBMCAAYAYwC5SAFpAU7n2WMATygpAFAoKQBRKCgAJ6IwYwAn
663=9wljAFT8TAJjAE0AfH8VBgBkKO0IZCjtCGQo7QhkKO0IZCjtCGQo7QhkKO0IZCjtCGQo7Q
664=hkKO0IZCjtCGQolQhkKJUIZCiVCGQolQhkKAkSZCiVCGQolQhkKJUIZCiVCGQolQhkKJUI
665=ZLQrfY5kKJUIZCiVCGQosxFkAEikNAECAGQAJYhDaAEnJSZkKEUJZMVKA2EERiRUQmkBR/
666=ONZAAxJic8ZAA6KCsANwAfbDFvBTIAIukBMybNMGQo+TBkJOAjYUZkKO0IZMFGAXU5TLja
667=aAEnwghkACeWCGQAJ5UIZCg7OWQATfeRZABPJhcvZABT4UZlKJUIZSiVCGUolQhlKJUIZS
668=iVCGUolQhlKJUIZSiVCGUolQhlKJUIZSiVCGUohRFlKIURZSjBCGUowQhlKPkaZSjtCGUo
669=7QhlKLERZSgZCWUoGQllKBkJZSgZCWUoGgllACcVOmUoGQllKBkJZSgZCWUoGgllACfNGm
670=UoRQllKEYJZQAnRQllKEcJZQAlhAsDAQIAZQBHJHBAaQE6841lADHvR2UANO3WZSjpI2W0
671=0GFGZSjuCGUAtEQDAQYAZQBQ5z9lAFHnP2UATSbTNmUATigRCFLpAWYoPQhmKD0IZig9CG
672=YoPQhmKD0IZig9CGYoPQhmKD0IZig9CGYoPQhmKD0IZiitLGYoaQhmKGkIZihZEWYolQhm
673=KJUIZiiVCGYolQhmKJUIZiiVCGYolQhmKJUIZiiVCGYolQhmKJUIZiiVCGYolQhmjDkjeV
674=dmKJUIZiiVCGYolwhmAEf9jmYowQhmKMIIZgAnEQhmKF0iZiidNWYoEQhmKNErZrSDfUFm
675=KGsIZgBKuM8CBgBmAEuJAQJqAUwAI8hVaQFQJl0iZyi5B2couQdnKLkHZyi5B2couQdnKL
676=kHZyi5B2couQdnKLkHZyi5B2couQdnKLkHZyi5B2couQdnKLkHZyi5B2couQdnKLkHZyi5
677=B2cojQdnKI0HZyhhB2coYQdnKGEHZyhhB2coYQdnKGEHZyhhB2coYQdnKGEHZyhhB2coYg
678=dnACc1SWco4xdnAD71e2couQdnKGEzZyiNB2cojQdnwDsDAQYAZwBL6/5nAE4oKQBMJvBF
679=AmcATwCBc88GAGgoYQdoKGEHaChhB2goYQdoKGEHaChhB2goYQdoKGEHaChhB2goYQdoKG
680=EHaChhB2goYQdoKGEHaChhB2goYQdoKGEHaChhB2gosTJoKEkPaCiNB2goHQ9oKLkHaCi5
681=B2gouQdoKLkHaCi5B2gouQdoKLkHaCi5B2gouQdoKLkHaCi7B2gAPOE7aCjFDmgoYQdoKG
682=MHaABKrHZlNEwmsydoAEvnuGgATiaDTWgATSahMGkoCQdpKAkHaSgJB2koCQdpKAkHaSgJ
683=B2koCQdpKAoHaQAnTWJpKAkHaSjdBmko3QZpKN0GaSjdBmko3QZpKN0GaSjdBmko3QZpKJ
684=kOaSgJB2koCQdpKAkHaSgJB2koCQdpKAkHaSgJB2koCQdpKAkHaSgJB2koCQdpKAkHaSgL
685=B2kAM+k4aSgJB2koCQdp3DYDAQYAaQBM7+xpAE0oKQBL+e1pKLkdaiixBmoosQZqKLEGai
686=ixBmoosQZqKLEGaiixBmoosQZqKLEGaii9DWoosQZqKIUGaiiFBmoohQZqKIUGaiiFBmoo
687=hQZqKIUGaiiFBmoohQZqKIUGaiiFBmoohQZqKIUGaiiFBmoohQZqKIUGaiiFBmoohQZqKI
688=cGagA0JvY1agAnaT9qJqMlBgBqKM1naih5FWooNR1qKGEHatQ5AQAGAGsoWQZrKFkGayhZ
689=BmsoWQZrKFkGayhZBmsoWQZrKFkGayhZBmsoWQZrKA0NaygtBmsoLQZrKC0GaygtBmsoLQ
690=ZrKC0GaygtBmsoLQZrKC0GaygtBmsoLQZrKC0GaygtBmsoLQZrKC0GaygtBmsoLwZrADQm
691=9yprADcmqjxrACe1ZGsoWQZrKFkGayhZBmsoWQZrzDEBAQYAbCgBBmwoAQZsKAEGbCgBBm
692=woAQZsKAEGbCgBBmwoAQZsKAEGbCgBBmwoiQxsKIkMbPgyDQIAbAA6AAAAAAAAAgBsADwR
693=AABeBX4MCAAAAAAAAAIAbAA9KCkAPigpAD8oKQBAKCkAQSgpAEIoKQBDKCkARCgpAEUoKQ
694=BGKCkARygpAEgoKQBJKCgAAzQAHwIAAIcTOwAn6QFLoAQCBgBsAEwoKQBNKCsASgBTcAEC
695=BgBtAC1gAWcIbQAuKCkALygpADAoKQAxKCkAMigpADMoKQA0KCkANSgpADYoKQA3KCkAOC
696=gpADkoKQA6KCkAOygpADwoKAAnAgZtACcCBm0AJwIGbQAnAgZtACcCBm0AJwIGbQAnAgZt
697=ACcCBm0AJwIGbQAnAgZtACcCBm0AJwIGbQAnAgZtACepBW0oqgVtALwrAQEGAG4oUgVuAC
698=dSBW4AJ1IFbgAnUgVuACdSBW4AJ1IFbgAnUgVuACdSBW4AJ1IFbgAnUgVuACdSBW4AJ1IF
699=bgAnUgVuACdSBW4AJ1EFbihVC24oUQVuKFEFbihRBW4oUQVuKFEFbihRBW4oUQVuKFEFbi
700=hRBW4oUQVuKFEFbihRBW4oUQVuxCkBAAYAbyj5BG8o+QRvKPkEbyj5BG8o+QRvKPkEbyj5
701=BG8o+QRvKPkEbyj5BG8o+QRvKPkEbyj5BG8o+QRvKPkEbyj5BG8o+QRvKPkEbyj5BG8o+Q
702=RvKPkEbyj5BG8o+QRvKPkEbyj5BG8o+QRvKPkEb8wmAQEGAHAooQRwKKEEcCihBHAooQRw
703=KKEEcCihBHAobQNwKG0DcChtA3AobQNwKG0DcChtA3AobgNwACe9DXAobQNwKG0DcChtA3
704=AobQNwKG8DcAA8nC4DAgIAcAA7iQEAexw2AFd0oGsBOQBecIVpATqJAQFrATcAX/UCOIgB
705=AQEGAHEoSQRxKEkEcShJBHEoSQRxKPEDcSjxA3Eo8QNxKPEDcSjxA3Eo8gNxACfxA3Eo8Q
706=NxKPEDcSjxA3Eo8wNxAD2YHAEFAgBx0R8DaRc1hB6UGLAflwI4AHtswGEEOSgpADooKwA3
707=AHzjBDsAf6kBcijxA3Io8QNyKPEDcijxA3Io8QNyKPEDcijxA3Io8QNyKPEDcijxA3Io8Q
708=NyKPEDcijzA3IAPZwNAwICAHIAPIgBBQAGAHIANQBSqDgCcgA3AHLpFzgoKQA5KCkAOigr
709=ADsAd+0FNvEfcyiZA3MomQNzKG0DcyhtA3MobQNzKG0DcyhtA3MobQNzKG0DcyhvA3MAPp
710=QYAQUCAHPMGwEDBgBzwRoBaAEnQgNzACdCA3MAJ0IDcwAnQwNzADvsGwJzADYAdK8bcwA8
711=9Tl0KEEDdMgMAwAGAHQAPpheiQE/iQEBdQJAiAGVAkGIAZUCQogBlQJDiAGVAkSIAZUCRY
712=gBlwI9AGK5MnQo6QJ0KOkCdCjpAnQo6AICdAA3AHWoFwJ0ADYAdukBPPE1deO0BgB14LRo
713=Adj4aAHY+GgBxGtoAbVEAWgBJ/kEdSgNAnUoDwJ1ADznKXUAOOcpdQA992V1AD4oKQA/KC
714=kAQCgpAEH1LnYovQJ2KL0CduNGBgB24EZoASc1B3YoOQJ2KDsCdgA95xN2AD4oKQA/KCkA
715=QCgpADnnKXYAOOQpAnYAQQB5sSp3KDkCd//bBgB3/NtoASWYJGgBJ3EJdyg5AncoOQJ3KD
716=sCdwA67yZ3AD/vEHcAQCjjAUIAgq0QeCjhAXgo4QF4/20GAHj8bWgBJzkCeCh1BHgoOQJ4
717=KDsCeAA65x54AD7tR3koiQF57/cGAHkotQF5KLcBeQA86xd5AD0oKQA7/wp5AD7hGnooMQ
718=F6JiMgBgB6m7MAAABoASVwKmgBJXAqaAElcyoGAHso2QB7KNkAe+zsYAQAAj4AAAAAAAAG
719=AHwAPAAAAAAAAAYAEQAA

[Houses]
0=GDI
1=Nod
2=Neutral
3=Special

[OverlayPack]
1=BQAAIP4AIP+AjwAAIP5EAP+Df39//vcB/4N/f//+CAB//vQB//4GAH+B//4FAH/+9AH//g
2=4Af/7yAf+Df3///ggAf4H//gQAf/7xAf/+DgB//vIB//4NAH+C/3/+8AH//gUAf4H//gcA
3=f/76Af/+BgB//voB/4Z///9/f3/+/QH/gn9//v4B/4J/f/7/Af+Bf/7/Af+Bf/63Bf+A9Q
4=AAIP5QAP+BZv7+Af+DZmZm/vwB//4FAGb+/AH/gmZm/v4B/4NmZmb+/AH//gQAZv76Af+C
5=Zv/+BQBm/vcB//4FAGaE/2ZmZv74Af/+CABm/voB//4HAGb+2wH/gmZm/g0A/4F+/g8A//
6=4EAGaD/2Zm/toB/4JmZv4NAP+Cfn7+DQD//gUAZv7eAf+CZmb+CwD/hH5+/37+CwD/g2Zm
7=Zv7gAf/+BQBm/gYA/4J+//4FAH7+CAD//gcAZv7eAf/+BgBm/gYA/4h+fn6ysrJ+fv4JAP
8=+DZmZm/uIB//4FAGb+BQD/h35+frKnsn7+CQD/g2ZmZv6zAf+APgEAIP4xAP/+BABmg///
9=Zv4EAP+LfrKysn7/fv///37+6wH//ggAZoL///4LAH6D/35+/ukB/4Jm//4FAGaD/////g
10=UAfoH//ggAfv7oAf/+BwBmhf9m//9+/gUA//4IAH7+6AH//ggAZv4KAP/+BwB+/ucB//4H
11=AGb+CgD//gUAfv7qAf/+BgBm/goA/4Z+fv9+fn7+6QH//gYAZv4LAP/+BQB+/uoB/4ZmZv
12=///2b+DAD/hX5+fv9+/ukB/4Nm/2b+DgD/hn7/fn7/fv76Af+Cfv/+BgB+/vEB/4J+fv4F
13=AP/+BQB+g/9+fv7wAf/+CwB+/uIB/4JmZv4QAP+Cfv/+CAB+/uYB/4Fm/g4A/4J+//4KAH
14=7+CQD/g2ZmZv7YAf/+BABm/gwA/4t+/36ysrJ+fv9+fv4KAP+CZmb+rwH/gH4BACD+KwD/
15=/gYAZv4JAP+Gfn5+sqey/gUAfv4KAP/+BABm/toB//4GAGb+BwD/i35+frKysn7/fv9+/g
16=oA//4FAGb+2AH/g2Zm//4FAGb+BwD//gYAfoL/fv4NAP/+BwBm/tgB//4FAGb+CAD//gUA
17=foL/fv4NAP/+BABmg/9mZv7YAf/+BgBm/gcA/4d+//9+fv9+/g0A/4NmZmb+2wH//gcAZv
18=4JAP/+BQB+/goA/4Vm//9mZv7dAf/+BgBm/g0A/4F+/gkA//4HAGb+3QH//gYAZv4XAP/+
19=BgBm/t4B/4Vm/2ZmZv4SAP/+BABmgf/+BABmg/9mZv7aAf+DZv///gUAZv4VAP/+CQBm/t
20=oB/4RmZmb//gUAZv4VAP/+CgBm/tkB//4HAGb+FgD//gwAZv7XAf/+BgBm/hYA//4FAGaC
21=/2b+BAD/gmZm/tQB//4HAGaC/2b+9QH/g2b///4GAGb+FQD/gX/+4gH/hGZm///+BABm/h
22=QA/4J/f/63Af+AcgAAIP4uAP+FZmb/Zmb+EwD/g39/f/7lAf+EZv//Zv4SAP/+BwB//vkB
23=//4EAH+B//4FAH/++AH//gkAf/74Af/+CAB//vgB//4IAH/++gH//gcAf/75Af/+BgB//v
24=wB/4F//vQL/4F//v4B/4N/f3/+vgH/gOwAACD+QAD//gcAf/74Af+Cf//+BgB/g/9/f/71
25=Af/+BAB/gf/+BwB//vEB/4Zm//9////+BwB//vMB/4JmZv4EAP/+CAB//vEB/4VmZmb///
26=4KAH/+7wH//gUAZv4LAH/+6gH//gUAZoH//gYAZv4EAH+B//4HAH/+6QH/hWZmZv///gsA
27=ZoH//gQAf/7tAf+EZv9m//4JAGaB//4FAH/+6QH/hmZmZv////4IAGb+BgD/gn9//usB//
28=4MAGb+9QH//gUAZoH//gYAZv72Af/+BABmhv9mZmb/Zv72Af/+CQBm/vkB//4HAGb+wQH/
29=gAwAACD+OQD/gmZm/sUf/4AFAAAg/gAg/4AFAAAg/gAg/4AFAAAg/gAg/4AFAAAg/gAg/4
30=AFAAAg/gAg/4AFAAAg/gAg/4AFAAAg/gAg/4AFAAAg/gAg/4AFAAAg/gAg/4AFAAAg/gAg
31=/4AFAAAg/gAg/4AFAAAg/gAg/4AFAAAg/gAg/4AFAAAg/gAg/4AFAAAg/gAg/4AFAAAg/g
32=Ag/4AFAAAg/gAg/4AFAAAg/gAg/4AFAAAg/gAg/4AFAAAg/gAg/4AFAAAg/gAg/4AFAAAg
33=/gAg/4AFAAAg/gAg/4AFAAAg/gAg/4A=

[OverlayDataPack]
1=BQAAIP4AIACAuAAAIP5EAACDBgcG/vcBAIsGBgAGBgcICwoIBP70AQCBBv4FAAqGAAoLCw
2=sI/vQBAIEH/gQAC4kKCgoLCwsKCAb+8gEAgwYKAP4IAAuFAAsKBwP+8QEAgQj+CwALggoI
3=/vIBAIYICwsKCgr+BQALhAoHAAH+8AEAiAMGBwcGAAcK/gQAC4EI/voBAIYHCAgKCwf++g
4=EAhgMAAAgKBv79AQCCBwj+/gEAggYG/v8BAIEE/v8BAIEB/rcFAIARAQAg/lAAAIEE/v4B
5=AIMHCAf+/AEAhQQICgcD/vwBAIIICv7+AQCDCAoG/vwBAIQGCgsI/voBAIcEAAgLCwoG/v
6=cBAIkDBwgKCgALCwf++AEAgwYICv4EAAuBCP76AQCHBwoLCwoIBv7bAQCCBAT+DQAAgTD+
7=DwAAhwoLCwgABAP+2gEAggYH/g0AAIIwMP4NAACFBwgIBwT+3gEAgggH/gsAAIQwMAAw/g
8=sAAIMHCgr+4AEAhQcKCggE/gYAAIIwAP4FADD+CAAAhwEEBwoKBwP+3gEAhgMHCgsLCP4G
9=AACIMDAwAAAAMDD+CQAAgwoKB/7iAQCFBwoLCgb+BQAAhzAwMAAAADD+CQAAgwMGBv6zAQ
10=CAWgEAIP4xAACHBwoLCAAABP4EAACLMAAAADAAMAAAADD+6wEAgwcKCv4EAAiDBAAA/gsA
11=MIMAMDD+6QEAgggA/gQAC4QHAAAA/gUAMIEA/ggAMP7oAQCCBgr+BAALhggAAwAAMP4FAA
12=D+CAAw/ugBAIEI/gQAC4MKCAT+CgAA/gcAMP7nAQCBB/4EAAuCCgf+CgAA/gUAMP7qAQCG
13=CAsLCwoI/goAAIYwMAAwMDD+6QEAhgYICAcIB/4LAAD+BQAw/uoBAIYGCAAAAAT+DAAAhT
14=AwMAAw/ukBAIMDAAH+DgAAhjAAMDAAMP76AQCCMAD+BgAw/vEBAIIwMP4FAAD+BQAwgwAw
15=MP7wAQD+CwAw/uIBAIIBA/4QAACCMAD+CAAw/uYBAIEG/g4AAIIwAP4KADD+CQAAgwQGA/
16=7YAQCEBAcIBv4MAACLMAAwAAAAMDAAMDD+CgAAggcK/q8BAIDIAQAg/isAAIYGCAgIBwb+
17=CQAAhjAwMAAAAP4FADD+CgAAhAcKCAb+2gEAhggKCgoIBv4HAACLMDAwAAAAMAAwADD+Cg
18=AAhQYKCwoH/tgBAIgDBAAICwsKBv4HAAD+BgAwggAw/g0AAIcICwsIBwYE/tgBAIUHCwsL
19=CP4IAAD+BQAwggAw/g0AAIcHCwoHAAYE/tgBAIYICwsLCgb+BwAAhzAAADAwADD+DQAAgw
20=cKB/7bAQCCBAj+BAALgQf+CQAA/gUAMP4KAACFBAAACAr+3QEAhgcKCwsLCP4NAACBMP4J
21=AACHBAcICAoKBv7dAQCGBwoLCwoG/hcAAIEI/gQAC4EI/t4BAIUIAAsLB/4SAACMAQMEBA
22=AICwsLAAoG/toBAIgDAAAHCgsLCP4VAACDBggK/gUAC4EI/toBAIkEBwcACgsLCAT+FQAA
23=gQj+BgALgwoIBv7ZAQCHCAoKCgsKB/4WAACHCAsLCgoICP4EAAeBBP7XAQCGCAsLCgoH/h
24=YAAIcDBgcHBgAE/gQAAIIGBP7UAQCJAwYICgsLCAAD/vUBAIkBAAAHCAoLCwf+FQAAgQP+
25=4gEAiAMDAAAICgoH/hQAAIIHBv63AQCAjwAAIP4uAACFBAYABwb+EwAAgwcKCP7lAQCEAw
26=AABP4SAACHBAgKCwoIBv75AQCKBAgKCwALCggHBv74AQCCBwr+BQALggoG/vgBAIEI/gYA
27=C4EH/vgBAIMECAr+BAALgQj++gEAgQj+BAALgggE/vkBAIYECAgIBwb+/AEAgQT+9AsAgQ
28=T+/gEAgwQHB/6+AQCAOAEAIP5AAACHCAgIBwcHBP74AQCDBAAK/gQAC4QIAAYG/vUBAIwE
29=BwcKAAsLCgoIBwP+8QEAhwMAAAMAAAj+BQALgQr+8wEAggcG/gQAAIEI/gUAC4IKBv7xAQ
30=CIBwoHAAAGCAr+BQALggoG/u8BAJAECAoLCAMHCgsKCgoLCwsK/uoBAJgDBgcGAwAHCwsL
31=CgcGBwcGAAcKCwsIBgH+6QEAlQYIBwAABwoLCwsKCAcHBgMACgsLCP7tAQCFAwAEAAr+BA
32=ALigoIBwYAAwcKCgb+6QEAjgMGBgAAAAcKCgsLCwoH/gYAAIIGBv7rAQCMBwgIBwgICgoL
33=CwsK/vUBAIwGCAoLCgAKCwsKCAT+9gEAiggLCgoACwsKAAT+9gEAgwQICv4EAAuCCgf++Q
34=EAhwcKCggHBwT+wQEAgAwAACD+OQAAggYG/sUfAIAFAAAg/gAgAIAFAAAg/gAgAIAFAAAg
35=/gAgAIAFAAAg/gAgAIAFAAAg/gAgAIAFAAAg/gAgAIAFAAAg/gAgAIAFAAAg/gAgAIAFAA
36=Ag/gAgAIAFAAAg/gAgAIAFAAAg/gAgAIAFAAAg/gAgAIAFAAAg/gAgAIAFAAAg/gAgAIAF
37=AAAg/gAgAIAFAAAg/gAgAIAFAAAg/gAgAIAFAAAg/gAgAIAFAAAg/gAgAIAFAAAg/gAgAI
38=AFAAAg/gAgAIAFAAAg/gAgAIAFAAAg/gAgAIAFAAAg/gAgAIA=

[Terrain]
14064=TREE10
14071=TREE14
14073=TREE15
15062=TREE09
15063=TREE13
15067=TREE11
15073=TREE16
16064=TREE14
17075=TREE17
18059=TREE12
18073=FONA15
19068=FONA14
19078=TREE06
20058=FONA01
20063=BIGBLUE3
20072=BIGBLUE3
22080=TREE02
25056=FONA13
25058=FONA02
25067=FONA03
25075=FONA05
26069=FONA11
26073=FONA12
29071=FONA04
29087=TREE05
30084=TREE07
30086=TREE03
31082=TREE01
31090=TREE04
33090=TREE08
35060=FONA08
37059=FONA06
39079=TIBTRE02
40071=TREE09
42042=TREE09
43054=FONA10
43055=FONA09
43058=FONA07
44044=TREE10
45039=TREE12
48040=TREE06
49038=TREE08
49042=TREE07
50042=TREE11
50052=TIBTRE01
52066=TREE24
53035=TREE08
54033=TREE11
54037=TREE10
55032=TREE07
55058=FONA10
55114=TREE15
57031=TREE09
57055=FONA08
57114=TREE12
57115=TREE12
58057=FONA07
58073=TREE25
58114=TREE13
59116=TREE14
61057=TREE22
63066=TREE21
65075=FONA09
66070=TREE23
68073=FONA08
70020=TREE04
70071=FONA07
71015=TREE03
71069=FONA06
72019=TREE05
72050=TIBTRE03
72081=TIBTRE02
74017=TREE01
74058=TREE18
76063=TREE20
78020=TREE06
78070=FONA04
78099=TREE03
79091=TREE18
80091=TREE02
80099=TREE04
81079=FONA14
81091=TREE19
81093=TREE20
82049=FONA10
82072=BIGBLUE3
83047=FONA08
83079=FONA02
83095=TREE06
84053=FONA09
84093=TREE05
85070=FONA05
86049=FONA08
87029=TREE15
87082=FONA01
89074=TREE15
90051=FONA06
90081=FONA15
91055=FONA07
93037=TREE12
93039=TREE13
93064=FONA02
94072=FONA04
94081=FONA03
95038=TREE14
95067=FONA11
96080=FONA12
98067=BIGBLUE3
99074=FONA03
100063=FONA01
100064=FONA13
108066=TREE16
109058=TIBTRE01
110068=TREE17

[Waypoints]
98=71039

[Triggers]
01000000=GDI,<none>,prod,0,1,1,1,0
01000002=GDI,<none>,AI triggers,0,1,1,1,0
01000004=GDI,<none>,map,1,1,1,1,0
01000006=Nod,<none>,make enemy,0,1,1,1,0
01000008=GDI,<none>,win,0,1,1,1,0
01000010=GDI,<none>,lose,0,1,1,1,0
01000012=Nod,<none>,hunt,0,1,1,1,0
097CC0D0=Neutral,<none>,Ion Storms,0,1,1,1,0

[Events]
01000000=1,8,0,0
01000002=1,13,0,450
01000004=1,8,0,0
01000006=1,8,0,0
01000008=1,11,0,1
01000010=1,11,0,0
01000012=1,17,0,0
097CC0D0=1,51,0,1600

[Actions]
01000000=1,3,0,1,0,0,0,0,A
01000002=1,74,0,1,0,0,0,0,A
01000004=1,16,0,0,0,0,0,0,A
01000006=1,38,0,0,0,0,0,0,A
01000008=1,1,0,0,0,0,0,0,A
01000010=1,2,0,0,0,0,0,0,A
01000012=2,9,0,1,0,0,0,0,A,6,0,1,0,0,0,0,A
097CC0D0=1,44,0,300,0,0,0,0,A

[Tags]
01000001=0,prod 1,01000000
01000003=0,AI triggers 1,01000002
01000005=0,map 1,01000004
01000007=0,make enemy 1,01000006
01000009=0,win 1,01000008
01000011=0,lose 1,01000010
01000013=0,hunt 1,01000012
097CCA70=2,Ion Storms 1,097CC0D0

[Units]
0=GDI,MCV,256,39,71,64,Guard,None,0,-1,0,-1,1,0
1=Nod,HARV,256,82,74,64,Guard,None,0,-1,0,-1,1,0
2=Nod,HARV,256,80,37,64,Guard,None,0,-1,0,-1,1,0
3=Nod,HARV,256,79,41,64,Guard,None,0,-1,0,-1,1,0
4=Nod,HARV,256,67,20,64,Guard,None,0,-1,0,-1,1,0
5=Nod,HARV,256,75,84,64,Guard,None,0,-1,0,-1,1,0
6=Nod,HARV,256,81,68,64,Guard,None,0,-1,0,-1,1,0
7=GDI,MMCH,256,41,68,64,Guard,None,0,-1,0,-1,1,0
8=GDI,MMCH,256,38,66,64,Guard,None,0,-1,0,-1,1,0
9=GDI,SMECH,256,41,74,64,Guard,None,0,-1,0,-1,1,0
10=GDI,SMECH,256,40,75,64,Guard,None,0,-1,0,-1,1,0
11=GDI,HVR,256,36,73,64,Guard,None,0,-1,0,-1,1,0
12=GDI,HVR,256,35,70,64,Guard,None,0,-1,0,-1,1,0
13=GDI,SONIC,256,43,71,64,Guard,None,0,-1,0,-1,1,0

[Structures]
0=Neutral,TIB1GENS,256,79,39,64,None,1,0,1,0,0,None,None,None,0,0
1=Neutral,TIB1GENS,256,52,50,64,None,1,0,1,0,0,None,None,None,0,0
2=Nod,PROC,256,84,52,64,None,1,0,1,0,0,None,None,None,1,0
3=Neutral,TIB1GENS,256,81,72,64,None,1,0,1,0,0,None,None,None,0,0
4=Neutral,TIB1GENS,256,58,109,64,None,1,0,1,0,0,None,None,None,0,0
5=Neutral,TIB2GENS,256,67,98,64,None,1,0,1,0,0,None,None,None,0,0
6=Neutral,TIB1GENS,256,50,72,64,None,1,0,1,0,0,None,None,None,0,0
7=Neutral,TIB2GENS,256,72,82,64,None,1,0,1,0,0,None,None,None,0,0
8=Neutral,TIB2GENS,256,72,20,64,None,1,0,1,0,0,None,None,None,0,0
9=Neutral,TIB2GENS,256,63,20,64,None,1,0,1,0,0,None,None,None,0,0
10=Nod,GACNST,256,105,54,64,None,1,0,1,0,0,None,None,None,1,0
11=Nod,NAAPWR,256,105,46,64,None,1,0,1,0,0,None,None,None,1,0
12=Nod,NAAPWR,256,103,45,64,None,1,0,1,0,0,None,None,None,1,0
13=Nod,NAAPWR,256,103,48,64,None,1,0,1,0,0,None,None,None,1,0
14=Nod,NAAPWR,256,101,47,64,None,1,0,1,0,0,None,None,None,1,0
15=Nod,PROC,256,83,48,64,None,1,0,1,0,0,None,None,None,1,0
16=Nod,PROC,256,85,56,64,None,1,0,1,0,0,None,None,None,1,0
17=Nod,NAHAND,256,101,56,64,None,1,0,1,0,0,None,None,None,1,0
18=Nod,NAWEAP,256,90,56,64,None,1,0,1,0,0,None,None,None,1,0
19=Nod,NARADR,256,106,50,64,None,1,0,1,0,0,None,None,None,1,0
20=Nod,NAOBEL,256,87,60,64,None,1,0,1,0,0,None,None,None,1,0
21=Nod,NAOBEL,256,95,63,64,None,1,0,1,0,0,None,None,None,1,0
22=Nod,NAOBEL,256,97,71,64,None,1,0,1,0,0,None,None,None,1,0
23=Nod,NAOBEL,256,89,44,64,None,1,0,1,0,0,None,None,None,1,0
24=Nod,NAOBEL,256,95,43,64,None,1,0,1,0,0,None,None,None,1,0
25=Nod,NAOBEL,256,96,38,64,None,1,0,1,0,0,None,None,None,1,0
26=Nod,NAAPWR,256,102,67,64,None,1,0,1,0,0,None,None,None,1,0
27=Nod,NAAPWR,256,104,66,64,None,1,0,1,0,0,None,None,None,1,0
28=Nod,NAAPWR,256,102,64,64,None,1,0,1,0,0,None,None,None,1,0
29=Nod,NAAPWR,256,108,62,64,None,1,0,1,0,0,None,None,None,1,0
30=Nod,NAAPWR,256,109,59,64,None,1,0,1,0,0,None,None,None,1,0
31=Nod,NAAPWR,256,107,65,64,None,1,0,1,0,0,None,None,None,1,0
32=Nod,NAAPWR,256,106,62,64,None,1,0,1,0,0,None,None,None,1,0
33=Nod,NAWEAP,256,88,48,64,None,1,0,1,0,0,None,None,None,1,0
34=Nod,NAHAND,256,101,52,64,None,1,0,1,0,0,None,None,None,1,0
35=Nod,NATECH,256,103,60,64,None,1,0,1,0,0,None,None,None,1,0
36=Nod,NAHPAD,256,97,53,64,None,1,0,1,0,0,None,None,None,1,0
37=Nod,NAHPAD,256,96,55,64,None,1,0,1,0,0,None,None,None,1,0
38=Nod,NAHPAD,256,98,55,64,None,1,0,1,0,0,None,None,None,1,0
39=Nod,NAHPAD,256,97,57,64,None,1,0,1,0,0,None,None,None,1,0
40=Nod,NASILO,256,94,47,64,None,1,0,1,0,0,None,None,None,1,0
41=Nod,NASILO,256,85,46,64,None,1,0,1,0,0,None,None,None,1,0
42=Nod,NASILO,256,83,46,64,None,1,0,1,0,0,None,None,None,1,0
43=Nod,NASILO,256,95,49,64,None,1,0,1,0,0,None,None,None,1,0
44=Nod,NAMISL,256,106,59,64,None,1,0,1,0,0,None,None,None,1,0
45=Nod,NALASR,256,90,62,64,None,1,0,1,0,0,None,None,None,1,0
46=Nod,NALASR,256,96,69,64,None,1,0,1,0,0,None,None,None,1,0
47=Nod,NALASR,256,91,42,64,None,1,0,1,0,0,None,None,None,1,0
48=Nod,NALASR,256,94,39,64,None,1,0,1,0,0,None,None,None,1,0
49=Nod,NASAM,256,85,59,64,None,1,0,1,0,0,None,None,None,1,0
50=Nod,NASAM,256,81,50,64,None,1,0,1,0,0,None,None,None,1,0
51=Nod,NASAM,256,90,51,64,None,1,0,1,0,0,None,None,None,1,0
52=Nod,NASAM,256,104,65,64,None,1,0,1,0,0,None,None,None,1,0
53=Nod,NASAM,256,98,73,64,None,1,0,1,0,0,None,None,None,1,0
54=Nod,NASAM,256,109,55,64,None,1,0,1,0,0,None,None,None,1,0
55=Nod,NASAM,256,102,50,64,None,1,0,1,0,0,None,None,None,1,0
56=Nod,NASAM,256,99,57,64,None,1,0,1,0,0,None,None,None,1,0
57=Nod,NAAPWR,256,100,65,64,None,1,0,1,0,0,None,None,None,1,0
58=Nod,NAAPWR,256,110,62,64,None,1,0,1,0,0,None,None,None,1,0
59=Nod,PROC,256,89,52,64,None,1,0,1,0,0,None,None,None,1,0
60=Nod,NASAM,256,91,55,64,None,1,0,1,0,0,None,None,None,1,0
61=Nod,NASILO,256,96,47,64,None,1,0,1,0,0,None,None,None,1,0
62=Nod,NASILO,256,97,49,64,None,1,0,1,0,0,None,None,None,1,0
63=Nod,LONGPP,256,99,44,0,None,0,0,1,0,0,None,None,None,1,0


