; Map created with FinalSun Mission Editor
; www.wagnerma.de (german+english homepage of author), finalsun.wagnerma.de (finalsun homepage, german+english), www.theonliner.de (german homepage of FRG)
; note that all comments were truncated

[GARADR]
Prerequisite=PROC1

[GASILO]
Prerequisite=PROC1

[GAWEAP]
Prerequisite=PROC1,GAPILE

[General]
MultipleFactory=.8
MinProductionSpeed=.3

[HARV]
Cost=900
Image=TDHARV
Owner=Nod
Speed=7
Storage=20
TechLevel=1
BuildLimit=0

[HARV2]
TechLevel=1
Prerequisite=FACTORY,PROC1

[HORV]
Image=TDHORV

[NASILO]
Prerequisite=PROC1

[NAWEAP]
Prerequisite=PROC1,NAHAND

[PROC]
Cost=1600
Image=TDREFN
Storage=40
FreeUnit=HARV
TechLevel=1
BuildLimit=0

[PROC1]
FreeUnit=HARV2
TechLevel=1
Prerequisite=POWER


[Preview]

[PreviewPack]

[01000004]
0=3,E1
1=3,E3
Name=H Inf Pool
Group=-1

[01000005]
0=2,E1
1=2,E3
Name=M Inf Pool
Group=-1

[01000006]
0=11,5
Name=pool

[01000007]
0=3,13
1=3,14
2=3,15
3=3,16
4=0,1
Name=attack

[01000008]
0=1,E1
1=1,E3
Name=E Inf Pool
Group=-1

[01000009]
0=4,FTECHN2
Name=H BG Pool
Group=-1

[01000010]
Max=2
Full=no
Name=H Pool
Group=-1
House=Nod
Script=01000006
Whiner=no
Droppod=no
Suicide=no
Loadable=no
Prebuild=no
Priority=4
Waypoint=CU
Annoyance=no
IonImmune=no
Recruiter=no
Reinforce=no
TaskForce=01000004
TechLevel=11
Aggressive=no
Autocreate=no
GuardSlower=no
OnTransOnly=no
AvoidThreats=yes
LooseRecruit=yes
VeteranLevel=1
IsBaseDefense=yes
OnlyTargetHouseEnemy=yes
TransportsReturnOnUnload=no
AreTeamMembersRecruitable=yes

[01000011]
Max=2
Full=no
Name=H Pool
Group=-1
House=Nod
Script=01000006
Whiner=no
Droppod=no
Suicide=no
Loadable=no
Prebuild=no
Priority=4
Waypoint=CU
Annoyance=no
IonImmune=no
Recruiter=no
Reinforce=no
TaskForce=01000009
TechLevel=11
Aggressive=no
Autocreate=no
GuardSlower=no
OnTransOnly=no
AvoidThreats=yes
LooseRecruit=yes
VeteranLevel=1
IsBaseDefense=yes
OnlyTargetHouseEnemy=yes
TransportsReturnOnUnload=no
AreTeamMembersRecruitable=yes

[01000012]
Max=2
Full=no
Name=M Pool
Group=-1
House=Nod
Script=01000006
Whiner=no
Droppod=no
Suicide=no
Loadable=no
Prebuild=no
Priority=4
Waypoint=A
Annoyance=no
IonImmune=no
Recruiter=no
Reinforce=no
TaskForce=01000005
TechLevel=11
Aggressive=no
Autocreate=no
GuardSlower=no
OnTransOnly=no
AvoidThreats=yes
LooseRecruit=yes
VeteranLevel=1
IsBaseDefense=yes
OnlyTargetHouseEnemy=yes
TransportsReturnOnUnload=no
AreTeamMembersRecruitable=yes

[01000013]
Max=2
Full=no
Name=M Pool
Group=-1
House=Nod
Script=01000006
Whiner=no
Droppod=no
Suicide=no
Loadable=no
Prebuild=no
Priority=4
Waypoint=A
Annoyance=no
IonImmune=no
Recruiter=no
Reinforce=no
TaskForce=01000014
TechLevel=11
Aggressive=no
Autocreate=no
GuardSlower=no
OnTransOnly=no
AvoidThreats=yes
LooseRecruit=yes
VeteranLevel=1
IsBaseDefense=yes
OnlyTargetHouseEnemy=yes
TransportsReturnOnUnload=no
AreTeamMembersRecruitable=yes

[01000014]
0=2,BGGY
Name=M BG Pool
Group=-1

[01000015]
0=1,BGGY
Name=E BG Pool
Group=-1

[01000016]
Max=2
Full=no
Name=E Pool
Group=-1
House=Nod
Script=01000006
Whiner=no
Droppod=no
Suicide=no
Loadable=no
Prebuild=no
Priority=4
Waypoint=A
Annoyance=no
IonImmune=no
Recruiter=no
Reinforce=no
TaskForce=01000008
TechLevel=11
Aggressive=no
Autocreate=no
GuardSlower=no
OnTransOnly=no
AvoidThreats=no
LooseRecruit=yes
VeteranLevel=1
IsBaseDefense=yes
OnlyTargetHouseEnemy=yes
TransportsReturnOnUnload=no
AreTeamMembersRecruitable=yes

[01000017]
Max=2
Full=no
Name=E Pool
Group=-1
House=Nod
Script=01000006
Whiner=no
Droppod=no
Suicide=no
Loadable=no
Prebuild=no
Priority=4
Waypoint=A
Annoyance=no
IonImmune=no
Recruiter=no
Reinforce=no
TaskForce=01000015
TechLevel=11
Aggressive=no
Autocreate=no
GuardSlower=no
OnTransOnly=no
AvoidThreats=no
LooseRecruit=yes
VeteranLevel=1
IsBaseDefense=yes
OnlyTargetHouseEnemy=yes
TransportsReturnOnUnload=no
AreTeamMembersRecruitable=yes

[01000021]
0=6,E1
Name=H inf atk
Group=-1

[01000022]
0=6,E3
Name=H inf atk2
Group=-1

[01000023]
0=3,FTECHN2
Name=H bggy atk
Group=-1

[01000024]
Max=5
Full=no
Name=H atk1
Group=-1
House=Nod
Script=01000007
Whiner=no
Droppod=no
Suicide=no
Loadable=no
Prebuild=no
Priority=7
Waypoint=CU
Annoyance=no
IonImmune=no
Recruiter=no
Reinforce=no
TaskForce=01000021
TechLevel=11
Aggressive=yes
Autocreate=no
GuardSlower=no
OnTransOnly=no
AvoidThreats=yes
LooseRecruit=yes
VeteranLevel=1
IsBaseDefense=no
OnlyTargetHouseEnemy=yes
TransportsReturnOnUnload=no
AreTeamMembersRecruitable=yes

[01000025]
Max=5
Full=no
Name=H atk2
Group=-1
House=Nod
Script=01000007
Whiner=no
Droppod=no
Suicide=no
Loadable=no
Prebuild=no
Priority=7
Waypoint=CU
Annoyance=no
IonImmune=no
Recruiter=no
Reinforce=no
TaskForce=01000022
TechLevel=11
Aggressive=yes
Autocreate=no
GuardSlower=no
OnTransOnly=no
AvoidThreats=yes
LooseRecruit=yes
VeteranLevel=1
IsBaseDefense=no
OnlyTargetHouseEnemy=yes
TransportsReturnOnUnload=no
AreTeamMembersRecruitable=yes

[01000026]
Max=5
Full=no
Name=H atk 3
Group=-1
House=Nod
Script=01000007
Whiner=no
Droppod=no
Suicide=no
Loadable=no
Prebuild=no
Priority=7
Waypoint=CU
Annoyance=no
IonImmune=no
Recruiter=no
Reinforce=no
TaskForce=01000023
TechLevel=11
Aggressive=yes
Autocreate=no
GuardSlower=no
OnTransOnly=no
AvoidThreats=yes
LooseRecruit=yes
VeteranLevel=1
IsBaseDefense=no
OnlyTargetHouseEnemy=yes
TransportsReturnOnUnload=no
AreTeamMembersRecruitable=yes

[01000031]
0=2,E1
1=2,BGGY
2=2,E3
Name=scripted atk
Group=-1

[01000034]
Max=1
Full=no
Name=sctipted atk
Group=-1
House=Nod
Script=01000045
Whiner=no
Droppod=no
Suicide=no
Loadable=no
Prebuild=no
Priority=10
Waypoint=A
Annoyance=no
IonImmune=no
Recruiter=no
Reinforce=no
TaskForce=01000031
TechLevel=11
Aggressive=yes
Autocreate=no
GuardSlower=no
OnTransOnly=no
AvoidThreats=yes
LooseRecruit=yes
VeteranLevel=1
IsBaseDefense=no
OnlyTargetHouseEnemy=yes
TransportsReturnOnUnload=no
AreTeamMembersRecruitable=no

[01000045]
0=3,3
1=3,4
2=3,6
Name=attack scripted

[01000056]
0=3,E1
Name=M inf atk1
Group=-1

[01000057]
0=3,E3
Name=M inf atk2
Group=-1

[01000058]
0=2,FTECHN2
Name=M bggy atk
Group=-1

[01000059]
Max=5
Full=no
Name=M atk1
Group=-1
House=Nod
Script=01000007
Whiner=no
Droppod=no
Suicide=no
Loadable=no
Prebuild=no
Priority=7
Waypoint=A
Annoyance=no
IonImmune=no
Recruiter=no
Reinforce=no
TaskForce=01000056
TechLevel=11
Aggressive=yes
Autocreate=no
GuardSlower=no
OnTransOnly=no
AvoidThreats=yes
LooseRecruit=yes
VeteranLevel=1
IsBaseDefense=no
OnlyTargetHouseEnemy=yes
TransportsReturnOnUnload=no
AreTeamMembersRecruitable=yes

[01000060]
Max=5
Full=no
Name=M atk 2
Group=-1
House=Nod
Script=01000007
Whiner=no
Droppod=no
Suicide=no
Loadable=no
Prebuild=no
Priority=7
Waypoint=A
Annoyance=no
IonImmune=no
Recruiter=no
Reinforce=no
TaskForce=01000057
TechLevel=11
Aggressive=yes
Autocreate=no
GuardSlower=no
OnTransOnly=no
AvoidThreats=yes
LooseRecruit=yes
VeteranLevel=1
IsBaseDefense=no
OnlyTargetHouseEnemy=yes
TransportsReturnOnUnload=no
AreTeamMembersRecruitable=yes

[01000061]
Max=5
Full=no
Name=M atk 3
Group=-1
House=Nod
Script=01000007
Whiner=no
Droppod=no
Suicide=no
Loadable=no
Prebuild=no
Priority=7
Waypoint=A
Annoyance=no
IonImmune=no
Recruiter=no
Reinforce=no
TaskForce=01000058
TechLevel=11
Aggressive=yes
Autocreate=no
GuardSlower=no
OnTransOnly=no
AvoidThreats=yes
LooseRecruit=yes
VeteranLevel=1
IsBaseDefense=no
OnlyTargetHouseEnemy=yes
TransportsReturnOnUnload=no
AreTeamMembersRecruitable=yes

[01000062]
0=2,E1
Name=E inf atk1
Group=-1

[01000063]
0=2,E3
Name=E inf atk2
Group=-1

[01000064]
Max=1
Full=no
Name=E atk1
Group=-1
House=Nod
Script=01000007
Whiner=no
Droppod=no
Suicide=no
Loadable=no
Prebuild=no
Priority=7
Waypoint=A
Annoyance=no
IonImmune=no
Recruiter=no
Reinforce=no
TaskForce=01000062
TechLevel=11
Aggressive=yes
Autocreate=no
GuardSlower=no
OnTransOnly=no
AvoidThreats=no
LooseRecruit=yes
VeteranLevel=1
IsBaseDefense=no
OnlyTargetHouseEnemy=yes
TransportsReturnOnUnload=no
AreTeamMembersRecruitable=yes

[01000065]
Max=1
Full=no
Name=E atk2
Group=-1
House=Nod
Script=01000007
Whiner=no
Droppod=no
Suicide=no
Loadable=no
Prebuild=no
Priority=7
Waypoint=A
Annoyance=no
IonImmune=no
Recruiter=no
Reinforce=no
TaskForce=01000063
TechLevel=11
Aggressive=yes
Autocreate=no
GuardSlower=no
OnTransOnly=no
AvoidThreats=no
LooseRecruit=yes
VeteranLevel=1
IsBaseDefense=no
OnlyTargetHouseEnemy=yes
TransportsReturnOnUnload=no
AreTeamMembersRecruitable=yes

[AITriggerTypes]
01000018=H Pool,01000010,<all>,1,-1,<none>,0000000000000000000000000000000000000000000000000000000000000000,80.000000,80.000000,80.000000,1,0,2,0,<none>,0,0,1
01000019=M Pool,01000013,<all>,1,-1,<none>,0000000000000000000000000000000000000000000000000000000000000000,80.000000,80.000000,80.000000,1,0,2,0,<none>,0,1,0
01000020=E Pool,01000016,<all>,1,-1,<none>,0000000000000000000000000000000000000000000000000000000000000000,80.000000,80.000000,80.000000,1,0,2,0,<none>,1,0,0
01000027=H atk1 ,01000024,<all>,1,-1,<none>,0000000000000000000000000000000000000000000000000000000000000000,50.000000,30.000000,50.000000,1,0,2,0,01000026,0,0,1
01000028=H atk2,01000025,<all>,1,-1,<none>,0000000000000000000000000000000000000000000000000000000000000000,50.000000,30.000000,50.000000,1,0,2,0,01000024,0,0,1
01000029=H atk 3,01000026,<all>,1,-1,<none>,0000000000000000000000000000000000000000000000000000000000000000,50.000000,30.000000,50.000000,1,0,2,0,<none>,0,0,1
01000030=H atk 4,01000025,<all>,1,-1,<none>,0000000000000000000000000000000000000000000000000000000000000000,50.000000,30.000000,50.000000,1,0,2,0,01000026,0,0,1
01000066=M atk1,01000059,<all>,1,-1,<none>,0000000000000000000000000000000000000000000000000000000000000000,50.000000,30.000000,50.000000,1,0,2,0,<none>,0,1,0
01000067=M atk2 ,01000060,<all>,1,-1,<none>,0000000000000000000000000000000000000000000000000000000000000000,50.000000,30.000000,50.000000,1,0,2,0,<none>,0,1,0
01000068=M atk3,01000061,<all>,1,-1,<none>,0000000000000000000000000000000000000000000000000000000000000000,50.000000,30.000000,50.000000,1,0,2,0,<none>,0,1,0
01000069=E atk1,01000064,<all>,1,-1,<none>,0000000000000000000000000000000000000000000000000000000000000000,50.000000,30.000000,50.000000,1,0,2,0,<none>,1,0,0
01000070=E atk 2,01000065,<all>,1,-1,<none>,0000000000000000000000000000000000000000000000000000000000000000,50.000000,30.000000,50.000000,1,0,2,0,<none>,1,0,0
01000077=H Pool 2,01000011,<all>,1,-1,<none>,0000000000000000000000000000000000000000000000000000000000000000,80.000000,80.000000,80.000000,1,0,2,0,<none>,0,0,1
01000078=M Pool 2,01000012,<all>,1,-1,<none>,0000000000000000000000000000000000000000000000000000000000000000,80.000000,80.000000,80.000000,1,0,2,0,<none>,0,1,0
01000079=E Pool 2,01000017,<all>,1,-1,<none>,0000000000000000000000000000000000000000000000000000000000000000,80.000000,80.000000,80.000000,1,0,2,0,<none>,1,0,0

[AITriggerTypesEnable]
01000018=yes
01000019=yes
01000020=yes
01000027=yes
01000028=yes
01000029=yes
01000030=yes
01000066=yes
01000067=yes
01000068=yes
01000069=yes
01000070=yes
01000077=yes
01000078=yes
01000079=yes

[Actions]
01000000=1,16,0,0,0,0,0,0,A
01000002=5,3,0,1,0,0,0,0,A,13,0,1,0,0,0,0,A,74,0,1,0,0,0,0,A,38,0,0,0,0,0,0,A,30,0,1,0,0,0,0,A
01000032=1,4,1,01000034,0,0,0,0,A
01000035=1,1,0,0,0,0,0,0,A
01000037=1,2,0,0,0,0,0,0,A
01000039=4,6,0,1,0,0,0,0,A,16,0,0,0,0,0,0,A,9,0,1,0,0,0,0,A,61,0,0,0,0,0,0,A
01000041=5,17,0,1,0,0,0,0,A,17,0,4,0,0,0,0,A,17,0,5,0,0,0,0,A,17,0,6,0,0,0,0,A,61,0,0,0,0,0,0,A
01000043=2,46,0,0,0,0,0,0,A,48,0,1,0,0,0,0,H
01000046=1,11,0,1,0,0,0,0,A
01000048=1,11,0,2,0,0,0,0,A
01000050=1,11,0,3,0,0,0,0,A
01000052=3,11,0,4,0,0,0,0,A,47,0,0,0,0,0,0,A,56,0,0,0,0,0,0,A
01000054=1,11,0,4,0,0,0,0,A
01000071=1,20,0,37,0,0,0,0,A
01000073=2,11,0,5,0,0,0,0,A,17,0,8,0,0,0,0,A
01000075=5,11,0,6,0,0,0,0,A,17,0,9,0,0,0,0,A,17,0,10,0,0,0,0,A,17,0,11,0,0,0,0,A,17,0,12,0,0,0,0,A

[Basic]
Name=GDI: The New Age
Theme=NOSONG
Player=GDI
Percent=0
GameMode=Custom Map
HomeCell=98
InitTime=10000
Official=yes
EndOfGame=no
FreeRadar=yes
MaxPlayer=8
MinPlayer=2
PostScore=<none>
SkipScore=no
TrainCrate=no
TruckCrate=no
AltHomeCell=99
OneTimeOnly=yes
CarryOverCap=0
NewINIFormat=4
NextScenario=<none>
RequiredAddOn=1
SkipMapSelect=yes
CarryOverMoney=0.000000
AltNextScenario=<none>
MultiplayerOnly=0
IceGrowthEnabled=yes
VeinGrowthEnabled=yes
TiberiumGrowthEnabled=yes
IgnoreGlobalAITriggers=yes
TiberiumDeathToVisceroid=no

[Briefing]
1=Strange activity detected.
2=@Troops has been deployed to investigate.
3=@you have orders to investigate the area and eliminate any threat you see.
4=@@Ojective one: Investigate the area and eliminate any threat.@

[CellTags]
35054=01000076
36052=01000076
36053=01000076
36054=01000076
37052=01000076
37053=01000076
37054=01000076
38052=01000076
38053=01000076
38054=01000076
38055=01000076
39052=01000076
39053=01000076
39054=01000076
39055=01000076
39056=01000076
40054=01000076
40055=01000076
40056=01000076
41055=01000076
41056=01000076
42056=01000076
42057=01000076
42058=01000076
43057=01000076
43058=01000076
43059=01000076
44057=01000076
44058=01000076
44059=01000076
45059=01000076
45060=01000076
45061=01000076
46060=01000076
46061=01000076
46062=01000076
47061=01000076
47062=01000076
48061=01000076
48062=01000076
48063=01000076
48064=01000076
49062=01000076
49063=01000076
49064=01000076
50063=01000076
50064=01000076
50065=01000076
51064=01000076
51065=01000076
51066=01000076
52065=01000076
52066=01000076
52067=01000076
52068=01000076
53067=01000076
53068=01000076
53069=01000076
54068=01000076
54069=01000076
74032=01000074
74033=01000074
75031=01000074
75032=01000074
76030=01000074
76031=01000074
76032=01000074
76033=01000074
77030=01000074
77031=01000074
77032=01000074
77033=01000074
78027=01000074
78028=01000074
78029=01000074
78030=01000074
78031=01000074
78032=01000074
79025=01000074
79026=01000074
79027=01000074
79028=01000074
79029=01000074
79030=01000074
80025=01000074
80026=01000074
80027=01000074
80028=01000074
80029=01000074
81024=01000074
81025=01000074
82023=01000074
82024=01000074
83022=01000074
83023=01000074
83024=01000074
84021=01000074
84022=01000074
84023=01000074
84024=01000074
85021=01000074
85022=01000074
85023=01000074
86022=01000074
86023=01000074

[Events]
01000000=1,8,0,0
01000002=2,36,0,0,51,0,300
01000032=2,36,0,0,13,0,250
01000035=1,11,0,1
01000037=1,11,0,0
01000039=1,17,0,0
01000041=1,8,0,0
01000043=1,8,0,0
01000046=1,13,0,6
01000048=1,13,0,20
01000050=1,13,0,36
01000052=1,13,0,48
01000054=1,13,0,700
01000071=1,8,0,0
01000073=1,1,0,0
01000075=1,1,0,0

[GDI]
IQ=0
Edge=North
Side=GDI
Color=Gold
Allies=GDI,Neutral
Credits=25
ActsLike=0
NodeCount=0
TechLevel=1
PercentBuilt=100
PlayerControl=yes

[Houses]
0=GDI
1=Nod
2=Neutral
3=Special
4=Old base

[Infantry]
0=GDI,E1,256,106,72,1,Guard,64,None,0,-1,0,1,0
1=GDI,E1,256,105,72,1,Guard,64,None,0,-1,0,1,0
2=GDI,E1,256,106,74,1,Guard,64,None,0,-1,0,1,0
3=GDI,E1,256,105,74,1,Guard,64,None,0,-1,0,1,0
4=GDI,E2,256,106,73,1,Guard,64,None,0,-1,0,1,0
5=GDI,E2,256,105,73,1,Guard,64,None,0,-1,0,1,0

[IsoMapPack5]
1=rQ4AIA5GAAEAKQAAAAAGAEUAAgApAEMABwBGKCkARygoAAJEAAMAMF4DAAdPBQMALGkBCE
2=0FA7sGCABHQASHCAgASCgrAEMABO0FREgBwQRFSAGQCWQIwQQJRQgEsQkJRAgnKQBJTAWY
3=BgIJAEIABe0QQ0kBKK0QREgBmREJRRMF5QhGVAKIDH0KBWcFAAAKXAonKQBJQASbAgoASi
4=gpAEFMIZUNCFUNBrMJCABDVAKTCQgAREgBgA91DQaACF0KRlQCjQEKVBgnVQBIKFUASSgp
5=AEooKQBLKCkAQEAryQxBSAHBGkJIAZkRCU0QB7kRCU0QB7wgbRAHnA6MECcpAEdYBpgCZB
6=4nVQBJKFUASigpAEsoKQBMKCsAPwAIqwwIAEBIAdkRQUgBkBRtMQiEDEEPQ1QCjQEKRBMn
7=VQBFKFUARigpAEcoKQBIKCkASSgpAEooKQBLKCkATCgpAE0oKwA+AAnxFD9IAdEUQEgB0R
8=RBSAHFE0IoKQBDKCkARCgpAEUoKQBGKCkARygpAEgoKQBJKCkASigpAEsoKQBMKCkATSgp
9=AE4oKQA9XCbdFT5IAc08P0gByRdASAHJF0EoKQBCKCkAQygpAEQoKQBFKCkARigpAEcoKQ
10=BIKCkASSgpAEooKQBLKCkATCgpAE0oKQBOKCkATygrADwAC6N9CQA9SAHVGD5IAdUYPygp
11=AEAoKQBBKCkAQigpAEMoKQBEKCkARSgpAEYoKQBHKCkASCgpAEkoKQBKKCkASygpAEwoKQ
12=BNKCkATigpAE8oKQBQSQEqeBgCCQA7AAz5HDxIAdkcPUgBfANZIT4oKQA/KCkAQCgpAEEo
13=KQBCKCkAQygpAEQoKQBFKCkARigpAEcoKQBIKCkASSgpAEooKQBLKCkATCgpAE0oKQBOKC
14=kATygpAFBJATFnGgkAUUgBkB8CCAA6AA39bTtIAdmgPEgBaAVRHz0oKQA+KCkAPygpAEAo
15=KQBBKCkAQigpAEMoKQBESgHAA0ULCl66DQDJAUZUAkwCcblHKCkASCgpAEkoKQBKSQFCcw
16=UKAEvIAQEBCgBMSQE+tQJNSAFkAUkXTigpAE8oKQBQSQFEZQQKXSANWJsDAAABBgBSVAJw
17=AlulOQAO/UE6SAHdeDtIAclDPEgBjQUKXWIOhAFVDT4oVQA/KCkAQCgpAEEoKQBCKCkAQ0
18=gB3SBEKCkARSgpAEZIAY0MClzQJ7UBSFQC1RhJyAFVGEpIAXYjAgZVIw5Y3QEAAAMGViMO
19=AHQjVQJNQARoAQEDCgBOSAFsBUkXT8gBRSlQSAF8Ck0FUUkBL2QPdyMOACupAVNUAmQBW9
20=w4AA/hJTlIAdUjOkgBgQQKRWsPhAFJDDwoVQA9KCkAPigpAD8oKQBAKCkAQSgpAEIoKQBD
21=SAEnzQQP+UhFKFUARkgBzRtHyAFNG0hIAc0bSUgBixMGAEooKQBLKCkATCgpAE1IAW4mBQ
22=ZNJg+QKlUjT1QCaAxdK1BIAdEJUSgpAFIoKQBTKCkAVCgrADcAEPknOEgB2Sc5SAGRCQpN
23=cxCEAVknOyhVADwoKQA9KCkAPigpAD8oKQBAKCkAQSgpAEJIAdknQygpAERJAf3ucxAAaA
24=FFSkZUAngcRR5HyAFFHkhJATJvEwUASUgBiUMFRykQADO1AktUAmQBVURMKCkATSgpAE4o
25=KQBPKCkAUCgpAFEoKQBSKCkAUygpAFQoKQBVKCsANgARJkklN0gB0So4SAGbEQoAOSgpAD
26=ooKQA7KCkAPCgpAD0oKQA+KCkAPygpAEAoKQBBSAHRKkIoKQBDKCkAREgBcCpFKUVIAY8F
27=BgBGKCkAR0gBkxQGAEhIAYC0fSsRkQIAfisRAIFyBVV7EaFyBVR7JykATVgGzTFOKCkATy
28=gpAFBIAcU0UUgBgAt0e8sMBgBTKFUAVCgpAFUoKQBWKCgAATUAEgDdxTZIAZMJCgA3KCkA
29=OCgpADkoKQA6KCkAOygpADwoKQA9KCkAPigpAD8oKQBAKCkAQUkBwLFWQigpAENJAf+1Ak
30=TIAUlZRUgBjAV1LhK1hgZMqicpAEhABITkdS4SuEh0LicpAEtBBC18HHUuEmABAgAABQBN
31=VAKNAQVcgydVAE8oVQBQSAGBJQVEzgESADACVAV0LqgBRRNTQAR0AklDVMgBUWxVyAEBBA
32=YAVsgBSZBXSAFcByKDNzQAE7MUCQA1SAHNXTZIAYAEbTEThAFBiDgoVQA5KCkAOigpADso
33=KQA8KCkAPSgpAD4oKQA/KCkAQCgpAEFJAcC1LkIoKQBDSAFtMQIiJjETAGgBTRtFVAKMBW
34=4xEwDJAUcoVQBIKCkASUgBmRgGRIzBGgZGYBMAyWRM4ARsMcAEbDEnKQBPKIEAUEgBJy0G
35=E40xCGwxqQEJZGCoAQEKBgBUTAV4MgELBgBVyQEMbDGgBAENBgBX1AIBDgYAWMoBDwZJoB
36=QkSCUCCQA0ABSEF0EwNSgpADYoKQA3KCkAOCgpADkoKQA6KCkAOygpADwoKQA9KCkAPigp
37=AD8oKQBAKCkAQUgBiS0KVdgUiLxFE0NUAmCTQVFESAGDBAYARSgpAEZIAZgYdWUU8TVIVA
38=LNBUkoKQBKSAHFw0tJAS58BnRl3CBkNCcpAE5ABHwDAQAFAE8oKQBQSAHVnFFIAd2ZUigp
39=AFNIAdGYVEgBhAhkNNwKZDRAMFFsFWQ0qQEWZTQUu5UGAFn4BgIHADIAFfE1M0gBkQkKXT
40=YVhAFVIzUoVQA2KCkANygpADgoKQA5KCkAOigpADsoKQA8KCkAPSgpAD4oKQA/KCkAQEkB
41=QHcQCgBByQEBfTYVnDZJhUNVAsB/bQYARCgpAEUoKQBGSAFgCFHwR0gBzQVISAHVAkkoKQ
42=BKSAHNn0tIASPQK342FQDBnk1UAiN0O2VrFbyOfDYnKQBQQATNBVFIAYsMBQBSKCkAU0gB
43=yW9USAGABHw2yC18NicpAFcogQBYSAGYBn02Fas4BwBaVQI1aAgCCAAxABbpODJIAXACXT
44=YzKCkANCgpADUoKQA2KCkANygpADgoKQA5KCkAOigpADsoKQA8KCkAPSgpAD5JAUZzEAoA
45=P8gBRWtASAF0OV02QcgBWaBCSAFoBUU0QygpAEQoKQBFKCkARkgByThHKCkASCgpAElIAd
46=EJSigpAEsoKQBMSAHJpk1IAZAqdTkWlAZNEE9UAo8BBgBQSAHNBVFIAZQCdTkWJMsqBQBT
47=VAKFzgVcpCcFAVVVAlZxBQpN1hZOAAAAUVZXVQJStQJYyAFVAlnIAVE1WsgBVQJbSAGAUS
48=IdSBe5PQlNPBd8ByKKODIAJykAMygpADQoKQA1KCkANigpADcoKQA4KCkAOSgpADooKQA7
49=KCkAPCgpAD0oKQA+SAFsPFU5P0gBixMGAEAoKQBBKCkAQigpAEMoKQBEKCkARSgpAEYoKQ
50=BHKCkASCgpAEkoKQBKKCkASygpAExIAZgnZa0XvGJsPM0mBkStJykAUCitAFFIAc1+UkgB
51=wTtTSAHNG1QoKQBVSAFsPEX6VkkBfEStSThXSQF0qQFYKCkAWUkBdrUCWkgBkwkKAFsoKQ
52=BcKCsALwAYuD0imVIYqBdlPxiUBkkMMkAEjQEKTOwnVQA0KFUANSgpADYoKQA3KCkAOCgp
53=ADkoKQA6KCkAOygpADwoKQA9SQFKZw8KAD7IAUl6P0gBcAJBZ0AoKQBBKCkAQigpAEMoKQ
54=BEKCkARSgpAEYoKQBHKCkASCgpAEkoKQBKKCkASygpAEwoKQBNKCkATigpAE8oKQBQKCkA
55=USgpAFIoKQBTKCkAVCgpAFVJAWBoHnd7GAB7oTtXVQJyqQFYKCkAWSgpAFpIAclDW0gB3U
56=FcSAFsCUE7XSgrAC4AGeU/L0gBwQQwKCkAMSgpADIoKQAzKCkANCgpADUoKQA2KCkANygp
57=ADgoKQA5KCkAOigpADsoKQA8KCkAPUgBfEFFYD7IAVG5P0gBnBVlgRmEAUlDQShVAEIoKQ
58=BDKCkARCgpAEUoKQBGKCkARygpAEgoKQBJSAGc8SJVLBm88SJULCcpAExABIt6BgBNKCkA
59=TkgBlPRkgSeRAlBVAjFrOAYAUcgBQVxSSAGZGAZUvSetAFQoVQBVSAF8QVm2VkgBJz4IGQ
60=AnPAgnKQBZQATVAlooKQBbSQF1Yw8KAFxIAZcNCgBdKCkAXigrAC0AGpwDQUYuKCkALygp
61=ADAoKQAxKCkAMigpADMoKQA0KCkANSgpADYoKQA3KCkAOCgpADkoKQA6KCkAOygpADwoKQ
62=A9SQFNZBZ1hhpQME/hBgA/VAJwAklDQCgpAEEoKQBCKCkAQygpAEQoKQBFKCkARigpAEco
63=KQBIKCkASUgBnPx3RBoAMmQPdUQaJPRAImxQJykATUwFI7ctBgBOSAEj6C50RNQuIk4gGg
64=B0RE1dUUAEaAEBBAYAUskBBXREJ60AVFQCcA1ZHFVJATxsAXeGGgB/uT1XVQJ3qQFYSQFy
65=qQFZKCkAWigpAFsoKQBcSAHNiV1IAc2JXkgBZAxJQ18oKwAsABujygkALUgBwQQuKCkALy
66=gpADAoKQAxKCkAMigpADMoKQA0KCkANSgpADYoKQA3KCkAOCgpADkoKQA6SQE/fBEijVQb
67=YAEiZSM8VAIiVCFVGD3IAVVwPkgBhARsR8wFZIwnKQBBKIEAQigpAEMoKQBEKCkARSgpAE
68=YoKQBHKCkASCgpAElIASftCBsksD1sRyfhAUxABMUTTUkBY2g4bEcngQBPVALBBFAoKQBR
69=SAFtRwdtRxuFSghsRyfZAFRABNkGVUgBbEcBAgYAVsgBAQMKAFdIAdknWEkBf2MPCgBZSA
70=HFSlpIAcVKWygpAFwoKQBdSAHdjl5IAZcNCgBfKCkAYEgBI/0rCUVlHLhIAggALAAcJARO
71=ZUocRANDBwkALlQCI0E6CVEDHEgCSQAKVNgnKQAxQARMAm08MigpADMoKQA0KCkANSgpAD
72=YoKQA3KCkAOEgBIhRbVUQ5yAEIAQYAOgAcAD8AAAARAAD7DwAgAAECBgA7ABwAPwAAAAMK
73=ADwAHABGSAFVAj1IAUQBAgAABgA+KCkAPygpAEAoKQBBKCkAQigpAEMoKQBEKCkARSgpAE
74=YoKQBHKCkASCgpAElJAShzEAYASkkBKqkBS0oBXQJPAQYATEkBV6kBTUgBTAJ9FU5JAWO1
75=Ak9IAdUCUCgpAFFJATFABAEKBgBSSAHBBFMoKQBUKCkAVSgpAFZJATxQBQEFBgBXSAFsJk
76=ElWMgBWSdZSQFiQAQBAAoAWkkBe0gMSQFbSQFyqQFcKCkAXSgpAF5JAXShBF9JAXapAWBI
77=AYceCQBh6AEDCAAqAB0AiyIHACtJAS93DQgALEkBK6kBLUkBNKkBLkkBMGsBCQAvSAFkAV
78=kRMCgpADEoKQAyKCkAMygpADQoKQA1KCkANigpADcoKQA4SQFETAxJIjlIAUQBbTE6KCkA
79=O0gBbCZZJzxIAcEEPSgpAD4oKQA/KCkAQEkBKEgiXQpByAEBAwYAQkgBxQhDKCkARCgpAE
80=UoKQBGKCkARygpAEgoKQBJSAGEKX9MHQAuYwsGAEtVAmBAD0VgTEkBWKkBTUkBW6kBTkgB
81=aAVBBE8oKQBQKCkAUSgpAFIoKQBTKCkAVCgpAFUoKQBWKCkAVygpAFhIAdknWUkBX2QPfk
82=wdACeeCR0AJ5wJJykAXU0Fd38VCgBeKCkAX0kBebUCYEkBMXAJfUwdQExPAQgAYlQClE8C
83=BwApAB6pTgZRAx5ISUAEdU8eRFCJASxBBDNEAQEABwAtSAEn9QkebQIASU4vVAKPAQoAMC
84=gpADEoKQAyKCkAMygpADQoKQA1KCkANkkBRXcJCgA3yAEBAQYAOEgBcAJNMTkoKQA6KCkA
85=OygpADwoKQA9KCkAPigpAD8oKQBASAF0TwELBgBByQEMdE9IIlgnAQ0GAENUAsEPRCgpAE
86=UoKQBGKCkARygpAEgoKQBJKCkASigpAEsoKQBMKCkATSgpAE4oKQBPKCkAUCgpAFEoKQBS
87=KCkAUygpAFQoKQBVKCkAVigpAFcoKQBYKCkAWUgBdU8Bd08eAH9cIE08W1QC3UxcSAHRS1
88=1JAUJ4I3VPHlZ2AABZBl8oVQBgyAFVAmHIAVEJYsgBVQJjSAFgCEM7KAAfhAFJASlIAcV2
89=KkgBjZ8GXlEfAIFRBkSizAVtUh9I2EUHCkR71QIKWFgnKQAwRAhYA2VVMSgpADIoKQAzKC
90=kANCgpADUoKQA2SAFsUk2UN0gBkAlsUssMBgA5KFUAOigpADtIAcXZPEgBxdk9SAHFCD5I
91=AXRPARIGAD/IAQETBgBAyQEUblIfAGEEFWxSqQEWbFKoAQEXBgBEzAUBGAYARcoBGQZM/K
92=AEARoGAEdUAtUNSEkBMm8BBQBJSAGRKgVE79EqBUSiJ0EDTEAEaAVNMU0oKQBOKCkATygp
93=AFAoKQBRKCkAUigpAFMoKQBUKCkAVSgpAFYoKQBXKCkAWCgpAFlIAWjzTUdaSAGHEwoAW0
94=gBaNJVAlzIAUmFXUgBbFJRNV7IAUHKX8gBVQJgyAFVAmHIAVUCYsgBVQJjSQF8e14GAGRI
95=AYD2AgYAJwAgvaQFWQAgiBBVIylUAowBdKcnVQArVALdVyxIAYktBlWnIIRVVQ0uVQI+Xg
96=YDCkRVtAJVGDBUAlACpFXTCQoAMihVADMoKQA0KCkANUkBSn8GCgA2yAFdIDdIAXACURQ4
97=KCkAOSgpADpIAdlTO0kBn6UePEgBzeE9SAHRVj5IAdEJP0gBbVIcZFVIIlkGHWRVqQEeZF
98=WpAR9kVakBIGRVqQEhZFWpASJkVakBI2RVxx4GAEhIDJTTZFXUAmRVTAVwEGRV1AIijCgn
99=KQBNWAZ8A0UeTigpAE8oKQBQKCkAUSgpAFIoKQBTKCkAVCgpAFUoKQBWKCkAVygpAFgoKQ
100=BZSQE8UBBNPFrIAU08W0gBZFVVAlxJAXxMJlEUXUkBdKkBXigpAF8oKQBgKCkAYSgpAGIo
101=KQBjSQFypQhkSQF1qQFlSAFIECJ/JiYAIVRVUQEEXFfIAX1XIUgCSQAGVP8nKQAqTAVMAn
102=kGKygpACwoKQAtKCkALkgBflcFBl1XIfVaMNQCRR4xyAFVWjJIAZ8KCgAzKCkANCgpADVI
103=AX1XAn1XIUaSAABVcDdUApgGZK0nkQI5KFUAOkkBXKUeO0kBVqkBPEgB2QY9SAHBBD5IAS
104=VZJz9IAcEEQEgBaVkmfFdUI0UIJ3xXqQEofFepASl8V6kBKnxXqQErfFepASx9VyFIdUUL
105=BV1XIUzRiQFJSAxCAQAAfVchUCVQAX1XIVTZiQFMQAST2gUATUgBTAJhME4oKQBPKCkAUC
106=gpAFEoKQBSKCkAUygpAFQoKQBVKCkAVigpAFcoKQBYKCkAWSgpAFpJATxcEU08W0kBfFQj
107=UVZcSAHJTl0oKQBeKCkAX0gBI6cgBgBgKCkAYSgpAGJIAcUIYygpAGRIASf8Cie5B2ZUAs
108=eBJQAiIXgpXxEDACZIASOUNHVaIvEqKFQCxSkpSAFEBWUpKigpACsoKQAsKCkALSgpAC4o
109=KQAvKCkAMEgBzV0xyAFdeDLIAU1dM0kBQXsNCgA0yAEBAQoANUkBSHUCBlWyImABeRE3VA
110=KMAXRaJ1UAOShVADpIAdFWO0kBWrUuPEgB2QY9SQFitQI+SAHVAj8oKQBAKCkAQSgpAEJI
111=AW1dMXVaIiNVITJ0WqkBM3RaqQE0dFqpATV2WiIAwTBIRAiUDXWyIoQBlFonKQBLKIEATE
112=gBhDR0WsMEBgBOVAKfBgYATygpAFAoKQBRKCkAUigpAFMoKQBUKCkAVSgpAFYoKQBXKCkA
113=WCgpAFlIAd1XWkgB0a5bSAHBUVwoKQBdSAHdV15IASOnKwYAX0kBq2wXdloiAGgBTexhVQ
114=KqtQJiSAEjrywGAGNIAcUIZEgBxQhlSQGvrQVmyAEBAQIAZ0gBcAIDAAQAJAAjXEdTAQQA
115=JSgpACZIAYQpbV0jVANIAGW4I726BUS41AIiBCInKQArWAZEBWlOLCgpAC0oKQAuKCkALy
116=gpADAoKQAxKCkAMkgBxWAzSQFBQAtFYDTIAU21NUgBUAJ1DTYoKQA3KCkAOCgpADkoKQA6
117=SQFeqVk7SAHFCDwoKQA9KCkAPkkBX60FP0gBzQVASQEhtQJBSQEbqQFCSAHBBEMoKQBESA
118=FlYDxsXVgnTQU9bF0nzQRHQQQxfAZluCNAK0wBb10jAC1EAYxdzAVnuCMALLUCTFgGIxxG
119=bF3ABGxdJykAT0AEaAVVp1AoKQBRKCkAUigpAFMoKQBUKCkAVSgpAFYoKQBXKCkAWCgpAF
120=lIAcFRWkgBwVxbKCkAXEgBzVJdSQGxaxMGAF7KAQECTV0jglwCAkS4qAEBAwIAYUAEbF1V
121=AmLIAUU/Y0kBrKUIZMgBXWJlSAFsXU0FZkkBb2EEA01dI7feAwBoKFUAI0FfP0AETQUkyA
122=FdCiXIAU0mJkoB//9EBCIOLiQAxTQoVALVLilIAVgDdU8qKCkAKygpACwoKQAtKCkALigp
123=AC9JASlcQUkXMMgBQVwxSAHdCjIoKQAzSQEyeQIFVXUkoRoFVL0nKQA2QAQjxy8FADcoKQ
124=A4SAHV0zlIAWAITRs6SQFiQA9JATtIAdUCPEgBJWUuPUkBWaEEPkgBJZEjP0gBzQVASQEg
125=oQRBSQEXqQFCSAHRYUNIAc0FRCgpAEUoKQBGKCkARygpAEgoKQBJSAHNwEpIAZAJZWAk6Z
126=BM9wIGAE0oKQBOKCkATygpAFAoKQBRKCkAUigpAFMoKQBUKCkAVSgpAFYoKQBXKCkAWCgp
127=AFkoKQBaSQF/qSJbSAHZXlxJAV17GAYAXUgBZGBVT15KAVEBWQICRmAkAGgBUWFgVQJQtQ
128=JhyAFVAmJIAXJhBQJWvSQAZGBFCGRUAmgBVWVlSQFPuQZmSQFvWQoBZGC+CgACRmAkANUC
129=aUAEI1FSAlHBJUQFSQADQmQlAJleA1sDJQA/UAJVDSVMw2gBVQ0myAFVZSdJAUFABFlIKM
130=gBSVkpSAFsBVUCKkgBkAkiFEXIDCIURScpAC1ABGAITQUuSAFxYQQibi8lAGgBAQUGADDW
131=AgYGRHC0AgEHBgAyVALZBjNIAdVENEgBlAJ9YiVQBFMBBAA2VAKdYgReYiUAk2EEADhUAi
132=OrPAUAOUgBlwIFADpIAVAGaXo7KCkAPEgB1WU9SAHBBD5IAdUCP0gB1QJASAEnXgwlACdf
133=DCUAGr1BQ0AEzQVESAGQuWTDTBt4AmTDJykAR0AEjMAibDonzQRJVALVkUpJASl4Bn1iJV
134=AlTwEFAExUAkABdRhNSAHBME5IAdVPT0gBIighVS5QyAFdNlFJAc+xFFLIAVUCU0kB0LUC
135=VMgBVQJVSQHStQJWyAFVAldIAd0KWMgBVQJZSAFwVlUNWkgB2RFbSAFstVUCXMoBAQJfYi
136=UATb1XXlQCcGFJTl/IAUFcYEgBfGJVAmHIAVUCYkgBbAVBXGPIAVEJZEkBTrEJZUkBT0gB
137=WQZmyAFZBmdIAXgGVQJoSQGKcyYCAGnIAUUIakkBb7cCIQAmYwEAAANUZScpACMoVQAkSA
138=GBUQJRBiataAJNAibtaCdRAUFMCFUNKMgBTRApSAF0ZVUCKsgBRWsrSAEjzGd0ZdQNIiRH
139=JykALkAEaWQIdmUmAGkBCXRlqQEKdGUnrQAyTAVcDn1BM0gBzUc0SAGRSwVVyCYktC10Zd
140=gGdWUmJIwzdWUm4Wc5WAbBZzpIAYdrBQA7SAHNaDxIAdUNPSgpAD4oKQA/SQEhrUdASAHJ
141=ZEEoKQBCSAEntAzYESLNMCagv3ZlJgCD1QcARkwFI7NIBwBHSAGAMHRlJ9kASVQC2RFKKC
142=kASygpAExIAc1STUkBsHAFIh4lJgBoAQEBAgBPVAJ0WkU0UMgBXTZRSAF0ZVUCUsgBVQJT
143=SAF0ZVUCVMgBVQJVSAF0ZVUCVsgBVQJXSAHdCljIAVUCWUgBdGVNBVrIAV1BW0gBdGVVAl
144=xJAU9IWU1dXUgBdGVVAl7IAVUCX8gBSRdgSAHNBWHIAVUCYkgB2V5jyAFBD2RIASe1DCb1
145=cGZUAmgMWQZnSAHBBGhIAXRlQQ9pyAFFCGpJAW9YJ00Fa0kBYEgBV3sgACckTysDACEoKQ
146=AiKCkAI0gBgFFlzidYvFwGbGjYBmxoJykAJ+0FAk1BJ/FsKVQCiTgCWVgn/W0rVQI8TAlN
147=ECxIAYAEbWgnbAJxYS5UAowBbGhIDE1SDWxoJ4EAMSiBADIoKQAzKCkANEgBiE5taCdQD1
148=gJbGjECGxoJykAOEwFgWcERc4nJAEnBEXOJ+VrO+MEBQA8SAHFaz1IAcVrPkgBQAxpFz9J
149=ASRcFU0bQEgBJw0NJyjFGScoxBnMEG1oJ1wmTAhvaCcAYGQIbmgnACPAP2xo1BhsaCfZAE
150=lIDFAGYQ9KKCkASygpAExIAQldAAAAAAYATQAnALARAADHEAAgCAAAAAICAE4AJwCwSAEG
151=AwIATwAnAE4BTwECAFDIAQEBAgBRSQFRtQJSyAFVAlNJAbVUAgEGAgBUSQFNSAEBAAIAVc
152=gBQQRWyAFVAlfIAVUCWEgByQxZyAFVAlpJAapcDgEFAgBbSAHBBFxJAU9cCgECAgBdSAHV
153=Al5IAXQNVQJfyAFJF2BIAc0FYcgBVQJiSQFQRAhNEGPIAVUNZEgBcAlFCGVIAdEJZsgBWQ
154=ZnSAHBBGjIAVUCaUgByQxqyAFVAmtJAWBIFwEBBgBsSQEpSAEEAAMAHwAoAIsBBAAgSQEt
155=dwIEACFIAWQBAQAEACIoKQAjSQEqewIDACRIAWQBRQglKCkAJkoB//9dAgNDDCgAMUQBQR
156=ooVAKdCgJGDSgAgwQCACpUAskBK0kBPEwFWRwsyAEBAwYALUkBQlQCAQAGAC7IAUkXL0kB
157=P7UCMEgBhQgGRQ0obQIATQUyVQKTRCkBAQUAM8gBAQIFADRJAS5rBAUANUgBlxgEADZIAX
158=ACWRw3SQEybwEDADhJASupATlJATOpATpJAS9rAQQAO0gBgwQEADxIAYMEBAA9SAGXEAUA
159=PkgBaAVZET8oKQBASgEgAl8CBgBBSQEXqQFCKCkAQ0kBG7UCREgBlw0GAEVIAZcNBgBGKC
160=kAR0gBgxoGAEhIAVQKcR9JKCkASigpAEsoKQBMSQG1cwUGAE3IAV1MTkgBeEhRNU/JAQJl
161=ayiQbE1HUVQCZGtVAlLIAVUCU0gBbFJFCFTIAUEEVcgBQQRWyAFVAlfIAVUCWEgBdA1VAl
162=nIAVUCWkgB0QlbSAHBBFxIAd1iXUgB1QJeyAFZBl9IAc1dYEgBcBRVGGHIAUUTYkgBeAZV
163=AmPIAVUCZMgBVQJlSAFgD1kRZkgBbAVJAWdIAdEJaMgBWQZpSAFsBVkGasgBVQJrSQFgsS
164=psSAHZaW0oKQAeQF+VAgVcbYMBAAAFXW0pVGBcBnxt1AJ8bScpACNYBoxofW0pUAFPBQMA
165=JUABiwQDACZIAYRrfG2PAgAAA5gOgFx9bSkovA0nKQArWAaDZwIALEgBaG9dmS1JAUJGDA
166=ICX20pAEJIAV0rL1QCfG0BAgIAMMgBTXMxSAFwbEkBMskBBH5tKQB2AgUEXm0pAJFWBF1t
167=KUAKVAl+bSkA0Ww3WAacV31tKVwQQwQDADlVAjBEAVUYOkgBZAFNcztJASxsAX1tKVwQTA
168=F9bSlIHUgBfG3THwYAP0wFTAJxYUBJASS5aUFJARypAUIoKQBDSQEetQJESAHZBkUoKQBG
169=KCkARygpAEgoKQBJKCkASigpAEtIAZ8rBgBMSAF9bQJ+bSkAaAFRKk5UAt1MT0gBfFdFSl
170=DIAUVKUUgB1U9SyAFVAlNIAXRPRQhUSAHZBlXIAUEEVkgB1WVXyAFVAlhIAXQNWQZZSAFk
171=CFU5WsgBVQJbSAFgBE0QXEgBZAhBBF3IAUEEXkgBYARVAl/IAVUCYEgBcBRVAmHIAVUCYk
172=gBzQVjyAFVAmTIAU0FZcgBVQJmSAF4EUEPZ0gB0QloyAFBBGlIAWAEWQZqyAFVAmtJAWBU
173=NVnBbEgBi2QFAG1IAZtABQBuKCkAHUhslwIGAB5IAZFLBldwKgBORggAB1RwqgEBA1TemW
174=YASU4iTAV8A0kBIygpACQoKQAlKCkAJkgBgAd1cCqhXAJJUyq4XnRw1QIBhAWdYgFZYypM
175=AFEMAVVfKlDViQEtSASMR3VwKvF3LyhVADBIAWByRXYxSAF+bQYCUQ4qim8HAkAJqgEIA1
176=RwyQwDVHAnKQA2WAbJbzdIAVgOdYY4SAGY13RwmBl9IDpUAoAEdN5o9lABdHDBBAVU3tQC
177=dHDUAnRwJykAQOQIdN4nVQBCKFUAQygpAEQoKQBFKCkARigpAEcoKQBIKCkASSgpAEpIAZ
178=snBgBLSQGvWBVR8EzIAVFhTUgBfExJTk7IAVUCT0gBeGldTFDIAV1MUUgBbAVVAlLIAVUC
179=U0gBaGRZBlRIAdkGVcgBQQRWSAFgBFkGV8gBVQJYSAFwCVkGWUgBYARNEFrIAVUCW0gBwW
180=dcyAFBBF3IAUEEXsgBVQJfyAFVAmBIAWwQVQJhyAFVAmJIAXAJVQJjyAFVAmRIAXhpVQJl
181=yAFVAmZIAWQTVQJnyAFVAmjIAVUYacgBVRhqSQFasSpryAGUcCdhB21UAnwDVS5uKCkAb0
182=gBiwQFAByxXgBJbx0oKQAeKCkAHygpACBIAXp0BAdNcyuEdgEFAwAiVAKPaAMAIygpACRJ
183=ATNkD2TkmAN9VyZUAoAPbXMrVBBEBG1zK+RreNSABG9zKwCgXQMAb3MrAJqpASxFCC+pAS
184=1IAYULAUV7K0BtWwIBAC9UAohOZOQnXQExVAJZAwBRKjJIAXl0Cm1zK5p0CwJMc9QNbHPX
185=DQMANkwFmwYDADcoKQA4SAGMEG1zK1ABSwQDADpAAcUeO0gBkHdsc4oUAABscyJkLUwFbH
186=PUAmxzJykAQFkGMlwDTQVBSAGdAgVE/8sMBQBDKFUARCgpAEUoKQBGSAGPEAUAR0gBbAlF
187=P0goKQBJKCkASkkBXWQEbnMrAG5zAgJG5CsAzVJNQARgUVUCTsgBSU5PSAFgXFUCUEgBdF
188=pJAVHIAUEEUkgBeGlVAlPIAVUCVEgBbAVJAVVIAcEEVsgBVQJXSAHVDVjIAVUCWUgBzQVa
189=yAFVAltIAWwQVTlcyAFJZF1KAU4BRxoCAF7IAVUCX8gBWQZgSQFPQARFE2HIAVUCYkgBeA
190=ZVAmPIAVUCZEkBTUwFSQxlyAFRCWZJAVFUAk0FZ8gBTQVoSQFWXA5JLWnIAVVwakgBbHMB
191=AgYAa0gBfANBBGwoKQBtKCkAbigpAG9JATFzBQUAcEgBIz8pBQAbUNJwAll0HCgpAB0oKQ
192=AeKCkAHygpACBJAU58BmV2LIV2AWR2I/gmecwjQASQASJNKywkLCdkdowCpXYsuHRmdiwA
193=hBNmdiwAhBN06cAEZ3YsAKN0DWd2LACZqQEsSAxkAV14LSgpAC5IAYxoZXYs8XcwVAKJDw
194=JEDSIwLEAHdOkntQEzQASEa2R21A1ndiwAlkkFAGd2LACYqQE3TAWUhiJMK5QKZR45VAJ8
195=A00FOkgBkwkDADvrAQQAPEgBgARkdiIAPFABZHbECGR2JykAQEwFm5UFAEFJASci9Cpkds
196=AEZnYsAIt6BABEQASLegQARUgBm3QEAEZIAYwQZHbYBiIMOScpAElABEQQIgUtSkkBtmwB
197=ZnYsAGgBTVJMVAJkVU1STUgBeFNRVk7IAUEET0gBeF5VAlBIAWxdSQFRyAFBBFJIAcEEU8
198=gBVQJUSAHRCVXIAVUCVkgBdA1FCFdJAVBQYUkBWMgBQQRZSAHRCVrIAVUCW0gB2QZcyAFV
199=Al3IAUUIXsgBVQJfSAFwFEkBYEgB0QlhyAFVAmJIAWAPRR5jyAFVcGRIAWgMVQJlyAFVAm
200=bIAUkMZ8gBRQhoSAFkdk1zaUkBfH82BgBqSQF0qQFrKCkAbCgpAG0oKQBuSQF2rQVvSAF0
201=MlV7cEgBi2QFAHFIASOnKwUAGqxlbewbKCkAHCgpAB0oKQAeKCkAHygpACAoKQAhSAFoel
202=HwIskBBWTvInxGVBB8eIRzcXclQARMAmkBJkgBhBN9eC1QAVwCImw6IoArSAF9eC1MbkgB
203=fHjABH94LQCfUAJQd2xwmWkBVAfIDGTvJykAL1wCiVkBXIjYEXx4wQQDQGHIDGXvLVAEQA
204=t8eCeBADVECJQNfXgt6Xo3VQKdSAVFdjhIAWQBSQE5SAGQZGTv0Al8eMAPfHjfCgUAPUwF
205=hBN8eNQCfHgnKQBAQASUI3x40B98eMAEfHjAJXx41AJ8eCe1AUZECMkMR0gBkBR8eM8FBg
206=BJVAIjXyIGAEpIAXB3VU9LyAFFVUxIAc1dTUgBaG9JWU5IAXRaXVdPyAFdV1BIAWhkQQRR
207=yAFFCFJIAWQIVQJTyAFVAlRIAdEJVcgBVQJWSAF8Ck0FV0gB2WlYyAFBBFlIAdEJWkgBZA
208=hNEFtIAdkGXMgBTQVdyAFRCV7IAVUCX0gBcBRJAWBIAdEJYcgBVQJiyAFdCmPIAU0bZEgB
209=eBFVAmXIAVUCZkgBwQ9nyAFFCGhJAVtMLVntaUkBe6FyakkBcqkBaygpAGwoKQBtKCkAbk
210=kBda0Fb0gBTAllrXAoKQBxKCkAckgB10QZAC69VwZUeyP0NrR7JykAHEAEkwkHAB0oKQAe
211=KCkAHygpACAoKQAhSAF0e138IsgBQfYjSAGQ5XV7LrDldPTXDQQAJkAElw0EACdIAYjSdX
212=suqHp1ey5QF0gEIqVXLqT6dXsu4fYsWAaQbHR73Ap0e3z0WAZ09MQedHsiBFhUAnR7zAV3
213=ey4AK2UpA0AUqAFJFzRcCnUCAnT01A12ey4AlA0iXS0uQIORCThMBZviAgA5SAGYaXR7zR
214=AEVPTMEHR71AJ0e9cCBQA+WAZICWk4PygpAEAoKQBBSAGUI3R7yBd0e8gidHvcCnR73Ap0
215=9MQedPTYBnV7LiTcMnV7LiMELU3ASkgMIjAtAQECAEtIAXheSVlMyAFVAk1IAcFcTkgB1V
216=pPyAFVWlBIAWBnWWlRyAFVAlJIAWwFRQhTSAHFCFRIAc1zVcgBQQRWSAFkCEEPV8gBVQJY
217=SAFsBUkBWcgBQQRayAFVDVtIAdkGXMgBTQVdyAFNBV7IAVUCX0gBbBtFE2BIAXgRRQhhyA
218=FVAmJIAWAEWQZjyAFZBmRIAdUYZUgBeAZNBWZJAVdAN114Z0gBaHpRo2jIAQEDBgBpSAEn
219=dg8uACd0DycpAGxABNUCbSgpAG4oKQBvSAHR+3BIAc33cUgBXA5hRnIoKQBzSAHDfRgAL+
220=F9GUgBjQUHTH6Ycax+JykAHCiBAB0oKQAeKCkAHygpACAoKQAhKCkAIkgBeH9R+yPIAVH7
221=JEgBkAxufi8AIxApIrRZJykAJ0AElFJsfoQFIqUrKVQCjF1tfi+kgWx+fPRcGCKcS8wFbn
222=4vAJTpbH7EHm1+L6BcIi09L1gJWAZsfsAPImUuL1B9lQIzWANgfV0VNMkBBmx+TAVRggdv
223=fi8AMkgFXUE3QASfFQIAOEgBgH1sfiI0aUQEbH7IAWx+xxMFADxNBTBdAwBsfskXBkx+Jy
224=kAP0AEiwwFAEBIAYAlZfovXDlcBmx+zxAEAENABIwQbH4ntQFFVAKfIAUARkgB1Q1HSAFc
225=B3VESEgBJdU8SUgBYn0CAkb6LwBoWU0bS1QCeF5VAkzIAUFcTUgBYARVAk5IAdFsT8gBXW
226=JQSAFsc0UIUcgBVQJSSAF0ZUUIU0gBxQhUSAFsBVEJVcgBQQRWyAFFCFfIAUUIWEgBeAZV
227=AlnIAVUCWkgBcBRVAltIAXgRUQlcyAFRCV3IAVUCXsgBVQJfSAHZdGBJAbtvIgYAYcgBXQ
228=piSAF8ClkGY8gBWQZkSAHVGGVIAWQIVXtmyAFVe2dIASUNLmhIAdl0aUkBckxHTapqKCkA
229=aygpAGwoKQBtKCkAbigpAG8oKQBwKCkAcUgB2X9ySAFwGEkMcygpAHQoKQAXUH+TQAYAGE
230=gBjwUHABkoKQAaKCkAGygpABwoKQAdKCkAHigpAB8oKQAgKCkAISgpACJJAU97DQcAI8gB
231=VekkSAFxAgBkgZwSYX0mKFUAJygpAChJATJwBXX/MKRgZYEw6XorQASUnGSBIjRpUAVlgT
232=BcAogBeN8jySoCQCIIMAD//wAAAAIAMAARAAADEQAgCDAAAAEAAAECADEAqAEBAgIAMkoB
233=KABDAAIAM0gBQAECAAADADRIAQUrAgAACgMANcgBAQsDADZJATFnBAIAN0kBLakBOEgBxQ
234=g56wEDADrrAQQAO+sBBQA8SAF0BgEABgA9KCkAPigpAD9JASpnBAUAQEkBJUwQAQAFAEFJ
235=AR+pAUJIAYMEBABDSAFoBQEABABESAGPEAQAResBBQBGSAGDBAYARygpAEhJAbV7AgYASc
236=gBAQECAEpIAQFQAQAASSJLyAEBAAIATMgBQQRNyAFVAk5JAU6tBU/IAQEDAgBQSQFRtQJR
237=yAFVAlJIAXwKSQFTyAFJDFTIAVUCVUgBcAldClZIAcUIV8gBQQRYSAFkCFkGWcgBVQJaSQ
238=F+dxgCAFvIAVEUXEkBf7UCXUgBfApNBV5JAVdUAgECBgBfyAEBAwYAYEoB//9bAgYAYUkB
239=u0QBAQQGAGLIAQEFAgBjSQFNQBpFE2TIAUkMZUkBX0wFSThmSQF8ezIGAGdJAXKpAWgoKQ
240=BpKCkAaigpAGsoKQBsSQF3uQZtKCkAbigpAG8oKQBwKCkAcUkBebkGckgBdBFZEXMoKQB0
241=KCkAdSgpABZAX48FBwAXKCkAGCgpABkoKQAaKCkAGygpABwoKQAdKCkAHigpAB8oKQAgKC
242=kAISgpACIoKQAjSQFPXBEBBAcAJMgBAQUDACVIAVECAFVwJigpACdJATJ7AgIAKEkBLqkB
243=KUgBizgCACooKQArSQHRoQQsyAFdNi1JAfq1Ai7IAVUCL0gBcIJVRDDJAQR8g1h8RD9RQD
244=JUAoRrf4MxADF0LnyDqQEBfINMBXwKfIMnKQA3WAabdAIAOEkBm1AJWUg5yAFZBjrJAQJ+
245=gzEAYQQDfIPECHyDJykAPkwFkx8FAD9IAZAffYMxVJdFDwRfgzEAK0QBRYFC4AR/gzEAI3
246=wVfYMxXCZEBHyDyAF8gyeJAUdYBocpBgBISAF8g1VlScgBVSNKSAF0cFUYS8gBQXJMyAFB
247=BE3IAVUCTsgBVQJPSQFPsR9QyAFVLlFIAdEJUsgBVQJTSAHdbVTIAVUCVUgBfHhdClbIAV
248=0KV0kBVlwZWV5YyAEBAQYAWUkBrGceBgBaSAF8g1kGW8gBWQZcSAF8g10KXUkBr0wFWQZe
249=SQFcsQlfSAHJemBJAXZABEkMYUkBuqEEYsgBRQhjSAF8FUkMZMgBSQxlSAF8g10KZkkBf6
250=UIZ0kBcqkBaCgpAGkoKQBqKCkAa0kBda0FbEgBfA5NEG0oKQBuKCkAbygpAHAoKQBxKCkA
251=cigpAHMoKQB0KCkAdSgpAHYoKQAVqEsCAAAHABYoKQAXKCkAGCgpABkoKQAaKCkAGygpAB
252=woKQAdKCkAHigpAB8oKQAgKCkAISgpACJJAURjIQcAI8gBTWgkSAFwAkmFJUkBMm8BAgAm
253=SAGTYQIAJ0gBlGV2hjIAg1wCAClUAskBKkkB6lgGVTkryAFVOSxIAWCIVTktSAF0hkkBLs
254=gBAQQCAC9IAXaGBgJQq1gOQVwHdIZIAVAJSWQyQAQn1BBIiFU5A3SGqQEEdIaoAUGeNkwF
255=dAZVGDdIASfVEDKQglUNOVQCfINVkTpJAZxUDQEABQA7yQEBdIbAD3SGJykAPkAEkAl0ht
256=QCdYYyTKVcDXSG1wIEAEJNBSVQFEGIQ0kBHqkBREgBlBh1hjKgiHSG2AYiVyEyAK9MCVlT
257=SEwFaAFFKUlJAVFwFCJWITIAaAFVAktUAnRlVSNMSAHRgk3IAUEETkgBwQRPyAFVAlBIAW
258=wFQTBRSAFwCUUIUsgBQQRTSAF4Bl02VMgBTQVVSAHNBVbIAU0FV0gBdIZJm1hIAWQXSRdZ
259=SAF0hlUCWsgBAQMGAFtJAa1/IAYAXEgBaIVBBF3IAUEEXkgBxQhfSAHBfWBJAXK5BmFJAX
260=qpAWJIAWCIAQQGAGPIAVU5ZEkBWmsIBgBlyAGVhjJtAgBFE2dUAt0KaEgBJaUgaSgpAGpJ
261=AXKpDGtIASfVEDLlCG1VAo1zAQYAbsgBSQxvSQFwtQJwyAFVAnFJAXG1AnLIAVUCc0kBbr
262=UCdMgBVQJ1SQFvtQJ2SQFtqQF3yAFDBBQAM2wCYYgVKCkAFigpABcoKQAYKCkAGSgpABoo
263=KQAbKCkAHCgpAB0oKQAeKCkAHygpACAoKQAhSQFdYxIHACJJAURKAQIDTInTFAMAJFQCly
264=YCACVIAdWGJkgByYUnKCkAKCgpAClIAWCISU4qygEEAk7xMwB0Ak08LFQCUQ0AUVYtKCkA
265=LigpAC9JASxkBG2JM1CTTAFsiScpADJBBDhQAkUIM0gBhxYCADRJATFFPwduiTMAaQEIIg
266=QimAMi8SQ3QASYfyIFIjPtnzlUAmyJAQkCADpIAWyJVVo7SQGgawwGADxJAZipAT1JAZqp
267=AT5IASOsIG6JMwAj5DNsiUAPYARsidwVbIknKQBDWQYpoQRESQEwqQFFSAGYimyJxBNtiT
268=OMiV14SEEEUaGIScgBVQJKyAFJLUtJAU1ABFUCTEkBT6kBTcgBQQROSAHBBE/IAVUCUEkB
269=UK0FUUgBaAxFCFLIAUEEU0gBYARJLVTIAVWGVUgBzQVWyAFNBVdJAWBjGgYAWEkBeKkBWc
270=gBRWBayAFdK1tJAVdAD0l6XEkBiK0FXcgBTQVeyAFNBV9IAXwDTQVgSQGBTDxJAWFIAdUC
271=YkkBY2wBb4kzAFWpAWRUAmyJRQhlSAFwAlkGZigpAGcoKQBoKCkAaSgpAGpIAdGNa0gBJX
272=0xbEgB0QltSAFsiUkMbsgBWaBvSQFwRARVAnDIAVUCcUkBcbUCcsgBVQJzSAFsiU0FdMgB
273=VQJ1SQFvTAUBAQYAdkkBbUgBQQR3yAFBBHhJAYpUAkEEE0BfRAF5ihQoKQAVKCkAFigpAB
274=coKQAYKCkAGSgpABooKQAbKCkAHCgpAB0oKQAeKCkAH0gBk4IHACBJAUZ/EQcAIcoBAQNF
275=jDRsAnVwI1QC2YokSAHZiiVIAYQIIrUiNO1zJyhVAChJAedMCFlTKcgBSU4qSAF5igdkjM
276=sMAgAsVAJIBaSMJ1UALihVAC9IAZxtZIzDBAMAMVQCmQYDUbY0WAFQASKMMyLoQ4kBNEEE
277=MVRPIw5ENACcg2aMNACTggMAN2AESAVVZThIAZOCAgA5SAHNGzpJATxjBAYAO0kBo6kBPE
278=kBm6kBPUkBlqkBPkgBnwoGAD9IAYSXZIzfFQUAQVQCaAUBAAUAQkgBi6YFAENIAYeMBQBE
279=KCkARUgBkI1mjDQAIjQzUWFHVAJoAUl6SEkBUUByXStJSQFQSAFVGErIAUEES0kBTrUCTE
280=kBT6kBTcgBQQROSAHZBk/IAVUCUEgBfApRCVHIAVUCUkgBxQhTyAFVAlRIAWQIQTtVSAHB
281=BFbIAUEEV0gBZIxZXlhIAWSMUWFZyQEEIo4zNAB1AgUitCIBNADRA1wjIrYiNABkjE0FXU
282=wFaAFNBV7IAU0FX0gBRAUigSFgKCkAYUkBlVgCSW9iyAFFCGNIAVACbQVkKCkAZSgpAGZJ
283=AYxkBCIORDQAaAFdFWhVApO1AmnIAVUCakgBcAJNMWsoKQBsSAF0GFUCbcgBTQVuyAFZEW
284=9JAXBcBlUYcMgBVRhxSQFxtQJyyAFVAnNJAVFzNQYAdMgBUQl1yAFJDHbIAVUCd0gBeIpJ
285=DHhJAYdQCUEEecgBQwQSADVsAnGNEygpABQoKQAVKCkAFigpABcoKQAYKCkAGSgpABooKQ
286=AbKCkAHCgpAB0oKQAeSQFAdxAHAB/JAQF+jjUAfo4CA1yO0BR9jjVMeVMFAgAjTAXRjSRI
287=AcFyJSgpACYoKQAnSAFxjQUiljQ1AGkBBiKUNKgBUY0qQARUCmWMK0kBKVCCWVMsyAFNaC
288=1IAckMLigpAC9JAS98Bn2ONUy4TAEiZCMnvQIyQARMAn2kMygpADQoKQA1SQGfZAR/jjUA
289=makBN1QCZAEBAAMAOEgBI1wifY41JFwiImYjNQB8jkUTO0AEaAFJWTxJAWJ8BiKWNDUAnw
290=oGAD5UApwKfY41uKB9jjUkJCZ8jicpAEJMBdmKQ0kBoLEJREgBxZdFSAFwAllIRkgBcI1R
291=S0fIAUF9SEgBwX1JSAHFjErIAVEqS0kBTX9XAgBMSAFsBVUYTcgBRQhOSQFQQARVAk/IAV
292=UCUEgBeF5VAlHIAVUCUkgBxQhTyAFVAlRIAcEPVUgBwQRWyAFBBFdJAWF4GCJnIzUAeakB
293=WVQCaAFdYlrIAU0bW0gBJ90RNemQXVUChbkGXsgBWQZfSAFwAlUjYCgpAGFIAX2OCyLuVT
294=UAaQEMImQjqAEBDQYAZEAE2QZlKCkAZkgBcI1NEGfIAU08aEgBfI5VAmnIAVUCakgBxQhr
295=KCkAbEgBfI5BBG3IAUWMbsgBTYlvSAF0I10VcEgB2RxxKCkAckgBYARNG3NIAYAwfo41AG
296=gBXQp1KFUAdsgBVQJ3SAF4BlEUeEkBhGkTBlosNQBoAVEJelQCcAJDDxEANoQBAQAHABIo
297=KQATKCkAFCgpABUoKQAWKCkAFygpABgoKQAZKCkAGigpABsoKQAcSQFFaw8HAB3IAQEBAw
298=AeSAF2kQIDVpE2AGgBAQMDACBUAph/dJElO0MCACJUAsmQI0gBgwQCACQoKQAlKCkAJkgB
299=fY4IIs1GNomQCXSRqQEKdJHcICKmVzYAaJAjnDWpAQUiFCSoAUWXLVAJYARFly5IAcEPLy
300=gpADBIAcGTMUgBJbFIMigpADMoKQA0SAEjTTUCUjI2ACMMI3aRNgAj4CIiFSQ2JkEkOEwF
301=aCZBkzlIASMMI3SRJ+kCO1QCdJFdFTzIAU08PUgBnAp3kTYAnWgIdJHZBgZYLCcpAEFMBd
302=2OQkgBJaU2Q0gBJUklREgBxQhFSAEjzTsGT8U2AL9/CgIAR1QCaAFRjUhIAYNRAgBJSAFw
303=gkGISsgBRYFLSAF0kVUCTMgBVQJNSAF4BgEAAgBOyAFRCU9IAWwFVQJQyAFVAlFIAXBhVQ
304=JSyAFVAlNIAXCYVQJUSAHBD1XIAUkMVkgBIsRmUWFXSAElcVZYSAFokE1oWcgBRXZayAFF
305=dltIAWwQRWtcyAFNBV1IAXSRVQJeyAFVAl9IAXGNEiIlaDadjhMiJGipARR0kakBFXSRqQ
306=EWdJGpARcizEaoAQEYBgBm0QkZIhQktAIBGgYAaFQCIvglTTxpyAFBGmrIAVkRa0gBdDJB
307=BGxIAWwbSQFtyAFNBW7IAU0Fb0gBjyYGAHBIASc2EjYAbDFBBHJUAmgBTRtzSAHdIHTIAV
308=UCdUkBgHgNIp41NgBoAUkMd1UCfLUCeMgBVQJ5SAF0kVkGekgBfANFE3soKwAQADeQAkGT
309=ESgpABIoKQATKCkAFCgpABUoKQAWKCkAFygpABgoKQAZKCkAGigpABtIAZdaBwAcSQFFVB
310=BVkR1IAUQBIikhHigpAB9IASX1NSBIAcF9IUgBwZMiSAHdgyNJAfNICFlTJMgBWV4lyAFN
311=UibIAV2OJ0gBeZUNbJTcIGyUJykAKkAEaJBdmSvIAV2ZLMgBXZktSAHBDy4oKQAvKCkAMC
312=gpADEoKQAyKCkAMygpADRIASWBNzVIAVAYfSA2SAGYim2UN7iKIsUkNyaNKDlABN0gOkgB
313=mwYCADsoKQA8SAF4lV0gPcgBXUE+SQFCcAVulDcAaAFBRkBVAj61AkFIAYEPBlADww8GAE
314=NUAoceBgBESQFErQVFyAFVLkZIAXACUYJHSQF3bwECAEjIAUEESUgBaIVBBErIAVUCS0gB
315=bF1VAkzIAVUCTcgBCgACAE4ANwBNAQAAAQIRAADJEAAgCgBPADcAUAEAAAACAFDIAQEBAg
316=BRSgFRAVMCAgBSyAEBAwIAU0kBULUCVMgBVQJVSgFXAE8FBgBWyAEBAwYAV0gBUAICAAAG
317=AFgoKQBZSQGOewIGAFrIAQEBBgBbSQF7tQJcyAFVAl1JAYi1Al7IAVUCX8gBAQIGAGBJAZ
318=VABAEcBgBhyAEBHQYAYsgBAR4GAGPIAQEfBgBkyAEBIAYAZcgBASEGAGbIAQEiBgBnyAEB
319=IwYAaEgBYA9VGGnIAQEEBgBqyAEBBQYAa0gBXA5tG2xJAXlMAU0FbcgBTQVuyAFNBW9IAY
320=8mBgBwyAFNBXFJAYJYBlUjcsgBTRtzSQF+tQJ0yAFVAnVJAYBUAkUedsgBRQh3SQF8tQJ4
321=yAFVAnlIAVACZRN6KCkAeygpAHwoKwAPADiIBQEABwAQKCkAESgpABIoKQATKCkAFCgpAB
322=UoKQAWKCkAFygpABgoKQAZKCkAGkkBRWsPBwAbyAEBAQMAHEgBcAIBAAMAHSgpAB4oKQAf
323=SQEqZwQCACBKAf//TwECACEoKQAiSQHzUAIBBQIAI8gBAQYCACTIAQEHAgAlyAEBCAIAJs
324=gBAQkCACdJASxYBkVgKEkBKakBKSgpACpJAS21AitIAQUpAgAADQIALEgBzRAtKCkALkkB
325=Vm8FBgAvyAFJODBJAVO1AjHIAVUCMkkBULUCM8gBSW80SQEvdwICADVJASupATYoKQA3KC
326=kAOEkBLqEEOUgBZAFVGDooKQA7KCkAPEkBgkgXQQQ9SQE8UAVBJT5JAUJIAQECAgA/yAFJ
327=ekBJAT61AkHIAVFLQkkBQFQCUVZDyAFVGERJAURUAkUIRUgBySJGSAFQAlaCAEdJAXdvAQ
328=IASMgBWRxJSQFOrYlKyAFBD0tJAU21AkzIAVUCTcgBAQACAE7IAUUIT0gBZGtVAlDIAVUC
329=UUgBZJdVAlLIAVUCU0gB2TJUyAFJF1VJAVxkE2eXOAAyaQEFRpc4AJUuBUeXOAAztQJZTA
330=VllwJmlzgAaAFJIltUAmSXVQJcyAFVAl1IAcGIXsgBUYJfyAFRgmBIAWWXJWaXOABpASZk
331=l6kBJ2SXqQEoZJepASlkl6kBKmSXqQErZJepASxnlzgAV1gnRTRpSQyKaBdmlzgAaAFFHm
332=tVAm61AmzIAVUCbUkBc7UCbsgBVQJvSAGcK2aXOABoAVUCcVQCZJdFHnLIAUUec0gBZJdV
333=AnTIAVUCdUgBZJdRH3bIAVEfd0gBcA1RFHgoKQB5KCkAeigpAHsoKQB8KCkAfSgrAA4AOY
334=wJUZgPKCkAECgpABEoKQASKCkAEygpABQoKQAVKCkAFigpABcoKQAYKCkAGSgpABpJAUVW
335=EAIDXJnYEXyZJykAHUAEk0sCAB5IAZNLAgAfSAHRdyBIAcFnIUkB6HMJAgAiyAFFYCNIAW
336=mbC32ZOUyPZARemTkA2ZUmQATJASdJATBcA0VgKEgBZAFNqikoKQAqSAHBqStIAcEPLCgp
337=AC0oKQAuSAFgZ0E7L0gBkwkGADAoKQAxKCkAMkgBkQkGUmY5AGibRT80VAJpAQV+mTkAgw
338=QCADZUAskBNygpADhIAYkMAkAB2ycCADpQAdUCO0kBWG8BBgA8SQFRqQE9yAFBfT5IAd0K
339=P0gBly4BAEBIAZ94AQBBSAFom1kRQkkBQEQIRZdDyAFJLURIAcUIRSgpAEZJAXhOBQACXp
340=k5AGgBVQ1I1AJFCElIAWSXRQhKSAFokFUCS8gBVQJMSAFgBEUITcgBQQROSAFka1UCT8gB
341=VQJQyAFZBlFIAdEJUsgBVQJTSAHZMlRIAWATWWlVSAGHHgUAVkgBkEt8mcQpfZk5WNJXBQ
342=UAWUAEg1EFAFpIAZcjBQBbSQF3XANRCVzIAU1+XUkBVrmKXkkBi6EEX8gBQQRgSQFytQJh
343=yAFVAmJJAU65BmPIAVUCZEgB0QllSQFVoQRmSQFaqQFnSAHBBGhJAVm1AmlIAXCYQVFqyA
344=FFjGtJAW5AD1UCbMgBVQJtSAF8mVUCbsgBVQJvSQFOsQlwyAFZEXFJAYVECEUecsgBVQJz
345=SAFwAlUCdCgpAHVIAd0rdkgB2Sd3KCkAeCgpAHkoKQB6SAHdK3tIAd0KfCgpAH0oKQB+KC
346=kADUBfjwUHAA4oKQAPKCkAECgpABEoKQASKCkAEygpABQoKQAVKCkAFigpABcoKQAYKCkA
347=GUkBSnMQBwAayQEBdZw6bQIAWYocVAKLIgIAHUgBiE51nDrhfR9UAtlpIEgBaJtJbyHJAQ
348=Z2nDoAdQIHItUmOumbJEAE0ZglSAGbDQMAJkkBISIPIwMAJ0kBG6kBKEgBwQQpSAHZESpI
349=AdkRK0gBzRAsKCkALSgpAC5JAWBoCCLUJswbdJwnKQAxQAR8A11BMigpADNJAWN7AgYANE
350=kBUqkBNcgBWUg2SQFUtQI3yAFVAjhIAcWXOcgBTYk6SAHRFDtJAWG5BjxJAU6pAT3IAU0F
351=PkgBcAJVhj9IAZC5dZw6tHt1nDpMsEsEAQBCQATdCkNJAZRzAgIARMgBUY1FyAFZikZIAW
352=ibSQFHyQEEItUmOoCeXTZJVAJwmE0QSkgBYJNNEEvIAVUCTEgBYARVAk3IAVUCTkgBdJxV
353=DU9IAcEEUMgBQQRRSAGMcyK+OToAaAFVAlNVAl5cFVUuVEgBgzsFAFVIAYA7d5w6ACFwQH
354=ecOgAZqQFYQASIQ3ScyDh3nDoAKHAJdZw6IwAnXQpcTAUiLCdZMl1JAX9jBAYAXkgBdJxB
355=iF/IAUGIYEgBdJxVAmHIAVUCYkgBfBVVAmPIAVUCZEgBIugjSQxlyAFJDGZJAYGpDGfIAV
356=UCaEgBJ5QTAToA0QNEBCLUJicpAGtBBE9El00FbEgB0aNtSAHNBW4oKQBvKCkAcEgBZBNZ
357=EXFIAXScURRyyAFVAnNIAdEqdEgB3Zl1SAHdK3ZIAVARAgAABQB3KCkAeCgpAHkoKQB6SA
358=Ej3zIFAHtIAdEJfCgpAH1IAdmgfkgBnwoGAH8oKwAMADuQAgEABwANKCkADigpAA8oKQAQ
359=KCkAESgpABIoKQATKCkAFCgpABUoKQAWKCkAFygpABgoKQAZSAFtnwJunzsAaQEDbZ87JK
360=MwAgAcQASAJW2fO+GeHlQC3W0fSAFpmwgixTo7lZwJIsQ6qQEKbJ8n2QAjTAWYUyKFJzu3
361=WgMAJVUCGXRab587ABepASdVAh6pAShIAZMmAwApSQExbwECACpJAZhARlVwK8gBWWksSA
362=HFEy0oKQAuSAFsn1FLL0gBYAhRVjAoKQAxKCkAMigpADMoKQA0KCkANSgpADYoKQA3KCkA
363=OEkBY20MBkPdOwBTqQE6VAJoAU0QO0kBXLUCPEgBZAFZET1IAXigAQQGAD7IAVWRP0gBJ+
364=8TOwCicAVtnzugfW6fOwBgnlnMQ0wFaAFZzETIAVkyRcgBWTJGyAFZMkfJAQtvnzsATUQp
365=RZdJVAJoAVGjSkkBUbUCS8gBVQJMSAFgBE0FTcgBVQJOyAFNMU/IAUEEUMgBQQRRSQFOsQ
366=lSyAFVAlNJAV5AGkkiVEgBmBxsn8hDbJ/cQWyfJykAWEwFlERvnzsAG3REbJ/IIm2fO4yf
367=RYFcTAVsn0WBXUgBbJ9VDV5JAXpAD0EEX8gBQQRgSQGAVAJNMWHIAU0FYkkBfLUCY8gBVQ
368=JkSAFsBUUIZcgBRQhmSAFsn1UCZ8gBVQJoSAF0DV0KacgBRQhqSAFoIlUCa0kB0aWibEkB
369=UEAlVQJtSAHVAm4oKQBvKCkAcCgpAHFJAYaxFHLIAUkMc0gB0Sp0SAF8A1WcdSgpAHZJAc
370=BgD26fOwDJAXgoVQB5KCkAekgBxQh7KCkAfCgpAH1IAdGjfkgB2aB/SAGbBgYAgCgqAAsA
371=ImxGXwIHAAwoKQANKCkADigpAA8oKQAQKCkAESgpABIoKQATKCkAFCgpABUoKQAWKCkAFy
372=gpABhJAUZUEVWyGcgBAQEDABpIAXECAGWiPECOUAFnojwA6UQBTV0dQARoAV2OHsgBWV4f
373=yAFBXCBIAXGjDWWiPPWnIlQCJTFOI0gBJQkoJEkBIGhZZaI8+aAmVQIatQInSAGZBgNJfz
374=xIoVAQZKInKQAqQQSYTEcBAwMAK8kBBCIOTzwAdAJNiS1UAtGjLkkBW0AIVUQvSAFEASI9
375=VTAoKQAxKCkAMigpADMoKQA0KCkANSgpADYoKQA3KCkAOCgpADkoKQA6KCkAOygpADxJAV
376=1/EQYAPUkBR2kBAkWiPKvSAQA/VAKI0iI3KDwAoWAEZaI8WCJMAWWiPISiAQwCAENNBZRQ
377=AkEwRMgBAQ4CAEXIAQEPAgBGyQEQIsw7uQYRZaI8I3wmTTxJQAR4dE08SsgBVQJLyAFVAk
378=xIAXykVQJNyAFVAk5IAd2kT8gBXUFQSAF0e1VEUcgBVQJSSQFaUhQABk7FPABoAVkyVFQC
379=0XdVSAGIQ2SiyENkoicpAFhABCdHFDwAGmBGZaI8JKwsZaI8TEJPDAUAXEwFJeEiXUgB2X
380=ReSAF8pE0QX8gBTRBgSAHVnGHIAV2ZYkgBZKJVnGPIAVUCZEgBbAVZ12XJAQUiDk88AGSi
381=VQJnVAJoAVUCaEgBZKJFCGnIAUUIakgBaC1VAmvIAVUCbEgBjyYGAG1IASdFFDwmESlvKF
382=UAcCgpAHFIAWSiUQlyyAFRCXNIAdEqdEgBQCICAAAFAHVJAcC5oHYoKQB3KCkAeCgpAHko
383=KQB6KCkAe0gB0Ql8KCkAfSgpAH5IASPrIwUAf0gBjAVkotmgBlEkPCMAMkEwCkBfjwUGAA
384=tIAYwFfaQ9hAFNlA0oVQAOKCkADygpABAoKQARKCkAEigpABMoKQAUKCkAFSgpABYoKQAX
385=SAGDcgcAGEgBfKQBAgMAGUgBnBF9pD2vcwIAG1QCjHN9pD2cpEmQHVQCfKRJkB7JAQYibF
386=ChBAci5Sg98aMhQASUnCLmKD0A0aMjVQIhd1oDACRIAYxdfaQ9KJ0UPbheItU8PaSBfaQ9
387=JLE9BFmlPUwARRYEQbk9hqIGBE9iPQCZSqYABVwEqAFZXi1IDHCjTUcuyAFNRy9IAVwHvK
388=TPMQYAMShVADJIAZAUIm1QPSSkNiLUPCcpADVBBBt3GAYANkgB0Qk3KCkAOCgpADkoKQA6
389=KCkAOygpADxJAUpoCH2kPSPoLl2OPlQCgFx/pD0AoGAEfKRMG6kBQUAEkEt9pD2dpBJ8pK
390=kBEyLUPKkBFHykqQEVfKSpARZ8pKgBUTBIUAmHdgIASUkBT2UpAkkRPZSnVZxLVAJgBFWc
391=TEgBfKRVAk3IAVUCTkkBVbkGTygpAFBJAVZ/FQYAUcgBWTJSSQFaVAJZMlNIASVVN1RIAY
392=hOIucoPQAkfCt8pMhDfKQnKQBYTQUcoQRZSAFGGAAAfKTENH2kPSY9KVxABFANYQRdSAGP
393=JgUAXkgBfKRNEF/IAUlDYEgBzZ9hyAFVnGJIAYQIIqxjJ8EIZChVAGUoKQBmKCkAZygpAG
394=hJAXlrCAYAacgBXSBqyAFNEGtJAYOhBGzIAUEEbUgBZK1NiW7IAVUCb0gBcBRVAnDIAVUC
395=cUkBkaUIcsgBVQJzSAEjnzUFAHRIASNkcH+kPQDA/KQnKQB3QQR8sSp4SQF0qQF5SQF2qQ
396=F6SAHZBntIAXANAQAFAHwoKQB9KCkAfkgByS1/SAGMBXykJ/kEgVUCeFgCUxQJAD6jfQUA
397=CkgBI+wpaaY+JFhIBgYADAA+AD8AABEAAJAQACAGAAAHAA0APgAAYAACBwAOAD5gAXUCDy
398=gpABAoKQARKCkAEigpABMoKQAUKCkAFSgpABZJAUVnCwcAF8gBAQEDABhIAXACAQADABlJ
399=ATJvAQIAGkkBLqkBG0oB//9PAQIAHEkB6UQBAQgCAB3IAQEJAgAeyAEBCgIAH0gBzQUgSQ
400=EsTAUBAAIAIUkBMKkBIkgBZAFVDSNKASQCUwEDACRJARypASUoKQAmSQEetQInSQEoSAVZ
401=BijrAQQAKUgBiwwFACpIAQWYAQAACQUAK0kBmUgBAQIFACxIAXQGAQAGAC0oKQAuKCkALy
402=gpADAoKQAxKCkAMkkBIG8QBgAzSQEXqQE0KCkANSgpADZJARmhBDdJARupAThIAc0QOSgp
403=ADooKQA7SAGPJgYAPEkBSlAFAQIGAD3KAQMCQQE+XBtbAgEAP1EBn0QBAQABAEBJAZmpAU
404=FIAZcjAQBCSQGOdwICAEPIAQEBAgBESQF/tQJFSQGBqQFGyAFBBEdJAVVMJlE1SEkBUakB
405=SUkBT0gBAQICAEooKQBLyAFFE0xJAVChBE3IAVUCTkgBZAhJAU9IAWQISQFQSQFWQA9NG1
406=FIAZ9MBQBSSQErVAIBAAUAU0gBi04FAFRIAXACVQJVKCkAVkgBg0YFAFdIAYtDBQBYSAHN
407=BVlIAcEEWkgBh0oFAFtIAc0FXEgBzQVdSAGPJgUAXkgBlwIGAF8oKQBgKCkAYSgpAGIoKQ
408=BjKCkAZCgpAGUoKQBmKCkAZygpAGhJAXlYDQEDBgBpyAEBBAYAasgBAQUGAGtJAYNABEEl
409=bMgBTQVtSAF8NlUCbsgBVQJvSQGArQVwyAFVAnFJAZG1AnLIAVUCc0gBUQIAUWF0SQEqbw
410=EFAHVIAWQBSS12SgHAA1MBBQB3SQF7f1cFAHhJAXKpAXkoKQB6SQF2tQJ7SAFQBgIAAAUA
411=fCgpAH1IAc1zfkgBm38FAH9IAY8FBgCAKCkACFxajzEEAAlJAS9nBAUACkgByUMLKCkADE
412=kBP0AEAQIDAA3JAQNppj9QAVsCBwAPoAF1pxAoKQARKCkAEigpABMoKQAUKCkAFUkBXUwJ
413=VbIWSAFoplUNF0gBcQIAaKZkEFABaaY/rHNqpj8An3gCABtNBfRcA0VrHMgBTWgdSAF1pw
414=1opietAB9UAtkGIEgBnCBopieJASJUAk0JAEEPI0kBMm0BAkmmP0SSTwECACVUAostAwAm
415=SQEpUAJNBSdIAZcuAwAoSAGcCmmmP1gBRARopskMBkimJykALEwFWAN1RC0oKQAuKCkALy
416=gpADAoKQAxSQEhf0EGADJIAd2kMygpADQoKQA1KCkANigpADcoKQA4SAHVpzlIAdkROkgB
417=gyUGADtJAUR4AmmmP1qbAABJLT1UApUjAUpLPwCMiWqmPwAnyhQ/ACfIFNwgaqY/AGimRT
418=RDRAhoAVmVREgBaKZdCkVIAYtvAgBGyAFBBEdJAXxvEAIASMgBTQVJSQF6tQJKyAFVAktJ
419=AU1cpEkBTEgBZKJFrU3IAVUCTkgBwQRPSAFgBFUCUEkBX3MJBgBRSAHFdlJIAXACXW1TKC
420=kAVCgpAFUoKQBWSAGIQ2mmP0DmQAdppj9c4YkBWUAEQAFxd1pIAc0FW0gBm0gFAFwoKQBd
421=SAGESmimJ8EIX1QChwgGAGAoKQBhKCkAYkgBmzIFAGNIAcl6ZCgpAGVJATNrCAUAZkgBZA
422=FNlGcoKQBoKCkAaUgBZDRBBGrJAQFrpj8AkH8GBgBsVAJoAVUCbUgBfDZZq27IAVmrb0gB
423=aKZVAnDIAVUCcUgBYAhdCnIoKQBzSAHJF3RIAYRKa6Y/AMC9pHZUAskBd0gBJ8sUPwByc2
424=EFAHlUAskBekkBebUCe0gBlA1qpj8A1S59VALdK35IAYEEBkimJ6kFB1D+n3gDAAhIAZyk
425=aaZAQHhVBQRIpicpAAtABIstBAAMSAFbAwAABEmmQIQLAQUDAA5UAmQLSZsPyAFBqRDIAU
426=2fEUgBmwYHABIoKQATKCkAFEgBl3AHABXIAQEBAwAWSAGbBgMAFygpABhJATJ7AgIAGUgB
427=hClqpkAAfKRZaRtUAmkBBCKUKbUCBSKVKUDtqh5ABJh/IpUpQK8mAgAgVAKMJmmmQGEMAE
428=2fIlQC1Q0jSAHVDSRIAZgnaaZAuKBoptMJBAAnQASZXgRSA0AAnApopswFaKbIDGqmQACI
429=DCKUKdUuBVVqQLWyBViPJ60AL1wKiRMGTAonVQAxVAIjtCJqpkAAI7QiIpYpQADVpzRABM
430=kBNSgpADYoKQA3KCkAOEkBGnNLBgA5SAHVDTpIAYTZaaZAnKRVnDxUAsUpPUgBmIprpkAA
431=pHwGa6ZAAJupAUBBBJ2pAUFIAYhOaKbHHgEAQ1QCnUwBWAvTHwEARVQCiG9qpkAAaAFVOU
432=dUAmimTRBIyAFFP0lIAWimVQJKyAFVAktIAWSiSQFMSAFkokEETcgBVQJOSAHBBE9IAWAE
433=VQJQSAFopll/UUkBMWgXIpUpQEgzTAEilCnAMCKUKScpAFVMBVgDAgAABQBWSAGURGimww
434=QGAFhUAtEJWUgBl0QFAFpIAZREIpQpJ60AXFQCkwkGAF0oKQBeKCkAXygpAGAoKQBhSAHF
435=SmJIAZBWa6ZAAMCxjWRUAskBZUgBjDFops8xBQBnVAKPMQUAaEgBzappSAFppgIilSlAid
436=0DaaZAiKZVAmxABGimVQJtSAHJF24oKQBvKCkAcCgpAHFIAd0VckgBwQ9zSAHJF3RIAd0V
437=dSgpAHZJAXxkVSKXKUAAcqkBeFUCd6kBeUgB3aR6SAGbEQUAe0gB3aR8SAHVLn1IAYMEBg
438=B+KCsABgBBQHhdAgJamEEAgCVppkG/pAMACUAEnRUDSKYnVQALKFUADCgpAA1IAYAaaaZB
439=UApLAAMAD1QCdKdBqRDIAUGpEcgBQakSSAGHQgcAE8gBAQEHABRJAURACE0FFUgBRAF5lR
440=YoKQAXSQEyewICABhIAYAPaaZB+aAaVAJ9pAYilSlBlacHaaZB5aIdQASYUyKVKUGo/mmm
441=QUyPQAtopicVAyFMBUwCbRAiSAGHgQIAI0gB3YMkSAGQYWim0CpopsgBaKbBDwVELtUNBV
442=MOQQA4YAtoptwrImE+QVSiWAJopswQaKbENGmmQfWnL0APRAUiGSowKCkAMSgpADIoKQAz
443=SQEgb0cGADRIASfJFEHhqTYoVQA3KCkAOEgBJ8gU2xEGADpVAk9kD2qmQQBoAQEBAgA8VA
444=LJIj1IAYSBaKbEHmimJykAQEAEgTABQQFBvI5opsg4aaZBYgwAAGimxClopsAEaKYnKQBH
445=TAjBD0goKQBJSQGPbAgiYj5BAGgBAQECAEtUAiLIKgEAAgBMSAFwrkkBTcgBQQROSQGAuQ
446=ZPyAFVAlBJAad0AiKUKcMPBgBSVAKYHGim1BhppkFkBQIAAAUAVUAEjAFoptQYaKbABGim
447=JykAWe0FBkimJ1UAWyhVAFxIAZleBUimJ8EIXlQC0ZhfSAGUDSKUKScFAWFUApNWBQBiSQ
448=HAvaRjKCkAZCgpAGUoKQBmKCkAZygpAGhIAY9dBQBpSAHVDWooKQBrKCkAbCgpAG0oKQBu
449=KCkAbygpAHAoKQBxSAHdFXJIAd0VcygpAHQoKQB1KCkAdkkBf2Bca6ZBAHWpAXhUAsWieU
450=gBi04FAHooKQB7SAHdpHxIAcEafSgrAAUAQvmKBkgBnKRppkK/pAIACFQCnaQCSKYnVQAK
451=KFUAC0gBhzQCAAxIAYgMImE+QoUBAGimJykADyiBABAoKQARSQE/VAVBqRJJAUBIAVGjE8
452=oBAwNIpicFARVUAlwDeZUWKCkAF0gBkCpopidBAxlUAsFnGkgBaaYJaaZCiaYKaaZCSJZY
453=CSKUKSeJAR5MBUwCaQwfKCkAICgpACFIAYdVAgAiSAHBtCNIAdUNJEoBmwFMCGqmQgBpAQ
454=FopqkBAmimqQEDaKbBDwZJpkIkIEFoptQCaKYnKQAsXAqBDwRJikK9pARcqdUYBVvcQgAu
455=aEMilCmoAQEBBgAxWAZ0Al38MkgBXBJtqjNJASCtBTRIASfJFEImGSo2KFUANygpADhIAS
456=fIFMQTaKbULmmmQommBCJgPqgBAQUCAD1YBtUjPigpAD8oKQBAKCkAQUgBnI5ppkJYIkQW
457=aKYnKQBEQASUWmimwA9opicpAEdABCOAISJjPkIAdHscAgBJVAJ9pAJppkKJpgNqpkIAaa
458=YBaaZCI5wqQQRNTAV0p0EETkgBaKZVAk/IAVUCUEgBaKZVAlHJAQNppkJYkF8VBgBTVAKM
459=UmmmQkgCSABopicpAFZABNGNV0gBWAN5MlhIAY88BQBZSAGIbyKUKchvIpQpJykAXEAElE
460=9rpkIAomgIImE+QkBBTwEFAF9ABI9zBQBgSAFMAmkMYUgBxRNiSAHJkGMoKQBkKCkAZSgp
461=AGYoKQBnSAHdjmhIAYwxaKbMGyKUKScpAGtABMEabEgBwRptSAHFE25IAcUTbygpAHAoKQ
462=BxSAHdFXJIAY8FBQBzKCkAdEgB1Rh1KCkAdkgBzQV3SQGBcEAiLFMntQx5VAKBBAZIpie9
463=AnsoVQB8KCsABABD/aQFKCkABigpAAcoKQAIKCkACSgpAAooKQALSAGEP2mmQ4kQAGimJy
464=kADkAEmAIilCknVQAQKFUAESgpABJIAZ8rAgATSAGRKgJIpifZABVUAtEJFigpABdIAZAq
465=aKYnbQMZVQLmUQUCImI+QwBpAQNppkOJpg1ppkOwS2mmQ6iQIpUpQ1AGSwADAB9ECEEBAE
466=EaICgpACFIAdUNIkgBxYEjKCkAJEgBfaQEaaZDiKZVhiZVApxjqQUAJ8kBAWim1A1ppkNY
467=m1wNaaZDVKKJAStMBUABIokiLEgBgA9ppkO0vWimyAFppkOIplF3MEwFfKRFlzHJAQUiYD
468=4ntQEzVAIluT40SAEjR2EGADVIAZcNBgA2SAHBBDdIASU9PzhIAc0FOUgBzQU6KCkAO0kB
469=Y3gCa6ZDAFCpAT1UAmgBQZM+SAHNJj8oKQBAKCkAQSgpAEIoKQBDKCkARCgpAEUoKQBGKC
470=kAR0kBf2hkaqZDACP0NWimJ2kISkAEzRBLKCkATEgBfKRdNk3IAV02TkgBaKZVAk/IAVUC
471=UEgBxQhRSAF0p1UCUkkBXqUeU0gBkDVoptQuaaZDJGAzIpUpQyQIMyKUKcAEIpUpQ/3mWU
472=QIIwRDa6ZDAJh8CmimJykAXEAE1QJdSQGWoQReSQGaqQFfSAGMc2imJ4kBYVQCxRNiSAHR
473=jWMoKQBkKCkAZUgB0aNmSAElUSZnSAHdpGhIAXENACL4ZyeJAWooVQBrSAHVDWxIAY8FBQ
474=BtSAEjfyYFAG5IAcGpbygpAHAoKQBxSAHFw3JJAV1gO2umQwBXqQF0VALdCnUoKQB2KCkA
475=d0gB1Rh4SAHJF3lIAZgGaKYn6QJ7KFcAAwBE/aQEKCkABSgpAAYoKQAHKCkACCgpAAkoKQ
476=AKKCkAC0gBmDJppkSIEEWMDVQCjAEilCknVQAPKFUAEEgB0aMRSAGPJgIAEkgBlCNppkT9
477=mRRUAsEEFSgpABYoKQAXSAHZBhhIAXCjXVcZyQEGaaZEiaYHaKYnHQQcQATZXh1IAdUYHk
478=gBCAAAAAAAAwAfAEQAEQAABxAAIAkyAAAAAAIAIABEACtEAQEAAgAhSQEuqQEiSgH//08B
479=AgAjKCkAJCgpACVIAQWbAQAACQIAJkkBnEgBAQIGACdIAVAGAgAABgAoKCkAKSgpACpJAS
480=plBAVSDkQAjxAEACxVAjl3AgQALUkBMKkBLkkBKGsBBQAvSAFkAV0KMEgBBS4CAAAHBgAx
481=ygEIBkEJRJwDQQQzVAKPAQYANCgpADUoKQA2KCkANygpADgoKQA5KCkAOigpADsoKQA8SA
482=GXIwYAPUkBUFgNAQQGAD7IAQEFAgA/SAGDBAIAQEkBVkAERRNByAEBAQYAQkkBVLUCQ8gB
483=VQJESQFTtQJFyAFVAkZIAWgMRQhHyAEBAQIASEgByQxJSQF8SCJJOEpJAXSpAUtJAXapAU
484=xIAc0FTSgpAE4oKQBPKCkAUCgpAFEoKQBSSQFeRBNZEVNJATFIAQEABQBUSQEpqQFVSAGf
485=NgUAVkkBLUAPTQVXyAFJQ1hIAdkGWUkBLbkGWkkBn6kBW0kBlqkBXCgpAF0oKQBeSQGZoQ
486=RfSAHJQ2BIAXACVSNhSAHJDGJIAcUTY0gB1Q1kSgHAA1cFBQBlSAHFCGZJASpcFUUIZ8gB
487=SRdoyAFJF2nIAQEDBgBqSAFcB2Fca0gByVlsSAGXAgUAbUgBeFMBAAUAbsgBAQEFAG/IAQ
488=ECBQBwSAHNBXFJAV1jDwUAckkBn6kBc0kBVqkBdEgBzQV1KCkAdigpAHdIAdUYeEgBjwUG
489=AHkoKQB6KCgAAQIARQDRQAMoKQAEKCkABSgpAAYoKQAHKCkACCgpAAkoKQAKSQEsXBVNUg
490=tJAS9zEAIADEgB2YoNKCkADigpAA8oKQAQSAHdjhFIAdEUEigpABMoKQAUKCkAFSgpABYo
491=KQAXSQHmTBABCAIAGMgBTZQZyAEBCgIAGkkBoEAEVWUbSQGYqQEcSQGaqQEdSAHVGB5IAd
492=UYH0gB0RQgSAHRFCEoKQAiKCkAIygpACQoKQAlSQFaaQwGSqZFAGgBXUwnVAJwAlVPKCgp
493=ACkoKQAqSAHdTCtIAYBcaqZFAJxtaaZFRKhPCAUALkAElAJppkVIAkkABlwEJykAMUAEka
494=4FSaZFTLBDBAUAM1UCM0YBAAVIpietADVUAnACRRM2KCkANygpADgoKQA5KCkAOigpADtI
495=AYOTBgA8SAGUkWumRQBMYAtopqgBTUc/QATRKkBIAWimSW9BSAGIZGumRQBVXExZEUNUAs
496=kBREkBV7UCRUgBeApBBEZIAZMJBgBHSAF0p0G0SMgBAQUCAElJAX97BgIASkkBd6kBSygp
497=AExIAcGpTUgBixcCAE5IAZ8KAgBPKCkAUCgpAFEoKQBSSQFgfxEGAFNIAWQBRRNUKCkAVU
498=gBfKRFE1bIAQEFBgBXyAEBBgYAWMgBSd1ZSAHRQFpJAaN3CQUAW0gBJ8oURQDJAV0oVQBe
499=SQGdrQVfSAHJhWBIAXACWRFhKCkAYigpAGNIAZ9MBQBkSAHBqWVIAdFLZkgBxQhnSAF0p1
500=0VaMgBXRVpyAFJ82rIAQEJBgBrSAHdCmxIAdWybUgBaaYDaqZFAGkBBGimqQEFaqZFAJNA
501=BQBxTAXdpHIoKQBzKCkAdEgBn0EFAHVIAZMUBQB2KCkAd0gB3SB4SAGABGmmRYQBSyIBAE
502=b9pAIoKQADKCkABCgpAAUoKQAGKCkABygpAAgoKQAJSAF8pAEDAgAKyAEBBAIAC8kBBWim
503=J+EBDVQC3UwOKCkADygpABAoKQARKCkAEigpABMoKQAUKCkAFSgpABZJAcpvHgIAF8gBVX
504=AYSAF0pwENAgAZSQGgoQQaSAGTSwIAGygpABxIAZNLAgAdSAFoBU2qHigpAB8oKQAgSAHB
505=GiEoKQAiKCkAI0gBbH5BMCTIAVGjJUgBfKRFgSZIAc2JJ0gBjHMililGAI9zBgApVAKPEA
506=YAKkgB3UwrSAHdVywoKQAtSAHJWS5IAdkGLygpADBIAd2kMUgBgL9ppkaJBQBqpkYA2Ug0
507=QASbAgYANSgpADYoKQA3KCkAOCgpADlIAcEaOkgBwRo7SQFydJFrpkYAeakBPVQCaKZdID
508=7IAVlIP0kBWGcPBgBASAFgJU0mQUkBXLkGQkgBl2UGAEMoKQBEKCkARUgBlGV0V8wba6ZG
509=AE29CkhABGgBSUNJSAHJOEooKQBLKCkATEgBzapNSAGIF2imJ1ULT1QCxQhQKCkAUSgpAF
510=JIAWimVRhTSAFoEF1BVCgpAFVIAWimWYpWyAFZilfJAQpqpkYAYAQBCwYAWVQC0UBaSAHR
511=jVtJAaNjCwUAXEkBm6kBXUgBi1kFAF5JASy1Al9IAdVEYEgBcAJZEWEoKQBiKCkAYygpAG
512=QoKQBlKCkAZigpAGcoKQBoSAF0pwEMBgBpyQENIpYpRgB1Ag5opidZBmxgBHAQIpQp1AJp
513=pkaJpgdopqkBCGumRgBgcEBqpkYAkEAilCknKQBzUQlYoQR0SQFaqQF1SAFkDEFcdigpAH
514=dIAc1deEgBgQQGSX1H/aQDVOzBOwQoKQAFKCgAbErBBAcoVQAIKCkACUgBcaMGcqNHAGkB
515=B3CjqQEIcKMntQENTAXRCQ4oKQAPKCkAECgpABEoKQASKCkAEygpABRJAcAiSzACABVIAd
516=0KFkkByl0cAnKjRwBoAV1tGFQCAQoBAABRYRlIAZhIIj0pR6TvcqNHACOHMgIAHEEEMkYI
517=AAFRo0ckoyUBAB5UAiM/KQEAHygpACBIASP7JQEAIUgBzRAiKCkAI0gBcKNZfyRIAdWGJU
518=gB1YYmSQFyaDgiCj5HAMkBKChVAClIAd2kKkgBYBNJWSsoKQAsKCkALSgpAC4oKQAvKCkA
519=MEkBKmsIBQAxSAFlAQBxo0eEAUkBM1QCIwQtIjwp0R8FUKMnKQA2QASHHgUAN0gBwRo4SA
520=HBGjlIAdUYOigpADtJAXW5HDxIAZgNIj8pRwBKbAEiPCmoAUU0P0EEYbUCQEgBI/8gBgBB
521=SAGYXiI+KUcAyQFDKFUARCgpAEVIAZxicKPMG2NZRwAoUEBZJ0hABGgBVQ1JyAFBRkpIAc
522=k4SygpAExJAS55BgJKq0cAaAFZBk5UAs0FTygpAFAoKQBRSQEquQZSyAGQoyc5AlRUAnQc
523=WRFVKCkAVkgBeKBNiVfIAU2JWMkBD3CjJwUBWlQC3aRbSAHR5VwoKQBdKCkAXkgBxaJfSA
524=HBD2AoKQBhKCkAYigpAGMoKQBkKCkAZSgpAGYoKQBnKCkAaCgpAGkoKQBqKCkAa0kBMnMQ
525=BQBsSAHV9G1IAXACQVFuKCkAbygpAHAoKQBxSQFgZEpyo0cAmz0FAHNUAsUIdCgpAHUoKQ
526=B2KCkAdygrAAMASOWiBCgpAAUoKQAGKCkABygpAAgoKQAJSAFtnwl6oEgAaQEKeKCpAQt4
527=oCeJAQ1MBc1HDigpAA8oKQAQSQHAqZsRKCkAEigpABMoKQAUKCkAFUgB3QoWKCkAF0kBCk
528=FRBCJaPUgAaQEFIowoqAFZthpABMWiG0gBlOl7oEgAKmgpeaBIYAFYp1ugSAAhdC57oEgA
529=G6kBIFgGlIZ6oEgAn4MBACJUAtkRI0gBInggTV0kSQF7ewYGACVJAXKpASYoKQAnKCkAKE
530=gBI4A3Io0oSCZJJSpVAjJgEiIlUkijtAUALFQCgw8FAC1IAXwDVQ0uSAHNBS9IAYe4BQAw
531=SAHJTjFIAYAaeKDAGiKMKMQeeKAnKQA1TAWfCgUANkgBwes3SAEj8yQGADhJAXKhGjkoKQ
532=A6KCkAO0gBI3QlIowo3EF5oEiYoFHEPkEESkwMTdY/SQFfSAFVGEBJAV69CkFKAd0IWAJ6
533=oEgAaAFZikPUAkUIREkBcK0FRUkBOEQ/RQhGKCkAR0kBKFUCA21aSISiAQQGAEnUAklDSk
534=gB3TZLKCkATEgBbJ9JDE3IAVEUTkgBzQVPKCkAUCgpAFFIAXigWQZSyAFBD1NIAcUTVEoB
535=zQiBGlXIAUEaVsgBWQZXyAFZBlhIAdkGWSgpAFooKQBbKCkAXCgpAF0oKQBeKCkAXygpAG
536=AoKQBhKCkAYigpAGMoKQBkKCkAZSgpAGYoKQBnKCkAaCgpAGkoKQBqKCkAa0kBonA1eqBI
537=AIwbIowoJykAbkAE1QJvKCkAcCgpAHEoKQByKCkAcygpAHQoKQB1SAFCLQAAIlg9J1ULBE
538=w/yTgFKCgAZELVAgcoVQAIKCkACSgpAApIAWGeDWGeSY2fDmGeSe2qDUAE0QkOSQHAqZsP
539=KCkAECgpABEoKQASSAHZBhNIAdkGFEgB1QIVKCkAFigpABcoKQAYSQEKTF1VshnJAQoi3i
540=dJAHQCVbIbVALRCRxIAZTpYZ5JUIhIJSLfJ0kAJGQ0Y55JAB6pASBMBVgDZaIhSAGEgWCe
541=J8UDI1QCYJ5JWSRIASfBE0kmhScmVALJhSdIASVtJChIAZwKY55JADJvAQUAKlQC2ZUrSA
542=FxAgBinkkAkK5hnkn5oC5ABM0FL0gByZswSQEZaBci3ydJABepATJUAskBM0gBwQQ0KCkA
543=NUgBiLxgnie1ATdUAsWtOEgBzZ85SQFyfwoGADpIAcEaO0gBnCtgniK0Y1AXYJ6oAQEBAg
544=A+QAROAgAAIuplSQBgnk0mQFQCJ8ETSZScWX9CVAJgnlmVQ8gBAQUGAERIAWCeWQZFSAF0
545=ZUkBRigpAEdJAShRQAZhnkmBngd4W6kBCCIcUSfdBktMBZ8VAgBMSAFgnlUNTcgBUaNOSA
546=HBBE8oKQBQKCkAUUgBYJ5ZBlLIAVEUU0gBxRNUSAFgnkEEVcgBQQRWyAFRFFfIAVEUWEgB
547=2QZZKCkAWigpAFsoKQBcKCkAXSgpAF4oKQBfKCkAYCgpAGEoKQBiKCkAYygpAGQoKQBlKC
548=kAZigpAGcoKQBoKCkAaSgpAGooKQBrSAFhngFhnkmAnkkBbVQCmBwiUDwnVQBvKFUAcCgp
549=AHEoKQByKCkAcygpAHQoKQB1SAGRSwVdZUr1kQZQ7ck4BygpAAgoKQAJKCkACigpAAsoKQ
550=AMKCkADSgpAA4oKQAPSQHAtZwQKCkAESgpABJIAc0QE0gBzQUUSQEyYxYBABVIASO3IgEA
551=FigpABcoKQAYSAGXcAEAGUgBfJlRrhrJAQ8iSztKABRYXlFsHFQCaQECIr5PSgDVnB5UAi
552=PMMGqbSgDJASBUAiPERSItJ0qkjGmbSqeMAQAjQQQ8cxQGACRIAdl/JUgBJakmJigpACdJ
553=AXKxgihIASUdOylJASpkCGmbSmABadIrVAKMAWibJ1UALVQC0ZguSAHNlC9IAcWXMCgpAD
554=EoKQAyKCkAMygpADQoKQA1SAGQuWibJ7UBN1QCk7kFADhIAZsRBgA5SAHZHDpIASUBJztJ
555=AV1kBGibIvR2T5gCAD1UAnACXZk+SAEiZE8BAAUAP8gBQZNASAEnaRNKiJtNfkJUAmibTX
556=5DyQEIaptKAGmbAiJUbwdKADgBAAACBgBGEQAAXhAAIAgASgA4AQAAAgYAR0gBBSgBAAAJ
557=BgBIyAEBCgYAScoBCwJAAQJKAP//AFIFAEtQAckBTEkBLlgGAQYGAE3IAQEHAgBOSAHBBE
558=8oKQBQKCkAUUkBKrkGUsgBAQcGAFNJAThUAlkRVEgBBc0IAAAIBgBVyAFFE1bIAUUTV8gB
559=AQsGAFhIAdkGWSgpAFooKQBbKCkAXCgpAF0oKQBeKCkAXygpAGAoKQBhKCkAYigpAGMoKQ
560=BkKCkAZSgpAGYoKQBnKCkAaCgpAGkoKQBqKCkAa0oBogJHLQUAbEgBjxsFAG0oKQBuKCkA
561=bygpAHAoKQBxKCkAcigpAHMoKQB0KCkABlw50TUHKCkACCgpAAkoKQAKKCkACygpAAwoKQ
562=ANKCkADigpAA8oKQAQSgHAA5lIESgpABIoKQATSAHZERRJASpIBQEAAQAVSAFkAUkBFigp
563=ABcoKQAYSQEoZwQBABlIAcUIGkkBFERKAQUCABvIAQEGAgAcyAFFVR3IAQEIAgAeyAEBCQ
564=IAH0gBbAkBAAIAIEgBzRAhSAGfCgEAIkgB1Q0jSQE8UAUBAgIAJMgBAQMGACVJAT5UAgEA
565=BgAmSAGbBgYAJ0kBf0A7VQIoSQF5qQEpSAGLDAUAKkgBdAYBAAUAKygpACwoKQAtSQEgew
566=YFAC5JARepAS8oKQAwKCkAMSgpADIoKQAzKCkANEkBGqUINUgBwQ82SQEsbwEFADdJATCp
567=AThIAWQBSRc5KCkAOigpADtJAUpnBAYAPMgBAQECAD1JAVi1Aj5JAVpIAVV7P0kBXWMPBg
568=BASQFWqQFBSQFxqQFCyAEBAQYAQ8gBWQZESAHZBkVJAVetBUZIAVkKAEUTR0kBKFk9DHKY
569=SwBqAQ0CUJipAQ5xmEsoEBMnKQBMWAZwmFFATcgBUUBOSAGfNgIATygpAFAoKQBRSAFwmF
570=kGUsgBTZRTSAHZEVQoKQBVKCkAVigpAFcoKQBYKCkAWSgpAFooKQBbKCkAXCgpAF0oKQBe
571=KCkAXygpAGAoKQBhKCkAYigpAGMoKQBkKCkAZSgpAGYoKQBnKCkAaCgpAGlJASlMMVE1as
572=gBUTVrSQExYCFzmEsALakBbVQCZAFBXG4oKQBvKCkAcCgpAHEoKQByKCkAc0gBiG8CBQAH
573=AEz1OQgoKQAJKCkACigpAAsoKQAMKCkADSgpAA4oKQAPKCkAEEkBwPiVJ7UBElQCyUMTKC
574=kAFEgBnHh5lUyUHJiVJykAF0AEmwIBABhJAS9sAXmVTFB9TwEBABpVAjNEAVkGG0gBZJdF
575=7xzIAQEMAgAdyAFVWh7IAVVaH0kB2FgGXW0gSAHNECFIAVECAFEJIkgB1Q0jSAHJDCRIAW
576=SXUaMlSAF4lVGYJsgBUZgnSQFiawgGAChIAWQBAQAGAClIAcE7KkgBwTsrSAGDBAUALCgp
577=AC1JASRJQwB7lUwAHKkBL1QCxZcwKCkAMSgpADIoKQAzKCkANEkBHqUINUgBzZQ2SAHNlD
578=dIAY8QBgA4KCkAOSgpADpIAZ82BgA7SAF4lUVVPMkBA3uVTABhawgGAD5UAs0FP0kBXGAP
579=epVMACe7EkwARlCNSSJCQARoAUVgQ8gBXQpESAHZBkVJAVqlCEZIAWQMWQZHSQFObAF6lU
580=wAaAFJOElUAoAPeJUnyQlLVAKRbAJCAUwAaAFRNU1QAc0FTkkBMWgMepVMAGgBUQlQVALB
581=BFEoKQBSSAFkP00QU0gBgwQGAFRIAXQRVQJVKCkAVigpAFcoKQBYKCkAWUkBLmMPBgBayA
582=FdIFvIAV0gXEgB3QpdKCkAXkkBMnsCBQBfSQErqQFgSAGZUwVdMExsAn26YlQCjwEGAGMo
583=KQBkKCkAZSgpAGYoKQBnKCkAaEgBbCYBBAYAacgBAQUGAGrIAQEGBgBryAEBBwYAbEgBjG
584=gizCXPEAUAblQCjxAFAG8oKQBwKCkAcSgpAHIoKwAIAE3tlAkoKQAKKCkACygpAAwoKQAN
585=KCkADkgBnysCAA/IAUE7EMgBUUARSAGHKQEAEkgBhykBABMoKQAUSQEubBdhk01gAXGCFl
586=QCmwYAABdIAZkGAEKTTQCDMAAAGVQCkAVik00AwYgbVAKPBQEAHEgBjQUBQJMnmQMeVAJ0
587=kUUTH8gBRWsgSAGTKgEAIUgB3QoiKCkAI0gBn7oBACRIAY9SAgAlKCkAJkgBbJRZlSdJAV
588=9oCGCTwBpgkycpACpABM2UK0kBKWwFYZNNVJdNAQVY0ScpAC5ABNGYL0gB2ZUwSAHNlDEo
589=KQAyKCkAM0kBGnteBQA0SAFVCgBVnDVIAZcYBQA2SAGXAgYANygpADgoKQA5SAGbHAYAOk
590=kBRXEFBkKTTQBoAU08PFUCWbUCPUkBXKkBPkgBJRUkP0kBn2wQYZNNKGESTYCTRbhCQARg
591=k1leQ8gBWV5ESQFiuQZFSAGDqQYARkgBgCUiMThNRCRYDWGTTYCTRQhJQARtlAVgk1gnRg
592=gEAlTxqAFVAkxABHJsBgJAAbUCByIxOE2UkVFAT1wCYJNZBlDIAVkGUUgBnyACAFJIAWCT
593=TUdTyAFVGFRIAWQ/gJPfTAYAVlQCSBR9g1coKQBYKCkAWUgBYGdFCFrIAVUYW8gBXSBcSA
594=GHYAUAXUgBl1oFAF5IAZRlYJPHSgUAYFQChGBhk02j9gUAYlQC2QZjKCkAZEgBn2IFAGVI
595=AdEUZigpAGcoKQBoSAFtJghgk60mCWCTqQEKYJPMEGKTTQCMaGCT1AJgkycpAG9QCZcNBQ
596=BwKCkAcSgpAAlMOcktCigpAAsoKQAMKCkADSgpAA5IAYQpapBOAGgBSTgQ1AJJOBFIAYQT
597=aJBsRFQQaJAnKQAUQARMAn2OFUgBly4AABZIAYgta5BOAH5ESlEEGFQCjGhokCcFARpUAl
598=ADZQgbKCkAHEgBjAVpkE7lrR5VAhhI80FRH8gBQVEgSAHRFCFIAdEJIigpACNIAYw8aZBO
599=uaABSJAnXQEmQATZJydIAWiQSd0oSAGQCWiQ3RUGQDUnKQArKIEALCgpAC0oKQAuSAHZlS
600=9IAdWRMEgB1ZExSQEcdyMFADJIAcGTM0gBJwoSTgCfeAUANVQCJUEkNkgBxRM3KCkAOCgp
601=ADlJAV1kBGmQTpyOSW87VALZHDxJAV6hBD1IAWQBVXA+SQFgexEGAD9IAScKEk4AJ20kTo
602=iQQetCQARokEHrQ8gBTV1ESAHRCUVIAYg4aJDPJgcAR1QCkDVokCJsI1QFIjxKqAFRo0pA
603=BIBnapBOAGkBCSJsJKkBCmiQJ90GTkwFwRpPSAFokF1BUMgBAQgCAFFIAcEEUigpAFNIAX
604=SRQVxUSQE+SBBVI1XIAVmKVkgBJYEsV0gBXAN1kVgoKQBZKCkAWkgBYGddIFvIAV0gXEgB
605=mBxokNEfBUiQJykAX0AEnApokCdVAGEoVQBiSQEhbzEFAGNJARupAWRIAYhZaZBO+ZVmVA
606=LZlWdIAc2UaEgBiAxokLknDWiQ1A1okCcpAGxMBd0VbUgBmAZokMAEImwkJykAcCiDAAoA
607=T+1zCygpAAwoKQANKCkADigpAA9IAY8mAgAQyAFRNRFIAZRlcY1PoNVxjU+UEQEAAQAUQA
608=SMASK9I09EcZEBFlUCgHQjc41PAHWpARhUAoAlcY1Pr34AABpUApMGAQAbKCkAHEgBjAVx
609=jU+zKgEAHlUCiVCNQQ8fyAEBAQEAIEgBiJsivyNPAHx0DSLfSE8AdKkBI0EEdqkBJEgB3Q
610=olSAGbMgEAJkgBzVInSQE8fBEivCPEKXCNxB5wjScpACtMBWoFAAZAgidVAC0oVQAuSAGf
611=CgYAL0gB1TkwSAGbBgUAMSgpADJIAcmQM0kBHnwVIr4jTwCEdnCNJ4kBNkAEhAgivCMnVQ
612=A4KFUAOUkBSmQEcI0iXlgAAF14O1QCmxECADxJAV5ABE2qPUgBRAF5aT4oKQA/SQFgbBAi
613=viNPACVFNUFUAmSMXeZCyAFd5kPIAQELBgBESAHRCUVIAYgtcI3IOCK+I08AkDVxjU8j8S
614=4CcI2pAQMivCPULnGNT5GNDXCNJ1UATVwK1RhOKCkAT0gBcI0BCgIAUEgBwQRRKCkAUigp
615=AFMoKQBUKCkAVUgBfI5JkFZIAWTOQTtXSAHBGlgoKQBZSAGD6wUAWkgBwX1bKCkAXEgBmB
616=xwjcQ0cI1UOVAqAQIFAF9BBChJAQNwjSeBAGFVAiFVAgAiviNPANHPY1QCyQFkSAHdjmVI
617=AYcTBQBmKCkAZ0gBwUZoSAGABHCNyAxwjScpAGsogQBsSAHZU21IAZgGcI3MBXCNJykAC0
618=Qs3SsMKCkADSgpAA4oKQAPKCkAECgpABEoKQASSAGAD3mKUJ0OAHiKJykAFUAEiJAiDSNQ
619=qJB7ilAAe2AlIho1UACUe3mKUEBtkQgaWAaZMgBZilCjiAAAHFQCj34AAB1IAYQFe4pQAB
620=v4iqgBmIonDQIhTQV7dA17ilAAcqkBI1QCyQEkSAGMECIMI8wQeYpQt5wBACdABHiKUdoo
621=yAFR2ilJAUJwEHqKUABoAUFyK1QCYFFVTyxIAYktBkEfUL26BlxnJykAL0AElyMFADBIAS
622=NQMXmKUCb1NTIoVQAzKCkANEgBJeEiNUgBaBBVDTYoKQA3SQHAIjBOInxH3yAGADlVAkpQ
623=BUV2OsgBRXY7SAGQFHmKUEiLRwQGAD30AiJ8RycFAT9VApNILQEBBQBAyAFRYUFJAaNxKg
624=VOIFAAaAFBBEPUAkEEREkBlFgGAQAFAEXIAUEERkgBgA95ilBMj4EPSFUCREQBQZ5JSAGA
625=BHiKzCZ4iicpAEwogQBNKCkATkkBMkQIQVFPSAGZSAFAAdtIAQBRUAHVAlJIAYdKAQBTSA
626=HVDVQoKQBVKCkAVkgBeIpNPFdIAWQMVS5YKCkAWUgBkGF4is8mBQBbVAKPBQUAXCgpAF0o
627=KQBeSAFtiQt6ilAAaQEMeIqpAQ0iGjVQAM3LYkwFJXkrYygpAGRJAR6hMGVIAdUNZigpAG
628=dIAZO5BQBoSAGHHgUAaUgBjAV4itwVIgwjJykAbEAEwRptSAGMBXiKwwQFAAxMKc0mDSgp
629=AA4oKQAPKCkAECgpABEoKQASSAGIDGGIUYQMXTYUVAKMASJcIidVABZUAowFYohRACN8aG
630=OIUQB3cB9hiFEk0CAiXCInKQAbWAaUe2GIUbzxYIgnXQEeQQQbWFMBAgEAH8kBAyJfIlEA
631=fHwKIl0iUfWGIkAElw0BACMoKQAkSAEjjGpgiCddASZUApC5YIjVAgJfD1EAPFAbQdUpQA
632=R0hgECAgAqyAFBcitIAWCIVQIsyAFRjS1JAT9YBklOLkgBlC4iXSJR+YowKFUAMUgBaAVN
633=BTIoKQAzKCkANEkBwL2DNUgBzQU2SAHVAjcoKQA4KCkAOUgBI9AqIlwiIiQwJVwizBBgiK
634=wbSRc9TAV4HEkXPkgBdIZJAT/JAQRiiFEAdAIBBQQAQVQCdoYABEGIUaOIBABD1gICBE6D
635=UQBiiAMEQIioAUUIRkAEdQIFYYhRUgQAAEEPSFQClCMiPGsnZQJKKFUASygpAEwoKQBNSA
636=HVhk5IAZT/CAEATwBRAHwCAAAAEQAAThAAIAsBAFAAUQB2AgAAAAEAUUQAQAFpAVJJAS9v
637=AQEAU0kBM6kBVEoB//9PAQIAVSgpAFZJATxQAgEABgBXSAFkAUkBWCgpAFlJATF7AgUAWk
638=kBLakBW0gBZAEBAAUAXEgBBSgCAAASBQBdyAEBEwUAXsgBARQFAF/IAQEVBQBgyAEBFgUA
639=YcgBARcFAGLIAQEYBQBjyAEBGQUAZMgBARoFAGVIAdUNZigpAGcoKQBoSQEoZwQFAGlIAW
640=QBVRhqKCkAaygpAGxIAcEabUgBjAUDBQANAFIA1SMOKCkADygpABAoKQARKCkAEkgBkwkB
641=ABNIAZcjAQAUSAGfCgEAFSgpABZIAY8FAAAXSQEphgQAGEgBmwYAABlJAX9EKUEDGkkBcq
642=kBG0kBdakBHEgBmxwAAB1IAVwEeT0eSAEFGwEAAAQBAB/IAQEFAQAgSAGTCQEAIUkBeWcI
643=AQAiSAHZBiMoKQAkSQEsewIBACVIAYcTAQAmSQEwtQInSAHVIyhIAXACAQACACkoKQAqKC
644=kAKygpACxJAT5QBQEFAgAtSQE/SAEBAgIALsgBAQMGAC9JAUFUAlE1MMgBAQEGADFIAXgG
645=VQIySAGDDwYAM0gBaAVVAjRKAcADUwEGADUoKQA2KCkANygpADgoKQA5SAHRCTpJAU5ACA
646=EEBgA7yAFRFDxIAZ8KAgA9SAF8YlUCPkkBk1wrAQYCAD/IAQEHAgBAyAEBCAMAQUkBo38r
647=AwBCyAEBAQMAQ8gBAQIDAERJAZRnCAMARcgBRQhGyAEBCAIAR0gBhxMCAEgoKQBJKCkASi
648=gpAEtJATJIF01+TEkBK6kBTUkBLqkBTkkBfHsRAQBPSQFyqQFQKCkAUUkBdLUCUkkBdqkB
649=U0gB1YZUSAHVhlVIAcUTVkkBPEgMSThXyAFJOFhJAWJUAlkyWUgBZAFJAVpIAY9dBQBbSA
650=GAXGmFUp0DAGuFUgAoQQ8caIWpAR1ohakBHmiFqQEfaIWqASAFSIWpASFohakBImiFqQEj
651=aIUniQFmQA+bDQUAZ0gBg1wFAGhIAZRaaIXPBQYAalQCjwUGAGsoKQBsKCkADkip3SAPKC
652=kAECgpABEoKQASKCkAE0gBnCBxglNUYFAMcYJTXABLAAEAFkAEQQEAVTkXKCkAGEgBmAZw
653=gtsGAAAaVQJ/TCZdBRtIAYt6AAAcSAEnUBAnXQEeVQLEQAVdCh/JAQFzglMA+bUCIVQCaA
654=FVAiLIAQECAQAjyAEBAwEAJEkBhFBWRQglSAFViwBNfibIAQEBAgAnSAHJIihIAXgKQQQp
655=KCkAKigpACsoKQAsSAHZBi0oKQAuSQE/SAhdbS9JAUFIAV1MMMoBAwJSglMAcIJVAjJUAm
656=gBVU8zSAHVTzRIAVUGAFVPNUkBwL2DNkgB1QI3SAHVAjgoKQA5KCkAOkkBS3AFcoJTAGgB
657=AQECADxUApgGcoJTAMkBPlQC1Rg/SAF9gwpyglMAagELAlKCUwCRggJQgqgBUQlDTAV0Al
658=UYREgBcoIJAlKCUwBoAUUIRlQC3QpHKCkASCgpAEkoKQBKKCkAS0kBKmsXAQBMSAFkAV02
659=TUkBfGNGAQBOSAHFgU8oKQBQKCkAUSgpAFJIAYTOIvwgJ0UJVFQCn0wBAFVIAdEUVigpAF
660=dJATxED0k4WEkBX0gBTTFZSAFkAUkBWigpAFtIAZwVcILIDHCCJykAXkAEfYMmcoJTAGkB
661=J3CCqQEocIKpASlwgqgBASoFAGPZBitwgrUCLHCCJ10BZkAEmBFwgkAEbAFwgsMEBgBp4A
662=RwgidVAGsoVwAPAFQmpSAQKCkAESgpABIoKQATKCkAFEgBiHp5f1RM50QPeX9U8YIXQARM
663=AmWBGCgpABlIAZgGeH/bBgAAG1QClPR6f1QAnJkiTSBUgAhFPx5ABHh/SXofyAFJeiBIAW
664=x+TXkhyQEFIk0gVJGCBnh/qQEHen9UAHh/XYMlTAVLBgAEAiFOIFQAaAFNPCfUAlniKMgB
665=UdopSQHVdxACACrIAVleK0gBwUYsKCkALSgpAC4oKQAvKCkAMCgpADEoKQAySAF4f00QM0
666=gBaE5RSzRIAYgMIk0gVLt0BgA2VAKHdgYANygpADgoKQA5KCkAOkkBS0kXAnl/VJh/XY48
667=VAKECHh/3QoCRJEnKQA/QASAD3h/J2kIQVUCOXSnen9UAGgBXSBD1AKYfyetAEVUAsUIRi
668=gpAEcoKQBISQEyRBNBO0lIAcn+SigpAEtIAdX/TEkBfK1+TUkBcqkBTigpAE8oKQBQKCkA
669=USgpAFIoKQBTSAEleSBUSAEleSBVSAEleSBWSAHJF1coKQBYSAF4fwEBBgBZSAFkF0U0Wi
670=gpAFtIAZRaeH/UWnh/JykAXkAEJdEgX0gBhAh5f1SFgTF4f6kBMnh/qQEzeH+oAQE0BQBk
671=WAZ1hjV4f99iBQBmVAIlISBnSAGAZ3h/wAR4fycpAGpABIMPBgAQSJ7ZHBEoKQASKCkAEy
672=gpABQoKQAVKCkAFkgBhx4BABdIAZN3AQAYSAGbHAEAGUgBlQ0BXfxVhAFZPRtVAiGpOBxJ
673=ARmpAR0oKQAeKCkAH0kBG6EEIEgBiAgi8C8nMQEiKFUAIygpACRIAcE7JUgB0UsmSAHNPC
674=dIAWx+VdMoyQELIvIvVQBgfUlZKlQCaAFVZStJARRYXk1dLMgBQQQtSAHZJy4oKQAvKCkA
675=MCgpADEoKQAyKCkAM0kBPEQaUQk0yAFV/zVIASLQIFFLNkgBmHRhfVX5fzgoVQA5SQH9JE
676=0gOsgBURQ7SAGYBnz82AZgfScpAD4ogQA/KCkAQEgBwRpBSAF1ewBifVUAaAFdCkPUAl0V
677=REgBzQVFKCkARigpAEdJATJMG1k9SEgB3XhJSAFwAlUCSigpAEsoKQBMSQF/uT1NSQFyqQ
678=FOKCkAT0kBd7UCUCgpAFEoKQBSKCkAU0kBea0FVEgBwQ9VSAHJ/lZIAdUYVygpAFhIAXgy
679=QTBZSAGDBAYAWkgBhwgGAFsoKQBcKCkAXSgpAF5IAZxiffxVrOFgfdBWYH0nKQBiTAVpej
680=xhfVWFgT1gfSeBAGVABNV7ZkgB1XtnSAHZEWgoKQBpKCsAEQBW5foSKCkAEygpABQoKQAV
681=KCkAFigpABcoKQAYSAGAGml6VqAaaXpWiBBVORtBBCCpLRxJARepAR0oKQAeKCkAH0kBHq
682=EEIEgBiAhoeicxASIoVQAjKCkAJCgpACVIAZgyIj4/VgDBfSdUAsF9KCgpAClIAc1+KkgB
683=fHgBBQIAK8gBAQYCACzIAV38LckBCCI+P1YAbgUJAlgLJyUFMEAEgA8i6C4nVQAyKFUAMy
684=gpADRIAXhIVQ01SQE/XhwCAk73VgBoAUF9N1UC/LF3OMgBTcs5SQH9VAJNBTpIAd14Oygp
685=ADwoKQA9KCkAPkgBxRM/KCkAQCgpAEFIAXx4iXpWKEgPqAFVDURABMUIRSgpAEYoKQBHSA
686=EjeysBAEhJAS6pOEnIAQEBAQBKyAEBAgEAS0gBQB4i3SdMKCkATUkBf7kGTkgBzXNPSQEy
687=kgUAUEgBizgAAFFIAZ82AABSSAGcAyLoLtUuAVzYJ8EIVUAE0UBWSAGbBgEAV0gBwRpYSA
688=FsMVkcWcgBQTBaSQFAYAtqelYAaAFBMFxVAj+1Al1IAYcIBgBeSAFwAlGCX0gBkGFoetBh
689=aHrYEWz3JykAY0wFmAZoeidVAGVUAomQBUz31wIGAGdUAo8FBgBoKCkAElwYjxACABMoKQ
690=AUKCkAFSgpABYoKQAXKCkAGCgpABlIAYgXcXdX/XgbVQIkuTIcSAEn8g5XAMgBAh4AVwAa
691=oQQfSAGQFCLdPVdQZ1ABcXdXJvEvIkAEJSEgIygpACRIASVNICVIAVAGaUMmKCkAJ0kBfK
692=kMKEgBJX0mKUgBwTsqSAHBOytIAWxzQfYsyQEMIjFOV4V2DXB3qQEOc3dXAAqt9zBMBcUp
693=MSgpADIoKQAzKCkANCgpADUoKQA2SAFoQ0l6N0gBcHdFSjjIAQEDAgA5SAHFdjooKQA7KC
694=kAPCgpAD1IAdkRPigpAD8oKQBAKCkAQUkBSlQYVQ1CyAFVDUPIAQEEAgBESAHRCUUoKQBG
695=KCkAR0kBKngucndXAHB3AQMBAElUAmkBBHB3tQIFcXdXZAVlNExABI8BAQBNKCkATkgBxX
696=ZPSAGR+wBQd9gGcXdXWKaBB1JABJ82AABTSAGMAnB3zAUi3D0nKQBWQATZPVdIAZsGAQBY
697=SAHNG1lJATxICEEwWkgBZHZJIlvIAUkiXEgBZDRVAl3IAUF9XkkBYlgGkHfXDQYAYFQCkG
698=Fwd9xXcHcnKQBjQASIWXB3J1UAZVQC0fBmSAF4Cl0KZygpABNEFt0VFCgpABUoKQAWKCkA
699=FygpABgoKQAZKCkAGkgBkxQBABtIAc1oHEgBxXYdSQEcoWceSAHB6x9IAYQTenRYAJCNeX
700=RYhD8BAAIAIkAEZD8BAQIAI8gBTSYkSAHVDSVIAdUNJkgB0QknSQF/tQ0oSQFyqQEpSAHF
701=dipIAck4K0gBkbkBWYRYSO5NCAFOjlgAwTsuQQQKVFpdVy/IAUE7MMgBSfMxSAHFKTIoKQ
702=AzKCkANCgpADUoKQA2SAHVcDcoKQA4KCkAOSgpADooKQA7KCkAPCgpAD1IAc0QPigpAD8o
703=KQBASAFsc10VQckBByLaLFgAdAIBCAIAQ9UCCXl0WCZRJkVUAt0KRigpAEdIAcEwSEgBwT
704=BJSAFxNQd4dKk4CHl0WEQqSAAie0xYADJEAUkATUwFly4AAE5IAc1zT0gBUANpAFBJASF8
705=Nnp0WAAjcDVs7NREeHQnXQFUTAVtBgB4dMkXAUzTJ4EAV0EEKGQEeHTDBAIAWVQCzRtaKC
706=kAWygpAFwoKQBdSQE/RAhFP15IAXR7WWlfSAGECHh01w0GAGFUAkgFIjVUYigpAGMoKQBk
707=KCkAZSgpAGYoKQAUTBOfCgIAFSgpABYoKQAXKCkAGCgpABkoKQAaKCkAG0kBKn8RAQAcSA
708=FkAUElHUgBI78uAQAeSAGAiCIRa1nl5CBUAoCIYXJZgHJFlyJUAmw8UWEjyAFJIiRIAd0V
709=JUgByUMmSAHdCidIAdVEKEkBf2E7AUYNWQAllTQqVQJ0tQIrKCkALEgBxXYtSAHFdi5IAc
710=1zL0kBCkxzUVYwyQEKItErWZTpRe8yVALFEzMoKQA0KCkANSgpADYoKQA3SAHNczgoKQA5
711=KCkAOigpADtIAckMPCgpAD0oKQA+KCkAP0gBfG1RFEDIAVEUQckBDGFyWYFyDWByqQEOYX
712=JZKEAOJykARlgGwQ9HKCkASEkBKnA8feZZYAFl5EpUAowBYHInVQBMVAKNBQBc5tQCYnJZ
713=AMlvT0EEGXgyf+ZZABepAVFUAiOgJWFyWenoU1QCmzIAAFRIAdUNVUgBkBRhclmQAlVPV1
714=QC1TlYSAGFgQFBAVn9r1pQAZMJAQBbSAGHCAIAXCgpAF0oKQBeSAFgckXDX8gBVelgSQFA
715=fA1hclkm2SxiVAIiAFNRd2NIAZ8KBgBkSAFoBVUCZSgrABUAWvUuFigoAAMXAFoA//8RAA
716=C7DwAgCAAAAAIAGABaAP//igEZACcpABooKQAbSQExXAMBAAEAHEkBKakBHUkBMKkBHkgB
717=BSkCAAABAgAfyAEBAgIAIEgB3QohKCkAIkkBLkwFAQcCACPIAQEIAgAkSAHNBSUoKQAmKC
718=kAJ0gBzRAoSAHNEClJAS2tECpJAX9cClEUK0kBcqkBLCgpAC1JAXa1Ai5JAS+5Bi9JATOp
719=ATBIAQUKAQAADgIAMcgBAQ8CADJJARRUAk0bM8gBTRs0SAHdFTUoKQA2KCkANygpADgoKQ
720=A5SgHAA1sNAgA6KCkAO0gB0Qk8KCkAPSgpAD5JAeh3BgIAP8gBAQMCAEBJAUpEEwEQAgBB
721=yAEBEQIAQsgBARICAEPIAQETAgBESAHJDEUoKQBGSQEyXApNJkdJASupAUhJAS6pAUlIAW
722=QBQQRKKCkASygpAExIAZsyAABNSAGPMQAATkkBJGstAABPSQEXqQFQKCkAUSgpAFJJARuh
723=BFNIAZsyAABUSAGbMgAAVUgBzRBWKCkAVygpAFgoKQBZKCkAWkgBkwkBAFtIAc0bXEgBnw
724=oBAF1IAckiXigpAF9JATxYDQEFAgBgSQFASAFZPWHIAVUuYkkBPrUCY8gBAQMGAGRIAVAC
725=AgAABgAWXA3dChcoKQAYKCkAGSgpABooKQAbKCkAHCgpAB1IAWRrAQQCAB7IAUUTH8kBBn
726=JsWwBgBFlpIVQCwQ8iKCkAIygpACQoKQAlKCkAJigpACcoKQAoKCkAKUgBjzwBACpIAY88
727=AQArSAHdbSxJAXdrOAEALUkBeakBLkgBiyIBAC9JAShvAQEAMEgBZQEAcmxbAGRrQRoyVA
728=JoAUEaM8gBQRo0yAFdgzXIAQEJAgA2SAHZHDcoKQA4KCkAOSgpADooKQA7KCkAPCgpAD1I
729=AWRrTRA+yAFNED/IAU0QQEgB1Q1BSQFEXG1JF0LIAVGCQ8gBVURESAHNBUUoKQBGSQEqax
730=4BAEdIAWQBWWlIKCkASUkBfK0mSkgBzZRLSAHNBUwoKQBNSAGQCXFsW5wDUQBPVQIgZwgA
731=AFBIAd1tUSgpAFJJARqhBFNIAUgGaQBUSAGIZHFsW0Q6cgIAVlQCl2UAAFdIAZdlAABYSQ
732=EqZwgBAFnKAQEBUl5bAHUCAnBsqAEBAwEAXEAE2T1dSAHJIl4oKQBfKCkAYCgpAGEoKQBi
733=KCkAY0gBfG1FNBdEC9EJGCgpABkoKQAaKCkAGygpABwoKQAdSAF0ZUVKHsgBRUofyQEKeW
734=lc7eEhVALVDSIoKQAjKCkAJCgpACVJAVdUJwEBBgAmSQFSSAFFgSfIAVUCKEkBUbUCKcgB
735=TUcqSAHFaytIAdHaLEgB0WwtSAF0BkFGLigpAC9IAZw2eWlcvTYBTtZcAJE1AU3WXIZrCw
736=JEAqgBAQwCADRYBnBsAQ0CADXIAUndNkkB0kwMWRE3SQEEoVw4yAFVAjlIAd0gOigpADso
737=KQA8SAFsaFEqPcgBUSo+yAFRKj9IAcUIQCgpAEFIAXhpTapCyAFVnEPIAVk9REgB2QZFKC
738=kARkgBzSZHSAHNJkhIAc0mSUkBe6VVSkkBcqkBS0gBxWtMSQEyRB5JAE1IAYjdeWlcQAKJ
739=AE9UAic7DVwAF2cIAABRVALJAVIoKQBTSQEZoQRUSQEbqQFVSAGLCQAAVigpAFdIAZxieG
740=nUDXlpXI1oBnhpqQEHeGmpAQh4aakBCWzWJ3kKXlAJ1SNfKCkAYCgpAGEoKQBiKCkAGFze
741=2QYZKCkAGigpABsoKQAcKCkAHSgpAB5IAWxoWUgfSAHRCSAoKQAhKCkAIigpACMoKQAkSQ
742=FXWCMBAgYAJcgBSegmSAFQAmnoJygpAChJAU97AgYAKcgBTVIqSAHBDysoKQAsSAHJQy1I
743=Ad1BLkgBYAhNaC9JAaBsAWNnXQCaqQExVALZaTJIAY2fAUFnXeVrNFQCxWs1SAF0ZVW9Ns
744=gBXVc3SAFgZ11XOMgBXVc5yAFByjrIAUHKO0kBzGMPAgA8yAFBGj1IAWxoUSo+SAHNGz8o
745=KQBAKCkAQUgBYGddCkLIAV0KQ8gBVXBESAHFCEUoKQBGKCkARygpAEhIAYPKAQBJSAEn4w
746=xdAHJrWQEAS1UCdakBTEgBjAUisSddbBhtAE5VAiFgBCKxJ131ZVBVAhe1AlFJARypAVJI
747=AdUCUygpAFRJAR6hBFVIAXAKTQBWKCkAV0kBKEgCSQBYSAFZAABVOVkoKQBaSAF90AxhZ1
748=2ZaQ1gZ6kBDmFnXf26XkwF1SNfKCkAYCgpAGEoKwAZAF75BhooKQAbKCkAHCgpAB0oKQAe
749=KCkAHygpACAoKQAhKCkAIigpACMoKQAkSQFbXBxJxyVIAUQBfWImKCkAJygpAChIAYAaam
750=ReAHRlAQQGACpUAmgBQVErSAGDBAIALCgpAC1IAdVlLkkBLWwMIqsmXgCjqQEwVQKWqQEx
751=SQGYqQEyKCkAM0gBzWg0SAHNaDVIAc1oNigpADdIAc1oOEgB2RE5SAFgZ1HEOsgBTdY7SA
752=FoZFFsPMgBUWw9SAHZBj4oKQA/KCkAQCgpAEFIAWhkXdBCyAFJDEPIAUkMREgB0QlFKCkA
753=RigpAEdJATKlHkhJAS6pAUlIASeJDF4oigxeACeJDF5A8XIFAE1MBZAqb8teACShXE9UAt
754=FhUEgB2V5RSAGTBgAAUkgBzQVTSAHBBFRJASylBFVJASmpAVYoKQBXSAEjND5ty164A2zL
755=JykAWkAEhAhqZF4AjAVoZCeBC11ABMkiXigpAF8oKQBgKCsAGgBf/WIbKCkAHCgpAB0oKQ
756=AeKCkAHygpACAoKQAhKCkAIkkBV1AXWV4jSAFkYFHEJMgBUcQlSAGQFCKhJV9EBUsABgAn
757=VAJAAWlkKCgpAClJAWN4AnFhX0ArTQEGTLqoAUkMLEEEUFACAQAGAC3IAUmxLkgB3WIvSA
758=GIOH/FXwCfbAUioiVfAN1iMkAEyQEzKCkANEgB1WU1SAHJZDZIAWAIRZc3SAGfmQEAOEgB
759=gxoCADlIAYCpInNAXwAbY0YCADtUAsEEPCgpAD0oKQA+SAHZBj9IAdkGQEgB2QZBSQFFJF
760=knQsgBWRxDyAFRbERIAc0FRSgpAEYoKQBHSAGDvwEASEgB1RhJSAEnMQxfKDAMJykATEAE
761=Jc0lTUgBkCpxYV9I+Y0IT1QCnCsi3DLUOSKhJV9clIEEUkAEzV1TKCkAVEgBnFci3DLbBg
762=EAVlQCkwYBAFcoKQBYSAGMG3BhJ60AWlQCwTBbSAGDBAIAXCgpAF0oKQBeKCkAXygrABsA
763=YOVgHCgpAB0oKQAeSAGcbSJNTGCkHiJ8MScpACFABGxdQVwiyAFBXCNIAZcYBgAkKCkAJU
764=gBkBR5XmCcA1FWJ1QCjwEGACgoKQApKCkAKigpACsoKQAsSAHRCS1IAWRgXcUuyAFdxS9I
765=Adk9MEgB2cExSAHNXTIoKQAzKCkANCgpADUoKQA2SAHFYDdIAdUuOEgBjBB7XmAAIKxdAj
766=oAYAAXqQE7SAEjXC0imyRgAB21Aj1UAskBPkgBzQU/SAEjdDsiTEwnWQZBVAJ4XknHQskB
767=BCJOTGAAdAJZHERUAs0QRSgpAEYoKQBHSAGQVnleYEyEUC0imiRgACXhQ0pBBHJkEyKZJG
768=DlYEwoVQBNSQF0oQROSAHRYU9IAZwreV5gUAqJAFFUApQjbMDXAgEAU1QCmwMBAFQoKQBV
769=KCkAVkgBlBh4XifZAFhUAtkGWSgpAFpIAYgMbMAnoQRcVAKHCAIAXSgpAF4oKwAcAGHtXR
770=0oKQAeSAGQCWFcYad2AwAgVAKHdgMAIUgBh24GACJIAZsRBgAjKCkAJCgpACUoKQAmKCkA
771=JygpACgoKQApKCkAKigpACsoKQAsKCkALUkBTmcPBgAuyAFNny9IAcE7MEgBiJB9umEm6S
772=MyVALNXTMoKQA0KCkANSgpADZJAZlrDAEAN0gBJRUkOEgBJb0jOUkBIHBAfbphKIMLYQAe
773=tQI8QAQiRDVFEz3IAVWyPkgBIyAgItJXYQAngAsnLQZBQARoWSMdMGGUWiMcMKkBCCLQVy
774=etAEVMBc08RigpAEcoKQBISAGMUmFcYXkZAEHVSlQCybxLSAHNXUxIASW9T01IAdUCTkgB
775=JRUkT0gBnCthXGGsn326YSTYIWBcJ4kBU0wFmA1gXCdVAFUoVQBWKCkAVygpAFgoKQBZSA
776=GErSIAPcgMYFwn8QNcQATRH10oKwAdAGL1Wh5IAScpC2JQqUASaVliRDpJAQRJWWJIv0Qi
777=aVliSAJIAGhZJykAJEQITAIiBSIlKCkAJigpACcoKQAoKCkAKSgpACooKQArKCkALCgpAC
778=1IAZQYalliAHRaWbYvVAJoAV2ZMEgBlC5pWWL5lTJUAiXhIjNIAdVaNCgpADUoKQA2KCkA
779=N0gB2bY4SAGXIwEAOUgBzVI6SAHNUjtIAXxXWas8yAFZET3IAVlTPsgBWVM/SAHRYUBIAS
780=W1IkFIAWhZI70uYohZI7wuqAEjvC4nsQZFTAWfIAIARigpAEcoKQBISAHdIElIAdV7SkgB
781=2bZLSAElkVpMSAGfNgEATUgBzV1OSAEnKAvPPAEAUFQCzQVRKCkAUigpAFMoKQBUKCkAVS
782=gpAFYoKQBXSAHRVlhIAYimIokiYqhkaFknxQNbQATFHlwoKwAeAGOkVXyvyAFwVsgBclZj
783=AImQBVyvIyAseVMjWAaUGCKAISdVACUoVQAmKCkAJygpACgoKQApKCkAKigpACsoKQAsKC
784=kALSgpAC5JAUpnDwYAL8gBQZ4wSAHNGzFIAcmQMkgBJdkhM0kBm3sGAQA0KCkANUgByVk2
785=KCkAN0gBybE4SAHJsTlIAZ8gAQA6SQEmsa47SAFwVl2kPMgBVU89yAEBCgIAPkkBIa0FP0
786=gBJa0hQEgB2bZBSQFGJl4tYwBoAUEaQ9QCRbhESAHNG0VJAS1QCUEERsgBQQRHSAHBBEgo
787=KQBJSAHdV0pIAclDSygpAExIAdVaTUgB1VpOSAHVWk9IAWgmRbhQKCkAUSgpAFIoKQBTSA
788=HBUVRIAdUNVSgpAFYoKQBXSAEj4y0BAFhIAckXWSgpAFooKQBbKCsAHwBkpFV4U8gBeVNk
789=QEFYFHlTZOVVI0wFTAJlVSQoKQAlKCkAJigpACcoKQAoKCkAKSgpACooKQArKCkALCgpAC
790=0oKQAuSQFKRQ8CelNkAGoBAwJRcWTxxDFABCd5CmSw2iKYUCcpADRABNkyNUgB3Vc2SAHd
791=VzdJAZ1IDFkyOEgBZAFJATlIAcVVOkgBxVU7SQEnQUYAIvwrSAxIAQENAgA9VALNUj5IAc
792=1SP0gBybFASAHZMkFIAWxSVRhCyAFAtAtDAGQARgEAAAUCAEQAZBEAAEEPACAIAC0CAAAE
793=AgBFAGSIAQEFAgBGyAEBBgIAR8gBAQcCAEhIAQX//wAAAAIASSgpAEooKQBLKCkATEkBMU
794=gFAQABAE1JASmpAU4oKQBPKCkAUCgpAFEoKQBSKCkAU0kBMKUIVEgBzRBVKCkAVigpAFco
795=KQBYKCkAWSgpAFooKAACIABlAC9/CgQAIUkBM6kBIkgBlwIFACNJASt3AgUAJEgBgwQFAC
796=VIAXACAQAGACYoKQAnKCkAKCgpACkoKQAqKCkAKygpACwoKQAtKCkALkkBY20MBkMUZQBS
797=qQEwVAJoAQEBBgAxSQFQtQIyyAEBAQIAM0gB1SM0SAHBMDVIAcEwNigpADdJAS1nCAEAOE
798=gBZAFRNTkoKQA6SQEoewIBADtIAd0KPEkBIUBGUUA9SQEXqQE+KCkAP0kBGrUCQEgB2QZB
799=SAEBRgEAAEVKQsgBAQcCAEPIAQEIAgBESAFgUUkBRckBCWFRZY1SCmBRqQELYlFlAN0KSU
800=wFyQFKKCkAS0kBL0wQSSJMSAHBBE0oKQBOKCkATygpAFAoKQBRKCkAUigpAFMoKQBUKCkA
801=VSgpAFYoKQBXKCkAWCgpAFkoKwAhAGZQO0MsBAAiSAGdTARJTmZYOJUCJFQCgDBpTmZIAk
802=gAaE4nKQAnQARMAlYqACgoKQApKCkAKigpACsoKQAsKCkALSgpAC4oKQAvKCkAMCgpADFI
803=AYcpBgAySAF2TwQGThVmAGgBVYY0VAKDBAIANSgpADYoKQA3SQEqYBZoTtcYAQA5VQIstQ
804=I6SAHBfTtIAd1MPEgB3Uw9KCkAPigpAD9IASfJCWbpQ0FVAkZITllIQsgBWUhDyAFZSERI
805=Ad0VRUgBdU8NaU5miU4OaE6pAQ9oTiddAUlMBdkGSkgBfExVWkvIAVVaTEgBwQRNKCkATi
806=gpAE8oKQBQKCkAUSgpAFIoKQBTKCkAVCgpAFUoKQBWKCkAVygpAFgoKwAiAGdUNEEsA1FL
807=Z0RFSQEEXJnIAXFLZ0gCSABwSycpACdYBkwCsEsnVQApKFUAKigpACsoKQAsKCkALSgpAC
808=4oKQAvKCkAMCgpADEoKQAySQFPZA9yS2cAaAFdeDRUAtEqNSgpADYoKQA3SAHBnjhIAcGe
809=OUgBxUo6SAHFSjtIAcVKPCgpAD0oKQA+SQEcQIhVnD9JAR6pAUBJATJnEwEAQUkBo3cCAQ
810=BCygEBAV6ZZwB2AgIBXplnAIl6AUDrwzABAEZMBdUYR0gB0QlISAHNBUlIAZvMAQBKSAFw
811=SwEMAgBLyAFZU0zIAVlTTcgBAQ8CAE5IAd0KTygpAFAoKQBRKCkAUigpAFMoKQBUKCkAVS
812=gpAFYoKQBXKCsAIwBoKBgJyAF5SGhsI2FGJkAEjwEGACcoKQAoKCkAKSgpACooKQArKCkA
813=LCgpAC0oKQAuKCkALygpADAoKQAxKCkAMkgBiCJ5SGiYSFmVNFUCT0gTWZU1SAGDBAIANi
814=gpADcoKQA4KCkAOSgpADpJASBlPwJa4mgAJxoJaADBRj1ABMFGPkgBzTw/SAHNPEBJAS5M
815=EFntQUkBOUyUSQFCyAGaSGgAdAKbSGgAoq0FRUAEI1wieUho8UtHVALRCUhIAc0FSUgBzQ
816=VKSAHBD0tIAdFLTEgBcEsBFAIATckBFXpIaAB2AhYCXiVoANUjUEAEyQFRKCkAUigpAFMo
817=KQBUKCkAVSgpAFYoKwAkAGm03mFGabcYBQAmVAKRFAVBRmm5lQVNTGloH2VKKUAEjwEGAC
818=ooKQArKCkALCgpAC0oKQAuKCkALygpADAoKQAxKCkAMigpADNJAcWtPDTIAUmQNckBAmFG
819=afUjN1QC1SM4KCkAOSgpADpJASSxCTtIAclDPEgB2QY9KCkAPkgBxeQ/SAGHHgEAQCgpAE
820=FIAWhDgUZplESARqgBg0ZpAKN8Bn+OaQCcqQFGWQaYqQFHKCkASEkBlrUCSUgBwQRKSQGa
821=tQJLSAEjByIBAExIAWhDXexNyQEbYEZUOUwbSV9PVALBGlAoKQBRKCkAUigpAFMoKQBUKC
822=kAVSgrACUAaqlDBElDar1BBElDau1HKEAEi1kFAClIAXkVAGlDaoQBSQErKFUALCgpAC0o
823=KQAuKCkALygpADAoKQAxKCkAMigpADNIAWhDAQMCADTJAQQiviNqAHQCWYo2VQI4a3oCAD
824=coKQA4KCkAOSgpADooKQA7KCkAPCgpAD0oKQA+SQGiSC1FPz9IAYgMakNqAMkBQVYC3whc
825=H2rSagBoAYhDqAGLQ2oAXaUIRU0FV6kBRkgBwUZHSQGbQAhJDEhIASdqCGoAyQFKVQKZoQ
826=RLSAEnaQhq8WFNVAJ0RF3sTskBImyJXDZUDQEjAgBQVALVRFEoKQBSKCkAUygpAFQoKwAm
827=AGukP3FAa/1BKFQCjBBxQGt8EmmFKlQCjQEGSEgnVQAsKFUALSgpAC4oKQAvKCkAMCgpAD
828=EoKQAyKCkAM0gBeT0GcUBrhT8HcECpAQh9g2uYMlWGN0wFZDRJAThJAWRcIAEAAgA5SQFl
829=qQE6KCkAOygpADxJAWahBD1IAcUIPkgBcEBBOz9IAZQCcEDUDSJdImuFPwNwQKkBBCJcIq
830=kBBSJfImsAXHwKf4NrAJ+pAUZRCVWpAUdIAclDSEgByUNJSAHJQ0pJAZ1jLAEAS0gBgDB9
831=g2soEAgnKQBOQAR9QShwQCdVAFBUAicQCCdVAFIoVQBTKCsAJwBsXMBZDQRYAMgBeT1sSA
832=JIAGx+JykAK0wFTAJxQCwoKQAtKCkALigpAC8oKQAwSgHAA0AHIlo9bADJATJUAkwCcQkz
833=SAF5PQl5PWyZPQp4PakBC3k9bJg9RcM3TAV4MkkBOCgpADkoKQA6KCkAOygpADwoKQA9KC
834=kAPkgBeD1Rdz9IAZwKeD3UDXk9bJk9Bng9qQEHeD2pAQh5PWwouQdsKLgHJykAR1wK0UBI
835=SAHRQElIAdFASkgBnCB4PcAweT1sKLkHbCPRIC14wakBLng9J4EAUEQIJ7gHJ1UAUihXAC
836=gAbbR7YTtttXsFXfxtnA6QuScpACxMBZsCBgAtKCkALigpAC8oKQAwSAHVOTEoKQAyKCkA
837=M0kBx3leBlK5bQBoAVl0NdQCSTg2SAHJFzdJAXxvBQIAOEkBdqkBOUgBwQQ6KCkAO0gBzQ
838=U8SAHNBT1IAc0FPkgBJbEyP0gBJbEyQEgBJUlGQUgBzbVCSAHZMkMoKQBESAHdNkUoKQBG
839=KCkAR0kBWHMUAQBIKCkASUkBWrUCSkgBJd09S0gBJZU0TEgB0RRNSAFxdzNgO0Q0WQY0YT
840=tt5T9QQATNBVEoKwApAG71OSpIASVZJysoKQAsSAHN9y1IAdU5LigpAC9IAd02MCgpADEo
841=KQAySQH9pXYzyAFdNjRIAZgGbXNu8RQ2KFUAN0kBf1QYXa84SQFyqQE5SQF0qQE6KCkAO0
842=gBwQQ8SQF1oQQ9SAHFHj4oKQA/KCkAQEgBJQEnQUgBxa1CSAHRNUMoKQBEKCkARSgpAEZJ
843=AVZ3DQEAR0gBlCNqOG4A0TVJVALBRkpIAd02S0gBxRNMKCkATUgBaTg5aDgnSQRPVALNBV
844=AoKwAqAG9A5l0NBFkAb7VwBFEOb0CvVQIFXW1vXABLAAYALkwFQAFxoy8oKQAwKCkAMUkB
845=XWQEIrJIbwBwNVlpM1QCxTQ0KCkANSgpADYoKQA3SAHRFDhJAXtoIn7mbwDZMjpUAskBOy
846=gpADwoKQA9SAHJbz5IAdEJPygpAEBIASexBm/9pEJUAiexBm/ppkQoVQBFKCkARkgBJ7AG
847=1CNwNc8mAQBJQATBD0ooKQBLKCkATCgpAE0oKQBOKCkATygrACsAcKwxeTJw8WwtVALZaS
848=5IAXAuSaYvKCkAMCgpADFJAU5kBHoycABoAUFnM1QCcAJdYjRIAcU0NSgpADYoKQA3KCkA
849=OEgBJ1kGcChbBnAAd7E1O0AExTQ8KCkAPUkBeaEEPkgB1SM/SQEycBB923BATEwBf9twAG
850=BsBX7bcADdmUNMBcU0RCgpAEVIAcEERkgB1ZxHSAFKCQAAeDLYJ3kycP2DSkAEzRBLKCkA
851=TCgpAE0oKQBOKCsALABx6WQtSQEobQwFWRZxYAG8YicpADBABJgCIoEhcaAPYTBxgTAEIo
852=BCqQEFIoAh2AZxmHEkMCIigCHYBiJQMScpADhcCt2ZOUgB0So6SAHBGjtIAcEEPEgBwQQ9
853=SAHBBD4oKQA/SAHJ0kBIASccGtgRYDAnKQBDQQRguTJESAHJLUVIAZgcIoBCJ60ARyhVAE
854=hIAYAlYDAnFQNKVALZEUsoKQBMKCkATSgrAC0AcvleLkgBzcsvKCkAMCgpADFIAd1iMkkB
855=TWgTai1yAGgBWV40VAJwAlleNUkBL0AaVQI2SAHFYDdIAcUTOCgpADkoKQA6KCkAOygpAD
856=woKQA9KCkAPigpAD9IAcEPQEgBJwkScpECAGstcgAteBEiLCepAQIiLCcngQBFWAaQBWkt
857=clC0UAF+xXIAxcNIQATFw0lIAdUYSigpAEsoKQBMKCsALgBzUL9RCQRYLCcpADAoVQAxKC
858=kAMkkBTEgFUY0zyAFZJzRIAWUpBn5XcwBpAQd9V3O4XnxXJykAOEwFxRM5KCkAOigpADtI
859=AdGCPEgBmz0BAD0oKQA+SAGPPAEAP0gB0QlASAEnUQVzhSkEcCqpAQVwKqkBBnAqqQEHIj
860=00c3gZaYVGRAjFVUdIAd0KSCgpAEkoKQBKKCkASygrAC8AdKcpAwAwKCkAMSgpADJIAXkn
861=Am5SdABoASNNQXSNJgx4J6kBDXgnqQEOeCepAQ8iGSp08So5UAnRFDpIAc0mO0gBJW1QPE
862=kBIURKUUs9SQEbqQE+SAElmVA/SAHdK0BIAdkGQUgBYVEIeSd0hSkJeCepAQp4J6kBC3kn
863=dCj5BHSg1WxSJ5ECSFAJ0RRJKCkASigrADAAda8mAgAxKCkAMkkBTGQLYSV1gCWdTHVtAg
864=CRd3X9IDZMBWlOFGEldYUpFWAlqQEWIvwgJ60AOk0FKm8IAQA7SAHVIzxIASNMV31MdSR7
865=VwEAPlUCGa0mP0gB2SdASAFgCFEqQSgpAEJIAW0mDWEldY0mDmAlqQEPYSV15XZGTAXZdE
866=dIAdUjSCgpAEkoKwAxAHb5HDJIAWgijUd2iCKNR3aUEYgiJ60ANkwFaSIaaSJ2iCJYFwg4
867=AHYALwIAABwCABEAANoCXAYJOQB2AP//AAAAAgA6SgEqAEMAAQA7SgEgAokBPEkBF6kBPS
868=gpAD4oKQA/SQEaoQRASQEsVAYBAAEAQUkBKakBQkkBLakBQ0gBZAFBBERIAc0FRUkBMHsC
869=AQBGSgH//08BAgBHKCkASCgoAAEyAHcAwQQzSAFFBQBJFzQoKQA1SAHBBDYoKQA3SQEvUB
870=QBIQIAOMgBASICADnJASNyH3cAJ/MDdwAkTAVRFDxBBBypAT0oKQA+KCkAP0kBHqEEQEkB
871=KHwRcB8nkQJCVQIxtQJDSAHJIkRIAcUeRUgB3RVGKCkARygrADMAeHwHuBwnKQA1VALZBj
872=YoKQA3KCkAOEgBZR4oeRx47SY6VALZETtIAdkRPCgpAD0oKQA+SAHdNj9IAZMQAQBASAEn
873=mAMnXQFCVALZEUMoKQBEKCkARSgpAEYoKwA0AHnlEzUoKQA2KCkAN0gBdRgtfjZ5AGkBLm
874=AaJ9kAOkAEwQ87KCkAPCgpAD0oKQA+SAHRHz9IAdEfQEgBzTFBSAHRCUIoKQBDKCkARCgp
875=AEUoKwA1AHr1GDYoKQA3SAF9FTNpF3qJFzRoFyetADpABNUNOygpADwoKQA9KCkAPigpAD
876=8oKQBAKCkAQSgpAEIoKQBDKCkARCgrADYAe/0VN0gBcRQ5cBQnVQA5VALFEzooKQA7KCkA
877=PCgpAD0oKQA+KCkAPygpAEAoKQBBKCkAQigpAEMoKwA3AHzlEzgoKQA5KCkAOigpADsoKQ
878=A8KCkAPSgpAD4oKQA/KCkAQCgpAEEoKQBCKCsAOAB97RA5KCkAOigpADsoKQA8KCkAPSgp
879=AD4oKQA/KCkAQCgpAEEoKwA5AH71DTooKQA7KCkAPCgpAD0oKQA+KCkAPygpAEAoKwA6AH
880=/9CjsoKQA8KCkAPSgpAD4oKQA/KCsAOwCA5Qg8KCkAPSgpAD4oKAACPACBAHBghAoCAD0A
881=gQBwAAAAAQIAEQAA

[Lighting]
Red=1.000000
Blue=1.000000
Green=1.200000
Level=0.008000
Ground=0.000000
IonRed=1.000000
Ambient=0.520000
IonBlue=1.000000
IonGreen=1.000000
IonLevel=0.032000
IonGround=0.000000
IonAmbient=1.000000

[Map]
Size=0,0,70,60
Theater=TEMPERATE
LocalSize=3,5,64,49

[Neutral]
IQ=0
Edge=North
Side=Neutral
Color=Grey
Allies=Neutral
Credits=0
ActsLike=0
NodeCount=0
TechLevel=10
PercentBuilt=100
PlayerControl=no

[Nod]
IQ=5
000=NAPOWR,83,30
001=NAHAND,75,27
002=PROC,58,32
003=MAWEAP,66,25
004=NAPOWR,85,31
005=NEUTRALDOME,69,38
006=NASILO,61,36
007=NASILO,58,35
008=NAPOWR,81,31
009=NAPOWR,83,32
Cost=0.1
Edge=North
Side=Nod
Color=LightGreen
Allies=Nod,Neutral,Old base
Credits=50
ActsLike=1
NodeCount=10
TechLevel=11
PercentBuilt=100
PlayerControl=no

[Old base]
IQ=0
Edge=West
Side=Nod
Color=DarkRed
Allies=Old base,GDI
Credits=0
ActsLike=0
NodeCount=0
TechLevel=10
PercentBuilt=100
PlayerControl=no

[OverlayDataPack]
1=BQAAIP4AIACABQAAIP4AIACABQAAIP4AIACAbwAAIP5XEgCBBP7+AQCDBwgI/9gBVxKEBg
2=cHBt4RFoQKCwsH/9cBWxQB24MKCAfbWRSBB/4DAAuBCP7WAQCBCP4GAAvbWRYSAN40GP+5
3=AXsW/gQAC9tZGIIHCAgB/90BWhqBCtc0FoMDBggUHv+nAVwcgJgAACD+MAAAgQj+BwALgQ
4=f+GgAAggcK2DgA/sABAIMECArdMwCCAAj/2wFVAIQAAAYHEgPZVQKCBgb+3wEABgXZOASB
5=A/7gAQCEBAcHBP74BQCBBP/gAVUE3RYGggoI//sBMg6BBh38gQr/9gE0EAv24DEC/+IBVg
6=D/+AEzEsUwBIILCP/8ATYO//sBMhbCTwD//gEyGP/RATQIgE4AACD+TxAAggYG//4BUg6D
7=CgoH/vwBAIMHCwv//QFQEgQAggoI//wBUhSCCgoAA4MIBwT/+AFXFP4FAAiCBwf/+AFWGI
8=IEBv8AAk4Q/rABAIAFAAAg/gAgAIAFAAAg/gAgAIAFAAAg/gAgAIAFAAAg/gAgAIAFAAAg
9=/gAgAIAFAAAg/gAgAIAFAAAg/gAgAIAFAAAg/gAgAIAFAAAg/gAgAIAFAAAg/gAgAIAFAA
10=Ag/gAgAIAFAAAg/gAgAIAFAAAg/gAgAIAFAAAg/gAgAIAFAAAg/gAgAIAFAAAg/gAgAIAF
11=AAAg/gAgAIAFAAAg/gAgAIAFAAAg/gAgAIAFAAAg/gAgAIAFAAAg/gAgAIAFAAAg/gAgAI
12=AFAAAg/gAgAIAFAAAg/gAgAIAFAAAg/gAgAIAFAAAg/gAgAIA=

[OverlayPack]
1=BQAAIP4AIP+ABQAAIP4AIP+ABQAAIP4AIP+APgAAIP5XEv+BcP//AVkQ/gMAcP/7AX8S/g
2=UAcP/aAVsU3lYW/wUCVRb/1QFXGP4JAHD/AAI4GtdcHEAd/6cBXByAYwAAIP4wAP/+CQBw
3=2hYA/toB/+AwAAAk/twB//8AAjICQgPZGgb+4AH/3DUG/t0F//8AAjcI//4BNQjXMgT+Aw
4=AYEASBGP/jAVYA//cBMxD/AAIrFHIC//8BNg7/AAI0GP/MAzUOgDIAACD+TxD/gnBw//8B
5=Ug7//gFPEP4FAHD/AAJTEv/+AVIU//0BTRT+CQBw//wBWBb+rQP/gAUAACD+ACD/gAUAAC
6=D+ACD/gAUAACD+ACD/gAUAACD+ACD/gAUAACD+ACD/gAUAACD+ACD/gAUAACD+ACD/gAUA
7=ACD+ACD/gAUAACD+ACD/gAUAACD+ACD/gAUAACD+ACD/gAUAACD+ACD/gAUAACD+ACD/gA
8=UAACD+ACD/gAUAACD+ACD/gAUAACD+ACD/gAUAACD+ACD/gAUAACD+ACD/gAUAACD+ACD/
9=gAUAACD+ACD/gAUAACD+ACD/gAUAACD+ACD/gAUAACD+ACD/gAUAACD+ACD/gAUAACD+AC
10=D/gAUAACD+ACD/gA==

[ScriptTypes]
0=01000006
1=01000007
2=01000045

[Special]
IQ=5
Edge=North
Side=Special
Color=Grey
Allies=Special
Credits=0
ActsLike=0
NodeCount=0
TechLevel=10
PercentBuilt=100
PlayerControl=no

[SpecialFlags]
Inert=no
FogOfWar=no
IonStorms=no
MCVDeploy=no
Meteorites=no
Visceroids=yes
FixedAlliance=no
TiberiumGrows=yes
InitialVeteran=no
HarvesterImmune=no
TiberiumSpreads=yes
TiberiumExplosive=no
DestroyableBridges=no

[Structures]
0=Nod,GACNST,256,77,18,64,None,1,0,1,0,0,None,None,None,1,0
1=Nod,PROC,256,58,32,64,None,1,0,1,0,0,None,None,None,1,0
2=Nod,GASAND,256,56,34,64,None,1,0,1,0,0,None,None,None,0,0
3=Nod,GASAND,256,56,33,64,None,1,0,1,0,0,None,None,None,0,0
4=Nod,GASAND,256,56,32,64,None,1,0,1,0,0,None,None,None,0,0
5=Nod,GASAND,256,56,31,64,None,1,0,1,0,0,None,None,None,0,0
6=Nod,GASAND,256,56,30,64,None,1,0,1,0,0,None,None,None,0,0
7=Nod,GASAND,256,57,30,64,None,1,0,1,0,0,None,None,None,0,0
8=Nod,GASAND,256,58,30,64,None,1,0,1,0,0,None,None,None,0,0
9=Nod,GASAND,256,59,30,64,None,1,0,1,0,0,None,None,None,0,0
10=Nod,GASAND,256,60,30,64,None,1,0,1,0,0,None,None,None,0,0
11=Nod,GASAND,256,61,30,64,None,1,0,1,0,0,None,None,None,0,0
12=Nod,GASAND,256,62,30,64,None,1,0,1,0,0,None,None,None,0,0
13=Nod,NASILO,256,58,35,64,None,1,0,1,0,0,None,None,None,0,0
14=Nod,NASILO,256,61,36,64,None,1,0,1,0,0,None,None,None,0,0
15=Nod,NAPOWR,256,81,31,64,None,1,0,1,0,0,None,None,None,1,0
16=Nod,NAPOWR,256,83,30,64,None,1,0,1,0,0,None,None,None,1,0
17=Nod,NAPOWR,256,83,32,64,None,1,0,1,0,0,None,None,None,1,0
18=Nod,NAPOWR,256,85,31,64,None,1,0,1,0,0,None,None,None,1,0
19=Nod,MAWEAP,256,66,25,64,None,1,0,1,0,0,None,None,None,0,0
20=Nod,GASAND,256,69,28,64,None,1,0,1,0,0,None,None,None,0,0
21=Nod,GASAND,256,68,28,64,None,1,0,1,0,0,None,None,None,0,0
22=Nod,GASAND,256,67,28,64,None,1,0,1,0,0,None,None,None,0,0
23=Nod,GASAND,256,66,28,64,None,1,0,1,0,0,None,None,None,0,0
24=Nod,GASAND,256,65,28,64,None,1,0,1,0,0,None,None,None,0,0
25=Nod,GASAND,256,65,27,64,None,1,0,1,0,0,None,None,None,0,0
26=Nod,GASAND,256,65,26,64,None,1,0,1,0,0,None,None,None,0,0
27=Nod,GASAND,256,65,25,64,None,1,0,1,0,0,None,None,None,0,0
28=Nod,GASAND,256,65,24,64,None,1,0,1,0,0,None,None,None,0,0
29=Nod,GASAND,256,66,24,64,None,1,0,1,0,0,None,None,None,0,0
30=Nod,GASAND,256,67,24,64,None,1,0,1,0,0,None,None,None,0,0
31=Nod,GASAND,256,68,24,64,None,1,0,1,0,0,None,None,None,0,0
32=Nod,GASAND,256,69,24,64,None,1,0,1,0,0,None,None,None,0,0
33=Nod,NEUTRALDOME,256,69,38,64,None,1,0,1,0,0,None,None,None,1,0
34=Nod,NAHAND,256,75,27,64,None,1,0,1,0,0,None,None,None,1,0
36=Neutral,TIB1GENS,256,81,92,64,None,1,0,1,0,0,None,None,None,0,0
37=Nod,GASAND,256,85,34,64,None,1,0,1,0,0,None,None,None,0,0
38=Nod,GASAND,256,85,33,64,None,1,0,1,0,0,None,None,None,0,0
39=Nod,GASAND,256,86,33,64,None,1,0,1,0,0,None,None,None,0,0
40=Nod,GASAND,256,87,33,64,None,1,0,1,0,0,None,None,None,0,0
41=Nod,GASAND,256,87,32,64,None,1,0,1,0,0,None,None,None,0,0
42=Nod,GASAND,256,87,31,64,None,1,0,1,0,0,None,None,None,0,0
43=Nod,GASAND,256,87,30,64,None,1,0,1,0,0,None,None,None,0,0
44=Nod,GASAND,256,86,30,64,None,1,0,1,0,0,None,None,None,0,0
45=Nod,GASAND,256,85,30,64,None,1,0,1,0,0,None,None,None,0,0
46=Nod,GASAND,256,85,29,64,None,1,0,1,0,0,None,None,None,0,0
47=Nod,GASAND,256,84,29,64,None,1,0,1,0,0,None,None,None,0,0
48=Nod,GASAND,256,83,29,64,None,1,0,1,0,0,None,None,None,0,0
49=Nod,GASAND,256,82,29,64,None,1,0,1,0,0,None,None,None,0,0
50=Nod,GASAND,256,82,30,64,None,1,0,1,0,0,None,None,None,0,0
51=Nod,GASAND,256,81,30,64,None,1,0,1,0,0,None,None,None,0,0
52=Nod,GASAND,256,80,30,64,None,1,0,1,0,0,None,None,None,0,0
53=Nod,GASAND,256,80,31,64,None,1,0,1,0,0,None,None,None,0,0
54=Nod,GASAND,256,80,32,64,None,1,0,1,0,0,None,None,None,0,0
55=Nod,GASAND,256,80,33,64,None,1,0,1,0,0,None,None,None,0,0
56=Nod,GASAND,256,81,33,64,None,1,0,1,0,0,None,None,None,0,0
57=Nod,GASAND,256,82,33,64,None,1,0,1,0,0,None,None,None,0,0
58=Nod,GASAND,256,82,34,64,None,1,0,1,0,0,None,None,None,0,0
59=Nod,GASAND,256,83,34,64,None,1,0,1,0,0,None,None,None,0,0
60=Nod,GASAND,256,84,34,64,None,1,0,1,0,0,None,None,None,0,0
63=Nod,INBLULMP,256,64,37,64,01000040,1,0,1,0,0,None,None,None,0,0
64=Nod,INBLULMP,256,76,25,64,01000040,1,0,1,0,0,None,None,None,0,0
65=Neutral,INGRNLMP,256,100,66,64,None,1,0,1,0,0,None,None,None,0,0
66=Neutral,INGRNLMP,256,118,60,64,None,1,0,1,0,0,None,None,None,0,0
67=Neutral,INGRNLMP,256,57,86,64,None,1,0,1,0,0,None,None,None,0,0
68=Neutral,INGRNLMP,256,51,110,64,None,1,0,1,0,0,None,None,None,0,0
69=Neutral,INGRNLMP,256,68,18,64,None,1,0,1,0,0,None,None,None,0,0
70=Old base,GAOLDCC1,256,13,71,64,None,1,0,1,0,0,None,None,None,0,0
71=Old base,GAOLDCC5,256,12,73,64,None,1,0,1,0,0,None,None,None,0,0
72=Old base,GAOLDCC5,256,13,75,64,None,1,0,1,0,0,None,None,None,0,0
73=Old base,GAOLDCC6,256,15,70,64,None,1,0,1,0,0,None,None,None,0,0
74=Old base,GAOLDCC4,256,17,69,64,None,1,0,1,0,0,None,None,None,0,0
75=Neutral,CITY19,51,69,108,64,None,1,0,1,0,0,None,None,None,0,0
76=Neutral,CITY21,72,68,107,64,None,1,0,1,0,0,None,None,None,0,0
77=Neutral,CITY20,66,66,110,64,None,1,0,1,0,0,None,None,None,0,0
78=Neutral,CITY20,256,67,110,64,None,1,0,1,0,0,None,None,None,0,0
79=Neutral,CITY20,256,66,111,64,None,1,0,1,0,0,None,None,None,0,0
80=Neutral,CITY20,72,67,111,64,None,1,0,1,0,0,None,None,None,0,0
81=Neutral,CITY08,63,66,70,64,None,1,0,1,0,0,None,None,None,0,0
83=Neutral,CA0011,57,63,77,64,None,1,0,1,0,0,None,None,None,0,0
84=Neutral,CA0011,256,64,77,64,None,1,0,1,0,0,None,None,None,0,0
85=Neutral,INGRNLMP,256,16,73,64,None,1,0,1,0,0,None,None,None,0,0
86=Neutral,CA0014,84,70,78,64,None,1,0,1,0,0,None,None,None,0,0

[Tags]
01000001=0,map 1,01000000
01000003=0,prod 1,01000002
01000033=0,attack 1,01000032
01000036=0,win 1,01000035
01000038=0,lose 1,01000037
01000040=0,hunt 1,01000039
01000042=0,reveal 1,01000041
01000044=0,move camera 1,01000043
01000047=0,text 1 1,01000046
01000049=0,text 2 1,01000048
01000051=0,text 3 1,01000050
01000053=0,Mission start 1,01000052
01000055=2,obj remind 1,01000054
01000072=0,set music 1,01000071
01000074=0,see 1,01000073
01000076=0,see 2 1,01000075

[TaskForces]
0=01000004
1=01000005
2=01000008
3=01000009
4=01000014
5=01000015
6=01000021
7=01000022
8=01000023
9=01000031
10=01000056
11=01000057
12=01000058
13=01000062
14=01000063

[TeamTypes]
0=01000010
1=01000011
2=01000012
3=01000013
4=01000016
5=01000017
6=01000024
7=01000025
8=01000026
9=01000034
10=01000059
11=01000060
12=01000061
13=01000064
14=01000065

[Terrain]
19070=FONA12
19072=FONA06
20071=FONA14
21068=FONA06
22071=FONA09
23086=TREE06
23087=TREE02
24086=TREE04
24087=TREE10
24088=TREE07
24089=TREE03
25087=TREE05
25088=TREE05
25089=TREE07
25090=TREE10
26086=TREE02
26088=TREE06
26089=TREE07
26090=TREE05
26091=TREE01
27089=TREE01
27090=TREE05
27091=TREE07
27092=TREE03
28090=TREE07
28091=TREE10
28092=TREE05
28093=TREE01
29091=TREE01
29092=TREE05
29093=TREE07
30090=TREE01
30091=TREE05
32095=TREE04
32097=TREE06
33091=TREE07
33092=TREE03
33093=TREE02
33094=TREE04
33095=TREE05
33096=TREE03
33097=TREE05
33098=TREE02
33099=TREE10
34089=TREE04
34091=TREE05
34092=TREE10
34093=TREE08
35090=TREE06
35091=TREE08
35092=TREE07
36090=TREE01
36091=TREE01
45106=TREE01
45107=TREE01
45108=TREE01
46106=TREE02
46107=TREE02
46109=TREE06
47105=TREE01
47106=TREE01
47108=TREE05
47109=TREE04
48105=TREE06
48106=TREE06
48107=TREE02
48109=TREE02
49038=TREE04
49095=TREE06
49103=TREE05
49104=TREE06
49105=TREE05
50096=TREE02
50106=TREE05
50107=TREE05
53045=TREE03
59119=FONA14
60121=FONA11
61117=FONA13
61120=TREE01
62119=TREE02
62121=TREE01
63119=TREE06
63120=TREE02
63121=TREE02
65100=FONA11
65102=FONA08
65115=FONA08
65117=FONA09
65119=TREE02
66071=TREE03
66099=FONA06
66101=FONA15
67073=TREE08
68074=TREE06
68076=TREE06
69075=TREE10
70059=TREE07
71039=TREE10
71040=TREE02
71057=TREE05
71058=TREE10
72018=FONA13
72037=TREE05
72056=TREE03
72059=TREE05
73017=FONA07
73037=TREE04
73039=TREE03
73057=TREE10
73058=TREE01
74039=TREE05
75016=FONA11
75018=FONA14
78068=TREE06
79023=TREE02
80034=TREE07
80035=TREE01
81024=TREE08
81025=TREE04
81033=TREE06
82025=TREE03
82026=TREE07
82033=TREE02
82055=FONA10
82074=TREE06
82079=TREE05
83027=TREE06
83077=TREE01
83079=TREE02
83081=TREE02
84054=FONA11
84056=FONA09
84081=TREE02
85061=FONA14
85062=FONA09
85076=TREE08
85078=TREE05
85080=TREE03
85082=TREE01
86058=FONA15
86060=FONA07
87050=TREE05
88040=TREE02
88041=TREE06
88058=FONA08
89056=FONA14
90042=TREE08
90044=TREE02
90060=TREE06
91043=TREE04
92075=TREE04
92081=TIBTRE02
93074=TREE01
94074=TREE01
95074=TREE05
96076=TREE01
97074=TREE01
97075=TREE03
97078=TREE05
98070=TREE04
98077=TREE10
108049=FONA11
109048=FONA14
109060=TREE03
110056=TREE01
110058=TREE02
111053=FONA08
111058=TREE01
111060=TREE07
112052=FONA06
112054=FONA07
112056=TREE02
112057=TREE04
112059=TREE04
114054=FONA07

[Triggers]
01000000=GDI,<none>,map,1,1,1,1,0
01000002=Nod,<none>,prod,0,1,1,1,0
01000032=Nod,<none>,attack,1,1,1,1,0
01000035=GDI,<none>,win,0,1,1,1,0
01000037=GDI,<none>,lose,0,1,1,1,0
01000039=Nod,<none>,hunt,0,1,1,1,0
01000041=GDI,<none>,reveal,0,1,1,1,0
01000043=GDI,<none>,move camera,0,1,1,1,0
01000046=Nod,<none>,text 1,0,1,1,1,0
01000048=GDI,<none>,text 2,0,1,1,1,0
01000050=GDI,<none>,text 3,0,1,1,1,0
01000052=GDI,<none>,Mission start,0,1,1,1,0
01000054=GDI,<none>,obj remind,0,1,1,1,0
01000071=GDI,<none>,set music,0,1,1,1,0
01000073=GDI,<none>,see,0,1,1,1,0
01000075=GDI,<none>,see 2,0,1,1,1,0

[Tutorial]
1=Welcome Commander, to your first assignment.
2=We are reading some strange activities in the area.
3=So your task is to investigate the area and eliminate any threat you encounter.
4=Objective one: Investigate the area and eliminate any treat.
5=Looks like an Old Nod base from the tiberium war years ago.
6=WHAT THE HELL! They have a base here.

[Units]
0=Nod,HARV,256,49,63,64,Guard,None,0,-1,0,-1,1,0
1=Nod,HARV,256,47,74,64,Guard,None,0,-1,0,-1,1,0
2=GDI,MCV,256,109,73,192,Guard,None,0,-1,0,-1,1,0
3=GDI,AHUMV,256,103,74,192,Guard,None,0,-1,0,-1,1,0
4=GDI,AHUMV,256,103,72,192,Guard,None,0,-1,0,-1,1,0
5=GDI,AHUMV,256,101,73,192,Guard,None,0,-1,0,-1,1,0

[VariableNames]
0=Mission start,0
1=text,0

[Waypoints]
0=40063
1=73072
2=71078
3=73066
4=73081
5=73090
6=73098
7=73104
8=73017
9=38063
10=33069
11=34080
12=22076
13=44054
14=72024
15=96066
16=73070
98=73068



[Digest]
1=2/wj/ZPcza1sOgAnvm99mDwKb5I=

